% This file belongs to the TeX Gyre collection of fonts. The work is released
% under the GUST Font License. See the MANIFEST-TeX-Gyre-Adventor.txt
% and README-TeX-Gyre-Adventor.txt files for the details.
% For the most recent version of this license see
% http://www.gust.org.pl/fonts/licenses/GUST-FONT-LICENSE.txt or
% http://tug.org/fonts/licenses/GUST-FONT-LICENSE.txt
% 
qx-qagr TeXGyreAdventor-Regular "encqqx ReEncodeFont" <q-qx.enc <qagr.pfb
qx-qagri TeXGyreAdventor-Italic "encqqx ReEncodeFont" <q-qx.enc <qagri.pfb
qx-qagb TeXGyreAdventor-Bold "encqqx ReEncodeFont" <q-qx.enc <qagb.pfb
qx-qagbi TeXGyreAdventor-BoldItalic "encqqx ReEncodeFont" <q-qx.enc <qagbi.pfb
qx-qagr-sc TeXGyreAdventor-Regular "encqqxsc ReEncodeFont" <q-qx-sc.enc <qagr.pfb
qx-qagri-sc TeXGyreAdventor-Italic "encqqxsc ReEncodeFont" <q-qx-sc.enc <qagri.pfb
qx-qagb-sc TeXGyreAdventor-Bold "encqqxsc ReEncodeFont" <q-qx-sc.enc <qagb.pfb
qx-qagbi-sc TeXGyreAdventor-BoldItalic "encqqxsc ReEncodeFont" <q-qx-sc.enc <qagbi.pfb
