% This file belongs to the TeX Gyre collection of fonts. The work is released
% under the GUST Font License. See the MANIFEST-TeX-Gyre-Adventor.txt
% and README-TeX-Gyre-Adventor.txt files for the details.
% For the most recent version of this license see
% http://www.gust.org.pl/fonts/licenses/GUST-FONT-LICENSE.txt or
% http://tug.org/fonts/licenses/GUST-FONT-LICENSE.txt
% 
cs-qagr TeXGyreAdventor-Regular "encqcs ReEncodeFont" <q-cs.enc <qagr.pfb
cs-qagri TeXGyreAdventor-Italic "encqcs ReEncodeFont" <q-cs.enc <qagri.pfb
cs-qagb TeXGyreAdventor-Bold "encqcs ReEncodeFont" <q-cs.enc <qagb.pfb
cs-qagbi TeXGyreAdventor-BoldItalic "encqcs ReEncodeFont" <q-cs.enc <qagbi.pfb
cs-qagr-sc TeXGyreAdventor-Regular "encqcssc ReEncodeFont" <q-cs-sc.enc <qagr.pfb
cs-qagri-sc TeXGyreAdventor-Italic "encqcssc ReEncodeFont" <q-cs-sc.enc <qagri.pfb
cs-qagb-sc TeXGyreAdventor-Bold "encqcssc ReEncodeFont" <q-cs-sc.enc <qagb.pfb
cs-qagbi-sc TeXGyreAdventor-BoldItalic "encqcssc ReEncodeFont" <q-cs-sc.enc <qagbi.pfb
