% This file belongs to the TeX Gyre collection of fonts. The work is released
% under the GUST Font License. See the MANIFEST-TeX-Gyre-Bonum.txt
% and README-TeX-Gyre-Bonum.txt files for the details.
% For the most recent version of this license see
% http://www.gust.org.pl/fonts/licenses/GUST-FONT-LICENSE.txt or
% http://tug.org/fonts/licenses/GUST-FONT-LICENSE.txt
% 
l7x-qbkr TeXGyreBonum-Regular "encql7x ReEncodeFont" <q-l7x.enc <qbkr.pfb
l7x-qbkri TeXGyreBonum-Italic "encql7x ReEncodeFont" <q-l7x.enc <qbkri.pfb
l7x-qbkb TeXGyreBonum-Bold "encql7x ReEncodeFont" <q-l7x.enc <qbkb.pfb
l7x-qbkbi TeXGyreBonum-BoldItalic "encql7x ReEncodeFont" <q-l7x.enc <qbkbi.pfb
l7x-qbkr-sc TeXGyreBonum-Regular "encql7xsc ReEncodeFont" <q-l7x-sc.enc <qbkr.pfb
l7x-qbkri-sc TeXGyreBonum-Italic "encql7xsc ReEncodeFont" <q-l7x-sc.enc <qbkri.pfb
l7x-qbkb-sc TeXGyreBonum-Bold "encql7xsc ReEncodeFont" <q-l7x-sc.enc <qbkb.pfb
l7x-qbkbi-sc TeXGyreBonum-BoldItalic "encql7xsc ReEncodeFont" <q-l7x-sc.enc <qbkbi.pfb
