% This file belongs to the TeX Gyre collection of fonts. The work is released
% under the GUST Font License. See the MANIFEST-TeX-Gyre-Schola.txt
% and README-TeX-Gyre-Schola.txt files for the details.
% For the most recent version of this license see
% http://www.gust.org.pl/fonts/licenses/GUST-FONT-LICENSE.txt or
% http://tug.org/fonts/licenses/GUST-FONT-LICENSE.txt
% 
% This is the global map file for TeX Gyre Schola. It covers 
% all available encodings. 
 
cs-qcsr TeXGyreSchola-Regular "encqcs ReEncodeFont" <q-cs.enc <qcsr.pfb
cs-qcsri TeXGyreSchola-Italic "encqcs ReEncodeFont" <q-cs.enc <qcsri.pfb
cs-qcsb TeXGyreSchola-Bold "encqcs ReEncodeFont" <q-cs.enc <qcsb.pfb
cs-qcsbi TeXGyreSchola-BoldItalic "encqcs ReEncodeFont" <q-cs.enc <qcsbi.pfb
cs-qcsr-sc TeXGyreSchola-Regular "encqcssc ReEncodeFont" <q-cs-sc.enc <qcsr.pfb
cs-qcsri-sc TeXGyreSchola-Italic "encqcssc ReEncodeFont" <q-cs-sc.enc <qcsri.pfb
cs-qcsb-sc TeXGyreSchola-Bold "encqcssc ReEncodeFont" <q-cs-sc.enc <qcsb.pfb
cs-qcsbi-sc TeXGyreSchola-BoldItalic "encqcssc ReEncodeFont" <q-cs-sc.enc <qcsbi.pfb
ec-qcsr TeXGyreSchola-Regular "encqec ReEncodeFont" <q-ec.enc <qcsr.pfb
ec-qcsri TeXGyreSchola-Italic "encqec ReEncodeFont" <q-ec.enc <qcsri.pfb
ec-qcsb TeXGyreSchola-Bold "encqec ReEncodeFont" <q-ec.enc <qcsb.pfb
ec-qcsbi TeXGyreSchola-BoldItalic "encqec ReEncodeFont" <q-ec.enc <qcsbi.pfb
ec-qcsr-sc TeXGyreSchola-Regular "encqecsc ReEncodeFont" <q-ec-sc.enc <qcsr.pfb
ec-qcsri-sc TeXGyreSchola-Italic "encqecsc ReEncodeFont" <q-ec-sc.enc <qcsri.pfb
ec-qcsb-sc TeXGyreSchola-Bold "encqecsc ReEncodeFont" <q-ec-sc.enc <qcsb.pfb
ec-qcsbi-sc TeXGyreSchola-BoldItalic "encqecsc ReEncodeFont" <q-ec-sc.enc <qcsbi.pfb
l7x-qcsr TeXGyreSchola-Regular "encql7x ReEncodeFont" <q-l7x.enc <qcsr.pfb
l7x-qcsri TeXGyreSchola-Italic "encql7x ReEncodeFont" <q-l7x.enc <qcsri.pfb
l7x-qcsb TeXGyreSchola-Bold "encql7x ReEncodeFont" <q-l7x.enc <qcsb.pfb
l7x-qcsbi TeXGyreSchola-BoldItalic "encql7x ReEncodeFont" <q-l7x.enc <qcsbi.pfb
l7x-qcsr-sc TeXGyreSchola-Regular "encql7xsc ReEncodeFont" <q-l7x-sc.enc <qcsr.pfb
l7x-qcsri-sc TeXGyreSchola-Italic "encql7xsc ReEncodeFont" <q-l7x-sc.enc <qcsri.pfb
l7x-qcsb-sc TeXGyreSchola-Bold "encql7xsc ReEncodeFont" <q-l7x-sc.enc <qcsb.pfb
l7x-qcsbi-sc TeXGyreSchola-BoldItalic "encql7xsc ReEncodeFont" <q-l7x-sc.enc <qcsbi.pfb
qx-qcsr TeXGyreSchola-Regular "encqqx ReEncodeFont" <q-qx.enc <qcsr.pfb
qx-qcsri TeXGyreSchola-Italic "encqqx ReEncodeFont" <q-qx.enc <qcsri.pfb
qx-qcsb TeXGyreSchola-Bold "encqqx ReEncodeFont" <q-qx.enc <qcsb.pfb
qx-qcsbi TeXGyreSchola-BoldItalic "encqqx ReEncodeFont" <q-qx.enc <qcsbi.pfb
qx-qcsr-sc TeXGyreSchola-Regular "encqqxsc ReEncodeFont" <q-qx-sc.enc <qcsr.pfb
qx-qcsri-sc TeXGyreSchola-Italic "encqqxsc ReEncodeFont" <q-qx-sc.enc <qcsri.pfb
qx-qcsb-sc TeXGyreSchola-Bold "encqqxsc ReEncodeFont" <q-qx-sc.enc <qcsb.pfb
qx-qcsbi-sc TeXGyreSchola-BoldItalic "encqqxsc ReEncodeFont" <q-qx-sc.enc <qcsbi.pfb
rm-qcsr TeXGyreSchola-Regular "encqrm ReEncodeFont" <q-rm.enc <qcsr.pfb
rm-qcsri TeXGyreSchola-Italic "encqrm ReEncodeFont" <q-rm.enc <qcsri.pfb
rm-qcsb TeXGyreSchola-Bold "encqrm ReEncodeFont" <q-rm.enc <qcsb.pfb
rm-qcsbi TeXGyreSchola-BoldItalic "encqrm ReEncodeFont" <q-rm.enc <qcsbi.pfb
rm-qcsr-sc TeXGyreSchola-Regular "encqrmsc ReEncodeFont" <q-rm-sc.enc <qcsr.pfb
rm-qcsri-sc TeXGyreSchola-Italic "encqrmsc ReEncodeFont" <q-rm-sc.enc <qcsri.pfb
rm-qcsb-sc TeXGyreSchola-Bold "encqrmsc ReEncodeFont" <q-rm-sc.enc <qcsb.pfb
rm-qcsbi-sc TeXGyreSchola-BoldItalic "encqrmsc ReEncodeFont" <q-rm-sc.enc <qcsbi.pfb
texnansi-qcsr TeXGyreSchola-Regular "encqtexnansi ReEncodeFont" <q-texnansi.enc <qcsr.pfb
texnansi-qcsri TeXGyreSchola-Italic "encqtexnansi ReEncodeFont" <q-texnansi.enc <qcsri.pfb
texnansi-qcsb TeXGyreSchola-Bold "encqtexnansi ReEncodeFont" <q-texnansi.enc <qcsb.pfb
texnansi-qcsbi TeXGyreSchola-BoldItalic "encqtexnansi ReEncodeFont" <q-texnansi.enc <qcsbi.pfb
texnansi-qcsr-sc TeXGyreSchola-Regular "encqtexnansisc ReEncodeFont" <q-texnansi-sc.enc <qcsr.pfb
texnansi-qcsri-sc TeXGyreSchola-Italic "encqtexnansisc ReEncodeFont" <q-texnansi-sc.enc <qcsri.pfb
texnansi-qcsb-sc TeXGyreSchola-Bold "encqtexnansisc ReEncodeFont" <q-texnansi-sc.enc <qcsb.pfb
texnansi-qcsbi-sc TeXGyreSchola-BoldItalic "encqtexnansisc ReEncodeFont" <q-texnansi-sc.enc <qcsbi.pfb
t5-qcsr TeXGyreSchola-Regular "encqt5 ReEncodeFont" <q-t5.enc <qcsr.pfb
t5-qcsri TeXGyreSchola-Italic "encqt5 ReEncodeFont" <q-t5.enc <qcsri.pfb
t5-qcsb TeXGyreSchola-Bold "encqt5 ReEncodeFont" <q-t5.enc <qcsb.pfb
t5-qcsbi TeXGyreSchola-BoldItalic "encqt5 ReEncodeFont" <q-t5.enc <qcsbi.pfb
t5-qcsr-sc TeXGyreSchola-Regular "encqt5sc ReEncodeFont" <q-t5-sc.enc <qcsr.pfb
t5-qcsri-sc TeXGyreSchola-Italic "encqt5sc ReEncodeFont" <q-t5-sc.enc <qcsri.pfb
t5-qcsb-sc TeXGyreSchola-Bold "encqt5sc ReEncodeFont" <q-t5-sc.enc <qcsb.pfb
t5-qcsbi-sc TeXGyreSchola-BoldItalic "encqt5sc ReEncodeFont" <q-t5-sc.enc <qcsbi.pfb
ts1-qcsr TeXGyreSchola-Regular "encqts1 ReEncodeFont" <q-ts1.enc <qcsr.pfb
ts1-qcsri TeXGyreSchola-Italic "encqts1 ReEncodeFont" <q-ts1.enc <qcsri.pfb
ts1-qcsb TeXGyreSchola-Bold "encqts1 ReEncodeFont" <q-ts1.enc <qcsb.pfb
ts1-qcsbi TeXGyreSchola-BoldItalic "encqts1 ReEncodeFont" <q-ts1.enc <qcsbi.pfb
