% This file belongs to the TeX Gyre collection of fonts. The work is released
% under the GUST Font License. See the MANIFEST-TeX-Gyre-Heros.txt
% and README-TeX-Gyre-Heros.txt files for the details.
% For the most recent version of this license see
% http://www.gust.org.pl/fonts/licenses/GUST-FONT-LICENSE.txt or
% http://tug.org/fonts/licenses/GUST-FONT-LICENSE.txt
% 
% This is the global map file for TeX Gyre Heros. It covers 
% all available encodings. 
 
cs-qhvr TeXGyreHeros-Regular "encqcs ReEncodeFont" <q-cs.enc <qhvr.pfb
cs-qhvri TeXGyreHeros-Italic "encqcs ReEncodeFont" <q-cs.enc <qhvri.pfb
cs-qhvb TeXGyreHeros-Bold "encqcs ReEncodeFont" <q-cs.enc <qhvb.pfb
cs-qhvbi TeXGyreHeros-BoldItalic "encqcs ReEncodeFont" <q-cs.enc <qhvbi.pfb
cs-qhvcr TeXGyreHerosCondensed-Regular "encqcs ReEncodeFont" <q-cs.enc <qhvcr.pfb
cs-qhvcri TeXGyreHerosCondensed-Italic "encqcs ReEncodeFont" <q-cs.enc <qhvcri.pfb
cs-qhvcb TeXGyreHerosCondensed-Bold "encqcs ReEncodeFont" <q-cs.enc <qhvcb.pfb
cs-qhvcbi TeXGyreHerosCondensed-BoldItalic "encqcs ReEncodeFont" <q-cs.enc <qhvcbi.pfb
cs-qhvr-sc TeXGyreHeros-Regular "encqcssc ReEncodeFont" <q-cs-sc.enc <qhvr.pfb
cs-qhvri-sc TeXGyreHeros-Italic "encqcssc ReEncodeFont" <q-cs-sc.enc <qhvri.pfb
cs-qhvb-sc TeXGyreHeros-Bold "encqcssc ReEncodeFont" <q-cs-sc.enc <qhvb.pfb
cs-qhvbi-sc TeXGyreHeros-BoldItalic "encqcssc ReEncodeFont" <q-cs-sc.enc <qhvbi.pfb
cs-qhvcr-sc TeXGyreHerosCondensed-Regular "encqcssc ReEncodeFont" <q-cs-sc.enc <qhvcr.pfb
cs-qhvcri-sc TeXGyreHerosCondensed-Italic "encqcssc ReEncodeFont" <q-cs-sc.enc <qhvcri.pfb
cs-qhvcb-sc TeXGyreHerosCondensed-Bold "encqcssc ReEncodeFont" <q-cs-sc.enc <qhvcb.pfb
cs-qhvcbi-sc TeXGyreHerosCondensed-BoldItalic "encqcssc ReEncodeFont" <q-cs-sc.enc <qhvcbi.pfb
ec-qhvr TeXGyreHeros-Regular "encqec ReEncodeFont" <q-ec.enc <qhvr.pfb
ec-qhvri TeXGyreHeros-Italic "encqec ReEncodeFont" <q-ec.enc <qhvri.pfb
ec-qhvb TeXGyreHeros-Bold "encqec ReEncodeFont" <q-ec.enc <qhvb.pfb
ec-qhvbi TeXGyreHeros-BoldItalic "encqec ReEncodeFont" <q-ec.enc <qhvbi.pfb
ec-qhvcr TeXGyreHerosCondensed-Regular "encqec ReEncodeFont" <q-ec.enc <qhvcr.pfb
ec-qhvcri TeXGyreHerosCondensed-Italic "encqec ReEncodeFont" <q-ec.enc <qhvcri.pfb
ec-qhvcb TeXGyreHerosCondensed-Bold "encqec ReEncodeFont" <q-ec.enc <qhvcb.pfb
ec-qhvcbi TeXGyreHerosCondensed-BoldItalic "encqec ReEncodeFont" <q-ec.enc <qhvcbi.pfb
ec-qhvr-sc TeXGyreHeros-Regular "encqecsc ReEncodeFont" <q-ec-sc.enc <qhvr.pfb
ec-qhvri-sc TeXGyreHeros-Italic "encqecsc ReEncodeFont" <q-ec-sc.enc <qhvri.pfb
ec-qhvb-sc TeXGyreHeros-Bold "encqecsc ReEncodeFont" <q-ec-sc.enc <qhvb.pfb
ec-qhvbi-sc TeXGyreHeros-BoldItalic "encqecsc ReEncodeFont" <q-ec-sc.enc <qhvbi.pfb
ec-qhvcr-sc TeXGyreHerosCondensed-Regular "encqecsc ReEncodeFont" <q-ec-sc.enc <qhvcr.pfb
ec-qhvcri-sc TeXGyreHerosCondensed-Italic "encqecsc ReEncodeFont" <q-ec-sc.enc <qhvcri.pfb
ec-qhvcb-sc TeXGyreHerosCondensed-Bold "encqecsc ReEncodeFont" <q-ec-sc.enc <qhvcb.pfb
ec-qhvcbi-sc TeXGyreHerosCondensed-BoldItalic "encqecsc ReEncodeFont" <q-ec-sc.enc <qhvcbi.pfb
l7x-qhvr TeXGyreHeros-Regular "encql7x ReEncodeFont" <q-l7x.enc <qhvr.pfb
l7x-qhvri TeXGyreHeros-Italic "encql7x ReEncodeFont" <q-l7x.enc <qhvri.pfb
l7x-qhvb TeXGyreHeros-Bold "encql7x ReEncodeFont" <q-l7x.enc <qhvb.pfb
l7x-qhvbi TeXGyreHeros-BoldItalic "encql7x ReEncodeFont" <q-l7x.enc <qhvbi.pfb
l7x-qhvcr TeXGyreHerosCondensed-Regular "encql7x ReEncodeFont" <q-l7x.enc <qhvcr.pfb
l7x-qhvcri TeXGyreHerosCondensed-Italic "encql7x ReEncodeFont" <q-l7x.enc <qhvcri.pfb
l7x-qhvcb TeXGyreHerosCondensed-Bold "encql7x ReEncodeFont" <q-l7x.enc <qhvcb.pfb
l7x-qhvcbi TeXGyreHerosCondensed-BoldItalic "encql7x ReEncodeFont" <q-l7x.enc <qhvcbi.pfb
l7x-qhvr-sc TeXGyreHeros-Regular "encql7xsc ReEncodeFont" <q-l7x-sc.enc <qhvr.pfb
l7x-qhvri-sc TeXGyreHeros-Italic "encql7xsc ReEncodeFont" <q-l7x-sc.enc <qhvri.pfb
l7x-qhvb-sc TeXGyreHeros-Bold "encql7xsc ReEncodeFont" <q-l7x-sc.enc <qhvb.pfb
l7x-qhvbi-sc TeXGyreHeros-BoldItalic "encql7xsc ReEncodeFont" <q-l7x-sc.enc <qhvbi.pfb
l7x-qhvcr-sc TeXGyreHerosCondensed-Regular "encql7xsc ReEncodeFont" <q-l7x-sc.enc <qhvcr.pfb
l7x-qhvcri-sc TeXGyreHerosCondensed-Italic "encql7xsc ReEncodeFont" <q-l7x-sc.enc <qhvcri.pfb
l7x-qhvcb-sc TeXGyreHerosCondensed-Bold "encql7xsc ReEncodeFont" <q-l7x-sc.enc <qhvcb.pfb
l7x-qhvcbi-sc TeXGyreHerosCondensed-BoldItalic "encql7xsc ReEncodeFont" <q-l7x-sc.enc <qhvcbi.pfb
qx-qhvr TeXGyreHeros-Regular "encqqx ReEncodeFont" <q-qx.enc <qhvr.pfb
qx-qhvri TeXGyreHeros-Italic "encqqx ReEncodeFont" <q-qx.enc <qhvri.pfb
qx-qhvb TeXGyreHeros-Bold "encqqx ReEncodeFont" <q-qx.enc <qhvb.pfb
qx-qhvbi TeXGyreHeros-BoldItalic "encqqx ReEncodeFont" <q-qx.enc <qhvbi.pfb
qx-qhvcr TeXGyreHerosCondensed-Regular "encqqx ReEncodeFont" <q-qx.enc <qhvcr.pfb
qx-qhvcri TeXGyreHerosCondensed-Italic "encqqx ReEncodeFont" <q-qx.enc <qhvcri.pfb
qx-qhvcb TeXGyreHerosCondensed-Bold "encqqx ReEncodeFont" <q-qx.enc <qhvcb.pfb
qx-qhvcbi TeXGyreHerosCondensed-BoldItalic "encqqx ReEncodeFont" <q-qx.enc <qhvcbi.pfb
qx-qhvr-sc TeXGyreHeros-Regular "encqqxsc ReEncodeFont" <q-qx-sc.enc <qhvr.pfb
qx-qhvri-sc TeXGyreHeros-Italic "encqqxsc ReEncodeFont" <q-qx-sc.enc <qhvri.pfb
qx-qhvb-sc TeXGyreHeros-Bold "encqqxsc ReEncodeFont" <q-qx-sc.enc <qhvb.pfb
qx-qhvbi-sc TeXGyreHeros-BoldItalic "encqqxsc ReEncodeFont" <q-qx-sc.enc <qhvbi.pfb
qx-qhvcr-sc TeXGyreHerosCondensed-Regular "encqqxsc ReEncodeFont" <q-qx-sc.enc <qhvcr.pfb
qx-qhvcri-sc TeXGyreHerosCondensed-Italic "encqqxsc ReEncodeFont" <q-qx-sc.enc <qhvcri.pfb
qx-qhvcb-sc TeXGyreHerosCondensed-Bold "encqqxsc ReEncodeFont" <q-qx-sc.enc <qhvcb.pfb
qx-qhvcbi-sc TeXGyreHerosCondensed-BoldItalic "encqqxsc ReEncodeFont" <q-qx-sc.enc <qhvcbi.pfb
rm-qhvr TeXGyreHeros-Regular "encqrm ReEncodeFont" <q-rm.enc <qhvr.pfb
rm-qhvri TeXGyreHeros-Italic "encqrm ReEncodeFont" <q-rm.enc <qhvri.pfb
rm-qhvb TeXGyreHeros-Bold "encqrm ReEncodeFont" <q-rm.enc <qhvb.pfb
rm-qhvbi TeXGyreHeros-BoldItalic "encqrm ReEncodeFont" <q-rm.enc <qhvbi.pfb
rm-qhvcr TeXGyreHerosCondensed-Regular "encqrm ReEncodeFont" <q-rm.enc <qhvcr.pfb
rm-qhvcri TeXGyreHerosCondensed-Italic "encqrm ReEncodeFont" <q-rm.enc <qhvcri.pfb
rm-qhvcb TeXGyreHerosCondensed-Bold "encqrm ReEncodeFont" <q-rm.enc <qhvcb.pfb
rm-qhvcbi TeXGyreHerosCondensed-BoldItalic "encqrm ReEncodeFont" <q-rm.enc <qhvcbi.pfb
rm-qhvr-sc TeXGyreHeros-Regular "encqrmsc ReEncodeFont" <q-rm-sc.enc <qhvr.pfb
rm-qhvri-sc TeXGyreHeros-Italic "encqrmsc ReEncodeFont" <q-rm-sc.enc <qhvri.pfb
rm-qhvb-sc TeXGyreHeros-Bold "encqrmsc ReEncodeFont" <q-rm-sc.enc <qhvb.pfb
rm-qhvbi-sc TeXGyreHeros-BoldItalic "encqrmsc ReEncodeFont" <q-rm-sc.enc <qhvbi.pfb
rm-qhvcr-sc TeXGyreHerosCondensed-Regular "encqrmsc ReEncodeFont" <q-rm-sc.enc <qhvcr.pfb
rm-qhvcri-sc TeXGyreHerosCondensed-Italic "encqrmsc ReEncodeFont" <q-rm-sc.enc <qhvcri.pfb
rm-qhvcb-sc TeXGyreHerosCondensed-Bold "encqrmsc ReEncodeFont" <q-rm-sc.enc <qhvcb.pfb
rm-qhvcbi-sc TeXGyreHerosCondensed-BoldItalic "encqrmsc ReEncodeFont" <q-rm-sc.enc <qhvcbi.pfb
texnansi-qhvr TeXGyreHeros-Regular "encqtexnansi ReEncodeFont" <q-texnansi.enc <qhvr.pfb
texnansi-qhvri TeXGyreHeros-Italic "encqtexnansi ReEncodeFont" <q-texnansi.enc <qhvri.pfb
texnansi-qhvb TeXGyreHeros-Bold "encqtexnansi ReEncodeFont" <q-texnansi.enc <qhvb.pfb
texnansi-qhvbi TeXGyreHeros-BoldItalic "encqtexnansi ReEncodeFont" <q-texnansi.enc <qhvbi.pfb
texnansi-qhvcr TeXGyreHerosCondensed-Regular "encqtexnansi ReEncodeFont" <q-texnansi.enc <qhvcr.pfb
texnansi-qhvcri TeXGyreHerosCondensed-Italic "encqtexnansi ReEncodeFont" <q-texnansi.enc <qhvcri.pfb
texnansi-qhvcb TeXGyreHerosCondensed-Bold "encqtexnansi ReEncodeFont" <q-texnansi.enc <qhvcb.pfb
texnansi-qhvcbi TeXGyreHerosCondensed-BoldItalic "encqtexnansi ReEncodeFont" <q-texnansi.enc <qhvcbi.pfb
texnansi-qhvr-sc TeXGyreHeros-Regular "encqtexnansisc ReEncodeFont" <q-texnansi-sc.enc <qhvr.pfb
texnansi-qhvri-sc TeXGyreHeros-Italic "encqtexnansisc ReEncodeFont" <q-texnansi-sc.enc <qhvri.pfb
texnansi-qhvb-sc TeXGyreHeros-Bold "encqtexnansisc ReEncodeFont" <q-texnansi-sc.enc <qhvb.pfb
texnansi-qhvbi-sc TeXGyreHeros-BoldItalic "encqtexnansisc ReEncodeFont" <q-texnansi-sc.enc <qhvbi.pfb
texnansi-qhvcr-sc TeXGyreHerosCondensed-Regular "encqtexnansisc ReEncodeFont" <q-texnansi-sc.enc <qhvcr.pfb
texnansi-qhvcri-sc TeXGyreHerosCondensed-Italic "encqtexnansisc ReEncodeFont" <q-texnansi-sc.enc <qhvcri.pfb
texnansi-qhvcb-sc TeXGyreHerosCondensed-Bold "encqtexnansisc ReEncodeFont" <q-texnansi-sc.enc <qhvcb.pfb
texnansi-qhvcbi-sc TeXGyreHerosCondensed-BoldItalic "encqtexnansisc ReEncodeFont" <q-texnansi-sc.enc <qhvcbi.pfb
t5-qhvr TeXGyreHeros-Regular "encqt5 ReEncodeFont" <q-t5.enc <qhvr.pfb
t5-qhvri TeXGyreHeros-Italic "encqt5 ReEncodeFont" <q-t5.enc <qhvri.pfb
t5-qhvb TeXGyreHeros-Bold "encqt5 ReEncodeFont" <q-t5.enc <qhvb.pfb
t5-qhvbi TeXGyreHeros-BoldItalic "encqt5 ReEncodeFont" <q-t5.enc <qhvbi.pfb
t5-qhvcr TeXGyreHerosCondensed-Regular "encqt5 ReEncodeFont" <q-t5.enc <qhvcr.pfb
t5-qhvcri TeXGyreHerosCondensed-Italic "encqt5 ReEncodeFont" <q-t5.enc <qhvcri.pfb
t5-qhvcb TeXGyreHerosCondensed-Bold "encqt5 ReEncodeFont" <q-t5.enc <qhvcb.pfb
t5-qhvcbi TeXGyreHerosCondensed-BoldItalic "encqt5 ReEncodeFont" <q-t5.enc <qhvcbi.pfb
t5-qhvr-sc TeXGyreHeros-Regular "encqt5sc ReEncodeFont" <q-t5-sc.enc <qhvr.pfb
t5-qhvri-sc TeXGyreHeros-Italic "encqt5sc ReEncodeFont" <q-t5-sc.enc <qhvri.pfb
t5-qhvb-sc TeXGyreHeros-Bold "encqt5sc ReEncodeFont" <q-t5-sc.enc <qhvb.pfb
t5-qhvbi-sc TeXGyreHeros-BoldItalic "encqt5sc ReEncodeFont" <q-t5-sc.enc <qhvbi.pfb
t5-qhvcr-sc TeXGyreHerosCondensed-Regular "encqt5sc ReEncodeFont" <q-t5-sc.enc <qhvcr.pfb
t5-qhvcri-sc TeXGyreHerosCondensed-Italic "encqt5sc ReEncodeFont" <q-t5-sc.enc <qhvcri.pfb
t5-qhvcb-sc TeXGyreHerosCondensed-Bold "encqt5sc ReEncodeFont" <q-t5-sc.enc <qhvcb.pfb
t5-qhvcbi-sc TeXGyreHerosCondensed-BoldItalic "encqt5sc ReEncodeFont" <q-t5-sc.enc <qhvcbi.pfb
ts1-qhvr TeXGyreHeros-Regular "encqts1 ReEncodeFont" <q-ts1.enc <qhvr.pfb
ts1-qhvri TeXGyreHeros-Italic "encqts1 ReEncodeFont" <q-ts1.enc <qhvri.pfb
ts1-qhvb TeXGyreHeros-Bold "encqts1 ReEncodeFont" <q-ts1.enc <qhvb.pfb
ts1-qhvbi TeXGyreHeros-BoldItalic "encqts1 ReEncodeFont" <q-ts1.enc <qhvbi.pfb
ts1-qhvcr TeXGyreHerosCondensed-Regular "encqts1 ReEncodeFont" <q-ts1.enc <qhvcr.pfb
ts1-qhvcri TeXGyreHerosCondensed-Italic "encqts1 ReEncodeFont" <q-ts1.enc <qhvcri.pfb
ts1-qhvcb TeXGyreHerosCondensed-Bold "encqts1 ReEncodeFont" <q-ts1.enc <qhvcb.pfb
ts1-qhvcbi TeXGyreHerosCondensed-BoldItalic "encqts1 ReEncodeFont" <q-ts1.enc <qhvcbi.pfb
