% This file belongs to the TeX Gyre collection of fonts. The work is released
% under the GUST Font License. See the MANIFEST-TeX-Gyre-Pagella.txt
% and README-TeX-Gyre-Pagella.txt files for the details.
% For the most recent version of this license see
% http://www.gust.org.pl/fonts/licenses/GUST-FONT-LICENSE.txt or
% http://tug.org/fonts/licenses/GUST-FONT-LICENSE.txt
% 
l7x-qplr TeXGyrePagella-Regular "encql7x ReEncodeFont" <q-l7x.enc <qplr.pfb
l7x-qplri TeXGyrePagella-Italic "encql7x ReEncodeFont" <q-l7x.enc <qplri.pfb
l7x-qplb TeXGyrePagella-Bold "encql7x ReEncodeFont" <q-l7x.enc <qplb.pfb
l7x-qplbi TeXGyrePagella-BoldItalic "encql7x ReEncodeFont" <q-l7x.enc <qplbi.pfb
l7x-qplr-sc TeXGyrePagella-Regular "encql7xsc ReEncodeFont" <q-l7x-sc.enc <qplr.pfb
l7x-qplri-sc TeXGyrePagella-Italic "encql7xsc ReEncodeFont" <q-l7x-sc.enc <qplri.pfb
l7x-qplb-sc TeXGyrePagella-Bold "encql7xsc ReEncodeFont" <q-l7x-sc.enc <qplb.pfb
l7x-qplbi-sc TeXGyrePagella-BoldItalic "encql7xsc ReEncodeFont" <q-l7x-sc.enc <qplbi.pfb
