dozchars10 <[tex256.enc <dozchars10.pfb " TeXBase1Encoding ReEncodeFont "
dozchars12 <[tex256.enc <dozchars12.pfb " TeXBase1Encoding ReEncodeFont "
dozchars17 <[tex256.enc <dozchars17.pfb " TeXBase1Encoding ReEncodeFont "
dozchars6 <[tex256.enc <dozchars6.pfb " TeXBase1Encoding ReEncodeFont "
dozchars7 <[tex256.enc <dozchars7.pfb " TeXBase1Encoding ReEncodeFont "
dozchars8 <[tex256.enc <dozchars8.pfb " TeXBase1Encoding ReEncodeFont "
dozchars9 <[tex256.enc <dozchars9.pfb " TeXBase1Encoding ReEncodeFont "
dozchb10 <[tex256.enc <dozchb10.pfb " TeXBase1Encoding ReEncodeFont "
dozchbx10 <[tex256.enc <dozchbx10.pfb " TeXBase1Encoding ReEncodeFont "
dozchbx12 <[tex256.enc <dozchbx12.pfb " TeXBase1Encoding ReEncodeFont "
dozchbx5 <[tex256.enc <dozchbx5.pfb " TeXBase1Encoding ReEncodeFont "
dozchbx6 <[tex256.enc <dozchbx6.pfb " TeXBase1Encoding ReEncodeFont "
dozchbx7 <[tex256.enc <dozchbx7.pfb " TeXBase1Encoding ReEncodeFont "
dozchbx8 <[tex256.enc <dozchbx8.pfb " TeXBase1Encoding ReEncodeFont "
dozchbx9 <[tex256.enc <dozchbx9.pfb " TeXBase1Encoding ReEncodeFont "
dozchbxi10 <[tex256.enc <dozchbxi10.pfb " TeXBase1Encoding ReEncodeFont "
dozchbxsl10 <[tex256.enc <dozchbxsl10.pfb " TeXBase1Encoding ReEncodeFont "
dozchit10 <[tex256.enc <dozchit10.pfb " TeXBase1Encoding ReEncodeFont "
dozchit12 <[tex256.enc <dozchit12.pfb " TeXBase1Encoding ReEncodeFont "
dozchit7 <[tex256.enc <dozchit7.pfb " TeXBase1Encoding ReEncodeFont "
dozchit8 <[tex256.enc <dozchit8.pfb " TeXBase1Encoding ReEncodeFont "
dozchit9 <[tex256.enc <dozchit9.pfb " TeXBase1Encoding ReEncodeFont "
dozchsl10 <[tex256.enc <dozchsl10.pfb " TeXBase1Encoding ReEncodeFont "
dozchsl12 <[tex256.enc <dozchsl12.pfb " TeXBase1Encoding ReEncodeFont "
dozchsl8 <[tex256.enc <dozchsl8.pfb " TeXBase1Encoding ReEncodeFont "
dozchsl9 <[tex256.enc <dozchsl9.pfb " TeXBase1Encoding ReEncodeFont "
