% This file belongs to the Latin Modern package. The work is released under
% the GUST Font License. See the MANIFEST-Latin-Modern.txt and
% README-Latin-Modern.txt files for the details. For the most recent version of
% this license see http://www.gust.org.pl/fonts/licenses/GUST-FONT-LICENSE.txt
% or http://tug.org/fonts/licenses/GUST-FONT-LICENSE.txt

% Support for CM math fonts in Type1 format:
% map lines which replace part of the cmother-bsr.map.
% 21.01.2008: PostScript internal font names changed

cmbsy5   LMMathSymbols5-Bold       "enclmmathsy ReEncodeFont"  <lm-mathsy.enc  <lmbsy5.pfb
cmbsy7   LMMathSymbols7-Bold       "enclmmathsy ReEncodeFont"  <lm-mathsy.enc  <lmbsy7.pfb
cmbsy10  LMMathSymbols10-Bold      "enclmmathsy ReEncodeFont"  <lm-mathsy.enc  <lmbsy10.pfb
cmsy5    LMMathSymbols5-Regular    "enclmmathsy ReEncodeFont"  <lm-mathsy.enc  <lmsy5.pfb
cmsy6    LMMathSymbols6-Regular    "enclmmathsy ReEncodeFont"  <lm-mathsy.enc  <lmsy6.pfb
cmsy7    LMMathSymbols7-Regular    "enclmmathsy ReEncodeFont"  <lm-mathsy.enc  <lmsy7.pfb
cmsy8    LMMathSymbols8-Regular    "enclmmathsy ReEncodeFont"  <lm-mathsy.enc  <lmsy8.pfb
cmsy9    LMMathSymbols9-Regular    "enclmmathsy ReEncodeFont"  <lm-mathsy.enc  <lmsy9.pfb
cmsy10   LMMathSymbols10-Regular   "enclmmathsy ReEncodeFont"  <lm-mathsy.enc  <lmsy10.pfb
cmex10   LMMathExtension10-Regular "enclmmathex ReEncodeFont"  <lm-mathex.enc  <lmex10.pfb
cmmi5    LMMathItalic5-Regular     "enclmmathit ReEncodeFont"  <lm-mathit.enc  <lmmi5.pfb
cmmi6    LMMathItalic6-Regular     "enclmmathit ReEncodeFont"  <lm-mathit.enc  <lmmi6.pfb
cmmi7    LMMathItalic7-Regular     "enclmmathit ReEncodeFont"  <lm-mathit.enc  <lmmi7.pfb
cmmi8    LMMathItalic8-Regular     "enclmmathit ReEncodeFont"  <lm-mathit.enc  <lmmi8.pfb
cmmi9    LMMathItalic9-Regular     "enclmmathit ReEncodeFont"  <lm-mathit.enc  <lmmi9.pfb
cmmi10   LMMathItalic10-Regular    "enclmmathit ReEncodeFont"  <lm-mathit.enc  <lmmi10.pfb
cmmi12   LMMathItalic12-Regular    "enclmmathit ReEncodeFont"  <lm-mathit.enc  <lmmi12.pfb
cmmib5   LMMathItalic5-Bold        "enclmmathit ReEncodeFont"  <lm-mathit.enc  <lmmib5.pfb
cmmib7   LMMathItalic7-Bold        "enclmmathit ReEncodeFont"  <lm-mathit.enc  <lmmib7.pfb
cmmib10  LMMathItalic10-Bold       "enclmmathit ReEncodeFont"  <lm-mathit.enc  <lmmib10.pfb
