zcoN-Oblique-ot2--base zcoN-Oblique " nimbus15monoot2Enc ReEncodeFont " <nimbus15mono-ot2.enc <zcoN-Oblique.pfb
zcoN-Oblique-ts1 zcoN-Oblique " otftotfmTS1Encoding ReEncodeFont " <fontools_ts1.enc <zcoN-Oblique.pfb
zcoN-Oblique-t1 zcoN-Oblique " nimbusmonoECEncoding ReEncodeFont " <nimbus15mono-ec.enc <zcoN-Oblique.pfb
zcoN-Oblique-t2a zcoN-Oblique " nimbusmonoT2Aenc ReEncodeFont " <nimbus15mono-t2a.enc <zcoN-Oblique.pfb
zcoN-Oblique-t2b zcoN-Oblique " nimbusmonoT2Benc ReEncodeFont " <nimbus15mono-t2b.enc <zcoN-Oblique.pfb
zcoN-Oblique-t2c zcoN-Oblique " nimbusmonoT2Cenc ReEncodeFont " <nimbus15mono-t2c.enc <zcoN-Oblique.pfb
zcoN-Oblique-lgr zcoN-Oblique " nimbusLGRenc ReEncodeFont " <nimbus15mono-lgr.enc <zcoN-Oblique.pfb
zcoN-Oblique-ot1 zcoN-Oblique " NimbusMonoOT1Enc ReEncodeFont " <nimbus15mono-ot1.enc <zcoN-Oblique.pfb
zcoN-Regular-ot2--base zcoN-Regular " nimbus15monoot2Enc ReEncodeFont " <nimbus15mono-ot2.enc <zcoN-Regular.pfb
zcoN-Regular-ts1 zcoN-Regular " otftotfmTS1Encoding ReEncodeFont " <fontools_ts1.enc <zcoN-Regular.pfb
zcoN-Regular-t1 zcoN-Regular " nimbusmonoECEncoding ReEncodeFont " <nimbus15mono-ec.enc <zcoN-Regular.pfb
zcoN-Regular-t2a zcoN-Regular " nimbusmonoT2Aenc ReEncodeFont " <nimbus15mono-t2a.enc <zcoN-Regular.pfb
zcoN-Regular-t2b zcoN-Regular " nimbusmonoT2Benc ReEncodeFont " <nimbus15mono-t2b.enc <zcoN-Regular.pfb
zcoN-Regular-t2c zcoN-Regular " nimbusmonoT2Cenc ReEncodeFont " <nimbus15mono-t2c.enc <zcoN-Regular.pfb
zcoN-Regular-lgr zcoN-Regular " nimbusLGRenc ReEncodeFont " <nimbus15mono-lgr.enc <zcoN-Regular.pfb
zcoN-Regular-ot1 zcoN-Regular " NimbusMonoOT1Enc ReEncodeFont " <nimbus15mono-ot1.enc <zcoN-Regular.pfb
zco-Light-ot2--base zco-Light " nimbus15monoot2Enc ReEncodeFont " <nimbus15mono-ot2.enc <zco-Light.pfb
zco-LightOblique-ot2--base zco-LightOblique " nimbus15monoot2Enc ReEncodeFont " <nimbus15-ot2.enc <zco-LightOblique.pfb
zco-Regular-ot2--base zco-Regular " nimbus15monoot2Enc ReEncodeFont " <nimbus15mono-ot2.enc <zco-Regular.pfb
zco-Bold-ot2--base zco-Bold " nimbus15monoot2Enc ReEncodeFont " <nimbus15mono-ot2.enc <zco-Bold.pfb
zco-Oblique-ot2--base zco-Oblique " nimbus15monoot2Enc ReEncodeFont " <nimbus15mono-ot2.enc <zco-Oblique.pfb
zco-BoldOblique-ot2--base zco-BoldOblique " nimbus15monoot2Enc ReEncodeFont " <nimbus15mono-ot2.enc <zco-BoldOblique.pfb
zhv-Reg-ot2--base zhv-Reg " nimbus15ot2Enc ReEncodeFont " <nimbus15-ot2.enc <zhv-Reg.pfb
zhv-Bol-ot2--base zhv-Bol " nimbus15ot2Enc ReEncodeFont " <nimbus15-ot2.enc <zhv-Bol.pfb
zhv-RegIta-ot2--base zhv-RegIta " nimbus15ot2Enc ReEncodeFont " <nimbus15-ot2.enc <zhv-RegIta.pfb
zhv-BolIta-ot2--base zhv-BolIta " nimbus15ot2Enc ReEncodeFont " <nimbus15-ot2.enc <zhv-BolIta.pfb
ztm-Reg-ot2--base ztm-Reg " nimbus15ot2Enc ReEncodeFont " <nimbus15-ot2.enc <ztm-Reg.pfb
ztm-Med-ot2--base ztm-Med " nimbus15ot2Enc ReEncodeFont " <nimbus15-ot2.enc <ztm-Med.pfb
ztm-RegIta-ot2--base ztm-RegIta " nimbus15ot2Enc ReEncodeFont " <nimbus15-ot2.enc <ztm-RegIta.pfb
ztm-MedIta-ot2--base ztm-MedIta " nimbus15ot2Enc ReEncodeFont " <nimbus15-ot2.enc <ztm-MedIta.pfb
zco-Light-ts1 zco-Light " otftotfmTS1Encoding ReEncodeFont " <fontools_ts1.enc <zco-Light.pfb
zco-LightOblique-ts1 zco-LightOblique " otftotfmTS1Encoding ReEncodeFont " <fontools_ts1.enc <zco-LightOblique.pfb
zco-Light-t1 zco-Light " nimbusmonoECEncoding ReEncodeFont " <nimbus15mono-ec.enc <zco-Light.pfb
zco-LightOblique-t1 zco-LightOblique " nimbusmonoECEncoding ReEncodeFont " <nimbus15mono-ec.enc <zco-LightOblique.pfb
zco-Light-t2a zco-Light " nimbusmonoT2Aenc ReEncodeFont " <nimbus15mono-t2a.enc <zco-Light.pfb
zco-LightOblique-t2a zco-LightOblique " nimbusmonoT2Aenc ReEncodeFont " <nimbus15mono-t2a.enc <zco-LightOblique.pfb
zco-Light-t2b zco-Light " nimbusmonoT2Benc ReEncodeFont " <nimbus15mono-t2b.enc <zco-Light.pfb
zco-LightOblique-t2b zco-LightOblique " nimbusmonoT2Benc ReEncodeFont " <nimbus15mono-t2b.enc <zco-LightOblique.pfb
zco-Light-t2c zco-Light " nimbusmonoT2Cenc ReEncodeFont " <nimbus15mono-t2c.enc <zco-Light.pfb
zco-LightOblique-t2c zco-LightOblique " nimbusmonoT2Cenc ReEncodeFont " <nimbus15mono-t2c.enc <zco-LightOblique.pfb
zco-Light-lgr zco-Light " nimbusLGRenc ReEncodeFont " <nimbus15mono-lgr.enc <zco-Light.pfb
zco-LightOblique-lgr zco-LightOblique " nimbusLGRenc ReEncodeFont " <nimbus15mono-lgr.enc <zco-LightOblique.pfb
zco-Regular-ts1 zco-Regular " otftotfmTS1Encoding ReEncodeFont " <fontools_ts1.enc <zco-Regular.pfb
zco-Bold-ts1 zco-Bold " otftotfmTS1Encoding ReEncodeFont " <fontools_ts1.enc <zco-Bold.pfb
zco-Oblique-ts1 zco-Oblique " otftotfmTS1Encoding ReEncodeFont " <fontools_ts1.enc <zco-Oblique.pfb
zco-BoldOblique-ts1 zco-BoldOblique " otftotfmTS1Encoding ReEncodeFont " <fontools_ts1.enc <zco-BoldOblique.pfb
zco-Regular-t1 zco-Regular " nimbusmonoECEncoding ReEncodeFont " <nimbus15mono-ec.enc <zco-Regular.pfb
zco-Bold-t1 zco-Bold " nimbusmonoECEncoding ReEncodeFont " <nimbus15mono-ec.enc <zco-Bold.pfb
zco-Oblique-t1 zco-Oblique " nimbusmonoECEncoding ReEncodeFont " <nimbus15mono-ec.enc <zco-Oblique.pfb
zco-BoldOblique-t1 zco-BoldOblique " nimbusmonoECEncoding ReEncodeFont " <nimbus15mono-ec.enc <zco-BoldOblique.pfb
zco-Regular-t2a zco-Regular " nimbusmonoT2Aenc ReEncodeFont " <nimbus15mono-t2a.enc <zco-Regular.pfb
zco-Bold-t2a zco-Bold " nimbusmonoT2Aenc ReEncodeFont " <nimbus15mono-t2a.enc <zco-Bold.pfb
zco-Oblique-t2a zco-Oblique " nimbusmonoT2Aenc ReEncodeFont " <nimbus15mono-t2a.enc <zco-Oblique.pfb
zco-BoldOblique-t2a zco-BoldOblique " nimbusmonoT2Aenc ReEncodeFont " <nimbus15mono-t2a.enc <zco-BoldOblique.pfb
zco-Regular-t2b zco-Regular " nimbusmonoT2Benc ReEncodeFont " <nimbus15mono-t2b.enc <zco-Regular.pfb
zco-Bold-t2b zco-Bold " nimbusmonoT2Benc ReEncodeFont " <nimbus15mono-t2b.enc <zco-Bold.pfb
zco-Oblique-t2b zco-Oblique " nimbusmonoT2Benc ReEncodeFont " <nimbus15mono-t2b.enc <zco-Oblique.pfb
zco-BoldOblique-t2b zco-BoldOblique " nimbusmonoT2Benc ReEncodeFont " <nimbus15mono-t2b.enc <zco-BoldOblique.pfb
zco-Regular-t2c zco-Regular " nimbusmonoT2Cenc ReEncodeFont " <nimbus15mono-t2c.enc <zco-Regular.pfb
zco-Bold-t2c zco-Bold " nimbusmonoT2Cenc ReEncodeFont " <nimbus15mono-t2c.enc <zco-Bold.pfb
zco-Oblique-t2c zco-Oblique " nimbusmonoT2Cenc ReEncodeFont " <nimbus15mono-t2c.enc <zco-Oblique.pfb
zco-BoldOblique-t2c zco-BoldOblique " nimbusmonoT2Cenc ReEncodeFont " <nimbus15mono-t2c.enc <zco-BoldOblique.pfb
zco-Regular-lgr zco-Regular " nimbusLGRenc ReEncodeFont " <nimbus15mono-lgr.enc <zco-Regular.pfb
zco-Bold-lgr zco-Bold " nimbusLGRenc ReEncodeFont " <nimbus15mono-lgr.enc <zco-Bold.pfb
zco-Oblique-lgr zco-Oblique " nimbusLGRenc ReEncodeFont " <nimbus15mono-lgr.enc <zco-Oblique.pfb
zco-BoldOblique-lgr zco-BoldOblique " nimbusLGRenc ReEncodeFont " <nimbus15mono-lgr.enc <zco-BoldOblique.pfb
zhv-Reg-ts1 zhv-Reg " otftotfmTS1Encoding ReEncodeFont " <fontools_ts1.enc <zhv-Reg.pfb
zhv-Bol-ts1 zhv-Bol " otftotfmTS1Encoding ReEncodeFont " <fontools_ts1.enc <zhv-Bol.pfb
zhv-RegIta-ts1 zhv-RegIta " otftotfmTS1Encoding ReEncodeFont " <fontools_ts1.enc <zhv-RegIta.pfb
zhv-BolIta-ts1 zhv-BolIta " otftotfmTS1Encoding ReEncodeFont " <fontools_ts1.enc <zhv-BolIta.pfb
zhv-Reg-t1 zhv-Reg " nimbusECEncoding ReEncodeFont " <nimbus15-ec.enc <zhv-Reg.pfb
zhv-Bol-t1 zhv-Bol " nimbusECEncoding ReEncodeFont " <nimbus15-ec.enc <zhv-Bol.pfb
zhv-RegIta-t1 zhv-RegIta " nimbusECEncoding ReEncodeFont " <nimbus15-ec.enc <zhv-RegIta.pfb
zhv-BolIta-t1 zhv-BolIta " nimbusECEncoding ReEncodeFont " <nimbus15-ec.enc <zhv-BolIta.pfb
zhv-Reg-lgr zhv-Reg " nimbusLGRenc ReEncodeFont " <nimbus15-lgr.enc <zhv-Reg.pfb
zhv-Bol-lgr zhv-Bol " nimbusLGRenc ReEncodeFont " <nimbus15-lgr.enc <zhv-Bol.pfb
zhv-RegIta-lgr zhv-RegIta " nimbusLGRenc ReEncodeFont " <nimbus15-lgr.enc <zhv-RegIta.pfb
zhv-BolIta-lgr zhv-BolIta " nimbusLGRenc ReEncodeFont " <nimbus15-lgr.enc <zhv-BolIta.pfb
zhv-Reg-t2a zhv-Reg " nimbusT2Aenc ReEncodeFont " <nimbus15-t2a.enc <zhv-Reg.pfb
zhv-Bol-t2a zhv-Bol " nimbusT2Aenc ReEncodeFont " <nimbus15-t2a.enc <zhv-Bol.pfb
zhv-RegIta-t2a zhv-RegIta " nimbusT2Aenc ReEncodeFont " <nimbus15-t2a.enc <zhv-RegIta.pfb
zhv-BolIta-t2a zhv-BolIta " nimbusT2Aenc ReEncodeFont " <nimbus15-t2a.enc <zhv-BolIta.pfb
zhv-Reg-t2b zhv-Reg " nimbusT2Benc ReEncodeFont " <nimbus15-t2b.enc <zhv-Reg.pfb
zhv-Bol-t2b zhv-Bol " nimbusT2Benc ReEncodeFont " <nimbus15-t2b.enc <zhv-Bol.pfb
zhv-RegIta-t2b zhv-RegIta " nimbusT2Benc ReEncodeFont " <nimbus15-t2b.enc <zhv-RegIta.pfb
zhv-BolIta-t2b zhv-BolIta " nimbusT2Benc ReEncodeFont " <nimbus15-t2b.enc <zhv-BolIta.pfb
zhv-Reg-t2c zhv-Reg " nimbusT2Cenc ReEncodeFont " <nimbus15-t2c.enc <zhv-Reg.pfb
zhv-Bol-t2c zhv-Bol " nimbusT2Cenc ReEncodeFont " <nimbus15-t2c.enc <zhv-Bol.pfb
zhv-RegIta-t2c zhv-RegIta " nimbusT2Cenc ReEncodeFont " <nimbus15-t2c.enc <zhv-RegIta.pfb
zhv-BolIta-t2c zhv-BolIta " nimbusT2Cenc ReEncodeFont " <nimbus15-t2c.enc <zhv-BolIta.pfb
ztm-Reg-ts1 ztm-Reg " otftotfmTS1Encoding ReEncodeFont " <fontools_ts1.enc <ztm-Reg.pfb
ztm-Med-ts1 ztm-Med " otftotfmTS1Encoding ReEncodeFont " <fontools_ts1.enc <ztm-Med.pfb
ztm-RegIta-ts1 ztm-RegIta " otftotfmTS1Encoding ReEncodeFont " <fontools_ts1.enc <ztm-RegIta.pfb
ztm-MedIta-ts1 ztm-MedIta " otftotfmTS1Encoding ReEncodeFont " <fontools_ts1.enc <ztm-MedIta.pfb
ztm-Reg-t1 ztm-Reg " nimbusECEncoding ReEncodeFont " <nimbus15-ec.enc <ztm-Reg.pfb
ztm-Med-t1 ztm-Med " nimbusECEncoding ReEncodeFont " <nimbus15-ec.enc <ztm-Med.pfb
ztm-RegIta-t1 ztm-RegIta " nimbusECEncoding ReEncodeFont " <nimbus15-ec.enc <ztm-RegIta.pfb
ztm-MedIta-t1 ztm-MedIta " nimbusECEncoding ReEncodeFont " <nimbus15-ec.enc <ztm-MedIta.pfb
ztm-Reg-lgr ztm-Reg " nimbusLGRenc ReEncodeFont " <nimbus15-lgr.enc <ztm-Reg.pfb
ztm-Med-lgr ztm-Med " nimbusLGRenc ReEncodeFont " <nimbus15-lgr.enc <ztm-Med.pfb
ztm-RegIta-lgr ztm-RegIta " nimbusLGRenc ReEncodeFont " <nimbus15-lgr.enc <ztm-RegIta.pfb
ztm-MedIta-lgr ztm-MedIta " nimbusLGRenc ReEncodeFont " <nimbus15-lgr.enc <ztm-MedIta.pfb
ztm-Reg-t2a ztm-Reg " nimbusT2Aenc ReEncodeFont " <nimbus15-t2a.enc <ztm-Reg.pfb
ztm-Med-t2a ztm-Med " nimbusT2Aenc ReEncodeFont " <nimbus15-t2a.enc <ztm-Med.pfb
ztm-RegIta-t2a ztm-RegIta " nimbusT2Aenc ReEncodeFont " <nimbus15-t2a.enc <ztm-RegIta.pfb
ztm-MedIta-t2a ztm-MedIta " nimbusT2Aenc ReEncodeFont " <nimbus15-t2a.enc <ztm-MedIta.pfb
ztm-Reg-t2b ztm-Reg " nimbusT2Benc ReEncodeFont " <nimbus15-t2b.enc <ztm-Reg.pfb
ztm-Med-t2b ztm-Med " nimbusT2Benc ReEncodeFont " <nimbus15-t2b.enc <ztm-Med.pfb
ztm-RegIta-t2b ztm-RegIta " nimbusT2Benc ReEncodeFont " <nimbus15-t2b.enc <ztm-RegIta.pfb
ztm-MedIta-t2b ztm-MedIta " nimbusT2Benc ReEncodeFont " <nimbus15-t2b.enc <ztm-MedIta.pfb
ztm-Reg-t2c ztm-Reg " nimbusT2Cenc ReEncodeFont " <nimbus15-t2c.enc <ztm-Reg.pfb
ztm-Med-t2c ztm-Med " nimbusT2Cenc ReEncodeFont " <nimbus15-t2c.enc <ztm-Med.pfb
ztm-RegIta-t2c ztm-RegIta " nimbusT2Cenc ReEncodeFont " <nimbus15-t2c.enc <ztm-RegIta.pfb
ztm-MedIta-t2c ztm-MedIta " nimbusT2Cenc ReEncodeFont " <nimbus15-t2c.enc <ztm-MedIta.pfb
ztm-RegObl-ts1 ztm-RegObl " otftotfmTS1Encoding ReEncodeFont " <fontools_ts1.enc <ztm-RegObl.pfb
ztm-MedObl-ts1 ztm-MedObl " otftotfmTS1Encoding ReEncodeFont " <fontools_ts1.enc <ztm-MedObl.pfb
ztm-RegObl-t1 ztm-RegObl " nimbusECEncoding ReEncodeFont " <nimbus15-ec.enc <ztm-RegObl.pfb
ztm-MedObl-t1 ztm-MedObl " nimbusECEncoding ReEncodeFont " <nimbus15-ec.enc <ztm-MedObl.pfb
ztm-RegObl-lgr ztm-RegObl " nimbusLGRenc ReEncodeFont " <nimbus15-lgr.enc <ztm-RegObl.pfb
ztm-MedObl-lgr ztm-MedObl " nimbusLGRenc ReEncodeFont " <nimbus15-lgr.enc <ztm-MedObl.pfb
ztm-RegObl-t2a ztm-RegObl " nimbusT2Aenc ReEncodeFont " <nimbus15-t2a.enc <ztm-RegObl.pfb
ztm-MedObl-t2a ztm-MedObl " nimbusT2Aenc ReEncodeFont " <nimbus15-t2a.enc <ztm-MedObl.pfb
ztm-RegObl-t2b ztm-RegObl " nimbusT2Benc ReEncodeFont " <nimbus15-t2b.enc <ztm-RegObl.pfb
ztm-MedObl-t2b ztm-MedObl " nimbusT2Benc ReEncodeFont " <nimbus15-t2b.enc <ztm-MedObl.pfb
ztm-RegObl-t2c ztm-RegObl " nimbusT2Cenc ReEncodeFont " <nimbus15-t2c.enc <ztm-RegObl.pfb
ztm-MedObl-t2c ztm-MedObl " nimbusT2Cenc ReEncodeFont " <nimbus15-t2c.enc <ztm-MedObl.pfb
ztm-RegObl-ot2--base ztm-RegObl " nimbus15ot2Enc ReEncodeFont " <nimbus15-ot2.enc <ztm-RegObl.pfb
ztm-MedObl-ot2--base ztm-MedObl " nimbus15ot2Enc ReEncodeFont " <nimbus15-ot2.enc <ztm-MedObl.pfb
zhv-Reg-ot1 zhv-Reg " NimbusOT1Enc ReEncodeFont " <nimbus15-ot1.enc <zhv-Reg.pfb
zhv-Bol-ot1 zhv-Bol " NimbusOT1Enc ReEncodeFont " <nimbus15-ot1.enc <zhv-Bol.pfb
zhv-RegIta-ot1 zhv-RegIta " NimbusOT1Enc ReEncodeFont " <nimbus15-ot1.enc <zhv-RegIta.pfb
zhv-BolIta-ot1 zhv-BolIta " NimbusOT1Enc ReEncodeFont " <nimbus15-ot1.enc <zhv-BolIta.pfb
ztm-Reg-ot1 ztm-Reg " NimbusOT1Enc ReEncodeFont " <nimbus15-ot1.enc <ztm-Reg.pfb
ztm-Med-ot1 ztm-Med " NimbusOT1Enc ReEncodeFont " <nimbus15-ot1.enc <ztm-Med.pfb
ztm-RegIta-ot1 ztm-RegIta " NimbusOT1Enc ReEncodeFont " <nimbus15-ot1.enc <ztm-RegIta.pfb
ztm-MedIta-ot1 ztm-MedIta " NimbusOT1Enc ReEncodeFont " <nimbus15-ot1.enc <ztm-MedIta.pfb
ztm-RegObl-ot1 ztm-RegObl " NimbusOT1Enc ReEncodeFont " <nimbus15-ot1.enc <ztm-RegObl.pfb
ztm-MedObl-ot1 ztm-MedObl " NimbusOT1Enc ReEncodeFont " <nimbus15-ot1.enc <ztm-MedObl.pfb
