% URW URWPalladioL
rpxpplb URWPalladioL-Bold "TeXBase1Encoding ReEncodeFont" <tx8r.enc <p052004l.pfb
rpxpplbo URWPalladioL-Bold ".167 SlantFont TeXBase1Encoding ReEncodeFont" <tx8r.enc <p052004l.pfb
rpxpplbi URWPalladioL-BoldItal "TeXBase1Encoding ReEncodeFont" <tx8r.enc <p052024l.pfb
rpxpplr URWPalladioL-Roma "TeXBase1Encoding ReEncodeFont" <tx8r.enc <p052003l.pfb
rpxpplro URWPalladioL-Roma ".167 SlantFont TeXBase1Encoding ReEncodeFont" <tx8r.enc <p052003l.pfb
rpxpplri URWPalladioL-Ital "TeXBase1Encoding ReEncodeFont" <tx8r.enc <p052023l.pfb
% PX Text
rpxr Rpxr <rpxr.pfb
rpxsl Rpxr ".167 SlantFont" <rpxr.pfb
rpxi Rpxi <rpxi.pfb
rpxsc Rpxsc <rpxsc.pfb
rpxb Rpxb <rpxb.pfb
rpxbsl Rpxb ".167 SlantFont" <rpxb.pfb
rpxbi Rpxbi <rpxbi.pfb
rpxbsc Rpxbsc <rpxbsc.pfb
rpcxb Rpcxb <rpcxb.pfb
rpcxbsl Rpcxb ".167 SlantFont" <rpcxb.pfb
rpcxbi Rpcxbi <rpcxbi.pfb
rpcxi Rpcxi <rpcxi.pfb
rpcxr Rpcxr <rpcxr.pfb
rpcxsl Rpcxr ".167 SlantFont" <rpcxr.pfb
% PX Math
rpxbmi Rpxbmi <rpxbmi.pfb
rpxmi Rpxmi <rpxmi.pfb
pxbex Pxbex <pxbex.pfb
pxbexa Pxbexa <pxbexa.pfb
pxbmia Pxbmia <pxbmia.pfb
pxbsy Pxbsy <pxbsy.pfb
pxbsya Pxbsya <pxbsya.pfb
pxbsyb Pxbsyb <pxbsyb.pfb
pxbsyc Pxbsyc <pxbsyc.pfb
pxex Pxex <pxex.pfb
pxexa Pxexa <pxexa.pfb
pxmia Pxmia <pxmia.pfb
pxsy Pxsy <pxsy.pfb
pxsya Pxsya <pxsya.pfb
pxsyb Pxsyb <pxsyb.pfb
pxsyc Pxsyc <pxsyc.pfb
