% cm-super-t2b.map: map file for T2B-encoded CM-Super fonts
lbrm0500 SFRM0500 "T2BEncoding ReEncodeFont" <cm-super-t2b.enc <sfrm0500.pfb
lbrm0600 SFRM0600 "T2BEncoding ReEncodeFont" <cm-super-t2b.enc <sfrm0600.pfb
lbrm0700 SFRM0700 "T2BEncoding ReEncodeFont" <cm-super-t2b.enc <sfrm0700.pfb
lbrm0800 SFRM0800 "T2BEncoding ReEncodeFont" <cm-super-t2b.enc <sfrm0800.pfb
lbrm0900 SFRM0900 "T2BEncoding ReEncodeFont" <cm-super-t2b.enc <sfrm0900.pfb
lbrm1000 SFRM1000 "T2BEncoding ReEncodeFont" <cm-super-t2b.enc <sfrm1000.pfb
lbrm1095 SFRM1095 "T2BEncoding ReEncodeFont" <cm-super-t2b.enc <sfrm1095.pfb
lbrm1200 SFRM1200 "T2BEncoding ReEncodeFont" <cm-super-t2b.enc <sfrm1200.pfb
lbrm1440 SFRM1440 "T2BEncoding ReEncodeFont" <cm-super-t2b.enc <sfrm1440.pfb
lbrm1728 SFRM1728 "T2BEncoding ReEncodeFont" <cm-super-t2b.enc <sfrm1728.pfb
lbrm2074 SFRM2074 "T2BEncoding ReEncodeFont" <cm-super-t2b.enc <sfrm2074.pfb
lbrm2488 SFRM2488 "T2BEncoding ReEncodeFont" <cm-super-t2b.enc <sfrm2488.pfb
lbrm2986 SFRM2986 "T2BEncoding ReEncodeFont" <cm-super-t2b.enc <sfrm2986.pfb
lbrm3583 SFRM3583 "T2BEncoding ReEncodeFont" <cm-super-t2b.enc <sfrm3583.pfb
lbsl0500 SFSL0500 "T2BEncoding ReEncodeFont" <cm-super-t2b.enc <sfsl0500.pfb
lbsl0600 SFSL0600 "T2BEncoding ReEncodeFont" <cm-super-t2b.enc <sfsl0600.pfb
lbsl0700 SFSL0700 "T2BEncoding ReEncodeFont" <cm-super-t2b.enc <sfsl0700.pfb
lbsl0800 SFSL0800 "T2BEncoding ReEncodeFont" <cm-super-t2b.enc <sfsl0800.pfb
lbsl0900 SFSL0900 "T2BEncoding ReEncodeFont" <cm-super-t2b.enc <sfsl0900.pfb
lbsl1000 SFSL1000 "T2BEncoding ReEncodeFont" <cm-super-t2b.enc <sfsl1000.pfb
lbsl1095 SFSL1095 "T2BEncoding ReEncodeFont" <cm-super-t2b.enc <sfsl1095.pfb
lbsl1200 SFSL1200 "T2BEncoding ReEncodeFont" <cm-super-t2b.enc <sfsl1200.pfb
lbsl1440 SFSL1440 "T2BEncoding ReEncodeFont" <cm-super-t2b.enc <sfsl1440.pfb
lbsl1728 SFSL1728 "T2BEncoding ReEncodeFont" <cm-super-t2b.enc <sfsl1728.pfb
lbsl2074 SFSL2074 "T2BEncoding ReEncodeFont" <cm-super-t2b.enc <sfsl2074.pfb
lbsl2488 SFSL2488 "T2BEncoding ReEncodeFont" <cm-super-t2b.enc <sfsl2488.pfb
lbsl2986 SFSL2986 "T2BEncoding ReEncodeFont" <cm-super-t2b.enc <sfsl2986.pfb
lbsl3583 SFSL3583 "T2BEncoding ReEncodeFont" <cm-super-t2b.enc <sfsl3583.pfb
lbti0500 SFTI0500 "T2BEncoding ReEncodeFont" <cm-super-t2b.enc <sfti0500.pfb
lbti0600 SFTI0600 "T2BEncoding ReEncodeFont" <cm-super-t2b.enc <sfti0600.pfb
lbti0700 SFTI0700 "T2BEncoding ReEncodeFont" <cm-super-t2b.enc <sfti0700.pfb
lbti0800 SFTI0800 "T2BEncoding ReEncodeFont" <cm-super-t2b.enc <sfti0800.pfb
lbti0900 SFTI0900 "T2BEncoding ReEncodeFont" <cm-super-t2b.enc <sfti0900.pfb
lbti1000 SFTI1000 "T2BEncoding ReEncodeFont" <cm-super-t2b.enc <sfti1000.pfb
lbti1095 SFTI1095 "T2BEncoding ReEncodeFont" <cm-super-t2b.enc <sfti1095.pfb
lbti1200 SFTI1200 "T2BEncoding ReEncodeFont" <cm-super-t2b.enc <sfti1200.pfb
lbti1440 SFTI1440 "T2BEncoding ReEncodeFont" <cm-super-t2b.enc <sfti1440.pfb
lbti1728 SFTI1728 "T2BEncoding ReEncodeFont" <cm-super-t2b.enc <sfti1728.pfb
lbti2074 SFTI2074 "T2BEncoding ReEncodeFont" <cm-super-t2b.enc <sfti2074.pfb
lbti2488 SFTI2488 "T2BEncoding ReEncodeFont" <cm-super-t2b.enc <sfti2488.pfb
lbti2986 SFTI2986 "T2BEncoding ReEncodeFont" <cm-super-t2b.enc <sfti2986.pfb
lbti3583 SFTI3583 "T2BEncoding ReEncodeFont" <cm-super-t2b.enc <sfti3583.pfb
lbcc0500 SFCC0500 "T2BEncoding ReEncodeFont" <cm-super-t2b.enc <sfcc0500.pfb
lbcc0600 SFCC0600 "T2BEncoding ReEncodeFont" <cm-super-t2b.enc <sfcc0600.pfb
lbcc0700 SFCC0700 "T2BEncoding ReEncodeFont" <cm-super-t2b.enc <sfcc0700.pfb
lbcc0800 SFCC0800 "T2BEncoding ReEncodeFont" <cm-super-t2b.enc <sfcc0800.pfb
lbcc0900 SFCC0900 "T2BEncoding ReEncodeFont" <cm-super-t2b.enc <sfcc0900.pfb
lbcc1000 SFCC1000 "T2BEncoding ReEncodeFont" <cm-super-t2b.enc <sfcc1000.pfb
lbcc1095 SFCC1095 "T2BEncoding ReEncodeFont" <cm-super-t2b.enc <sfcc1095.pfb
lbcc1200 SFCC1200 "T2BEncoding ReEncodeFont" <cm-super-t2b.enc <sfcc1200.pfb
lbcc1440 SFCC1440 "T2BEncoding ReEncodeFont" <cm-super-t2b.enc <sfcc1440.pfb
lbcc1728 SFCC1728 "T2BEncoding ReEncodeFont" <cm-super-t2b.enc <sfcc1728.pfb
lbcc2074 SFCC2074 "T2BEncoding ReEncodeFont" <cm-super-t2b.enc <sfcc2074.pfb
lbcc2488 SFCC2488 "T2BEncoding ReEncodeFont" <cm-super-t2b.enc <sfcc2488.pfb
lbcc2986 SFCC2986 "T2BEncoding ReEncodeFont" <cm-super-t2b.enc <sfcc2986.pfb
lbcc3583 SFCC3583 "T2BEncoding ReEncodeFont" <cm-super-t2b.enc <sfcc3583.pfb
lbui0500 SFUI0500 "T2BEncoding ReEncodeFont" <cm-super-t2b.enc <sfui0500.pfb
lbui0600 SFUI0600 "T2BEncoding ReEncodeFont" <cm-super-t2b.enc <sfui0600.pfb
lbui0700 SFUI0700 "T2BEncoding ReEncodeFont" <cm-super-t2b.enc <sfui0700.pfb
lbui0800 SFUI0800 "T2BEncoding ReEncodeFont" <cm-super-t2b.enc <sfui0800.pfb
lbui0900 SFUI0900 "T2BEncoding ReEncodeFont" <cm-super-t2b.enc <sfui0900.pfb
lbui1000 SFUI1000 "T2BEncoding ReEncodeFont" <cm-super-t2b.enc <sfui1000.pfb
lbui1095 SFUI1095 "T2BEncoding ReEncodeFont" <cm-super-t2b.enc <sfui1095.pfb
lbui1200 SFUI1200 "T2BEncoding ReEncodeFont" <cm-super-t2b.enc <sfui1200.pfb
lbui1440 SFUI1440 "T2BEncoding ReEncodeFont" <cm-super-t2b.enc <sfui1440.pfb
lbui1728 SFUI1728 "T2BEncoding ReEncodeFont" <cm-super-t2b.enc <sfui1728.pfb
lbui2074 SFUI2074 "T2BEncoding ReEncodeFont" <cm-super-t2b.enc <sfui2074.pfb
lbui2488 SFUI2488 "T2BEncoding ReEncodeFont" <cm-super-t2b.enc <sfui2488.pfb
lbui2986 SFUI2986 "T2BEncoding ReEncodeFont" <cm-super-t2b.enc <sfui2986.pfb
lbui3583 SFUI3583 "T2BEncoding ReEncodeFont" <cm-super-t2b.enc <sfui3583.pfb
lbsc0500 SFSC0500 "T2BEncoding ReEncodeFont" <cm-super-t2b.enc <sfsc0500.pfb
lbsc0600 SFSC0600 "T2BEncoding ReEncodeFont" <cm-super-t2b.enc <sfsc0600.pfb
lbsc0700 SFSC0700 "T2BEncoding ReEncodeFont" <cm-super-t2b.enc <sfsc0700.pfb
lbsc0800 SFSC0800 "T2BEncoding ReEncodeFont" <cm-super-t2b.enc <sfsc0800.pfb
lbsc0900 SFSC0900 "T2BEncoding ReEncodeFont" <cm-super-t2b.enc <sfsc0900.pfb
lbsc1000 SFSC1000 "T2BEncoding ReEncodeFont" <cm-super-t2b.enc <sfsc1000.pfb
lbsc1095 SFSC1095 "T2BEncoding ReEncodeFont" <cm-super-t2b.enc <sfsc1095.pfb
lbsc1200 SFSC1200 "T2BEncoding ReEncodeFont" <cm-super-t2b.enc <sfsc1200.pfb
lbsc1440 SFSC1440 "T2BEncoding ReEncodeFont" <cm-super-t2b.enc <sfsc1440.pfb
lbsc1728 SFSC1728 "T2BEncoding ReEncodeFont" <cm-super-t2b.enc <sfsc1728.pfb
lbsc2074 SFSC2074 "T2BEncoding ReEncodeFont" <cm-super-t2b.enc <sfsc2074.pfb
lbsc2488 SFSC2488 "T2BEncoding ReEncodeFont" <cm-super-t2b.enc <sfsc2488.pfb
lbsc2986 SFSC2986 "T2BEncoding ReEncodeFont" <cm-super-t2b.enc <sfsc2986.pfb
lbsc3583 SFSC3583 "T2BEncoding ReEncodeFont" <cm-super-t2b.enc <sfsc3583.pfb
lbci0500 SFCI0500 "T2BEncoding ReEncodeFont" <cm-super-t2b.enc <sfci0500.pfb
lbci0600 SFCI0600 "T2BEncoding ReEncodeFont" <cm-super-t2b.enc <sfci0600.pfb
lbci0700 SFCI0700 "T2BEncoding ReEncodeFont" <cm-super-t2b.enc <sfci0700.pfb
lbci0800 SFCI0800 "T2BEncoding ReEncodeFont" <cm-super-t2b.enc <sfci0800.pfb
lbci0900 SFCI0900 "T2BEncoding ReEncodeFont" <cm-super-t2b.enc <sfci0900.pfb
lbci1000 SFCI1000 "T2BEncoding ReEncodeFont" <cm-super-t2b.enc <sfci1000.pfb
lbci1095 SFCI1095 "T2BEncoding ReEncodeFont" <cm-super-t2b.enc <sfci1095.pfb
lbci1200 SFCI1200 "T2BEncoding ReEncodeFont" <cm-super-t2b.enc <sfci1200.pfb
lbci1440 SFCI1440 "T2BEncoding ReEncodeFont" <cm-super-t2b.enc <sfci1440.pfb
lbci1728 SFCI1728 "T2BEncoding ReEncodeFont" <cm-super-t2b.enc <sfci1728.pfb
lbci2074 SFCI2074 "T2BEncoding ReEncodeFont" <cm-super-t2b.enc <sfci2074.pfb
lbci2488 SFCI2488 "T2BEncoding ReEncodeFont" <cm-super-t2b.enc <sfci2488.pfb
lbci2986 SFCI2986 "T2BEncoding ReEncodeFont" <cm-super-t2b.enc <sfci2986.pfb
lbci3583 SFCI3583 "T2BEncoding ReEncodeFont" <cm-super-t2b.enc <sfci3583.pfb
lbbx0500 SFBX0500 "T2BEncoding ReEncodeFont" <cm-super-t2b.enc <sfbx0500.pfb
lbbx0600 SFBX0600 "T2BEncoding ReEncodeFont" <cm-super-t2b.enc <sfbx0600.pfb
lbbx0700 SFBX0700 "T2BEncoding ReEncodeFont" <cm-super-t2b.enc <sfbx0700.pfb
lbbx0800 SFBX0800 "T2BEncoding ReEncodeFont" <cm-super-t2b.enc <sfbx0800.pfb
lbbx0900 SFBX0900 "T2BEncoding ReEncodeFont" <cm-super-t2b.enc <sfbx0900.pfb
lbbx1000 SFBX1000 "T2BEncoding ReEncodeFont" <cm-super-t2b.enc <sfbx1000.pfb
lbbx1095 SFBX1095 "T2BEncoding ReEncodeFont" <cm-super-t2b.enc <sfbx1095.pfb
lbbx1200 SFBX1200 "T2BEncoding ReEncodeFont" <cm-super-t2b.enc <sfbx1200.pfb
lbbx1440 SFBX1440 "T2BEncoding ReEncodeFont" <cm-super-t2b.enc <sfbx1440.pfb
lbbx1728 SFBX1728 "T2BEncoding ReEncodeFont" <cm-super-t2b.enc <sfbx1728.pfb
lbbx2074 SFBX2074 "T2BEncoding ReEncodeFont" <cm-super-t2b.enc <sfbx2074.pfb
lbbx2488 SFBX2488 "T2BEncoding ReEncodeFont" <cm-super-t2b.enc <sfbx2488.pfb
lbbx2986 SFBX2986 "T2BEncoding ReEncodeFont" <cm-super-t2b.enc <sfbx2986.pfb
lbbx3583 SFBX3583 "T2BEncoding ReEncodeFont" <cm-super-t2b.enc <sfbx3583.pfb
lbbl0500 SFBL0500 "T2BEncoding ReEncodeFont" <cm-super-t2b.enc <sfbl0500.pfb
lbbl0600 SFBL0600 "T2BEncoding ReEncodeFont" <cm-super-t2b.enc <sfbl0600.pfb
lbbl0700 SFBL0700 "T2BEncoding ReEncodeFont" <cm-super-t2b.enc <sfbl0700.pfb
lbbl0800 SFBL0800 "T2BEncoding ReEncodeFont" <cm-super-t2b.enc <sfbl0800.pfb
lbbl0900 SFBL0900 "T2BEncoding ReEncodeFont" <cm-super-t2b.enc <sfbl0900.pfb
lbbl1000 SFBL1000 "T2BEncoding ReEncodeFont" <cm-super-t2b.enc <sfbl1000.pfb
lbbl1095 SFBL1095 "T2BEncoding ReEncodeFont" <cm-super-t2b.enc <sfbl1095.pfb
lbbl1200 SFBL1200 "T2BEncoding ReEncodeFont" <cm-super-t2b.enc <sfbl1200.pfb
lbbl1440 SFBL1440 "T2BEncoding ReEncodeFont" <cm-super-t2b.enc <sfbl1440.pfb
lbbl1728 SFBL1728 "T2BEncoding ReEncodeFont" <cm-super-t2b.enc <sfbl1728.pfb
lbbl2074 SFBL2074 "T2BEncoding ReEncodeFont" <cm-super-t2b.enc <sfbl2074.pfb
lbbl2488 SFBL2488 "T2BEncoding ReEncodeFont" <cm-super-t2b.enc <sfbl2488.pfb
lbbl2986 SFBL2986 "T2BEncoding ReEncodeFont" <cm-super-t2b.enc <sfbl2986.pfb
lbbl3583 SFBL3583 "T2BEncoding ReEncodeFont" <cm-super-t2b.enc <sfbl3583.pfb
lbbi0500 SFBI0500 "T2BEncoding ReEncodeFont" <cm-super-t2b.enc <sfbi0500.pfb
lbbi0600 SFBI0600 "T2BEncoding ReEncodeFont" <cm-super-t2b.enc <sfbi0600.pfb
lbbi0700 SFBI0700 "T2BEncoding ReEncodeFont" <cm-super-t2b.enc <sfbi0700.pfb
lbbi0800 SFBI0800 "T2BEncoding ReEncodeFont" <cm-super-t2b.enc <sfbi0800.pfb
lbbi0900 SFBI0900 "T2BEncoding ReEncodeFont" <cm-super-t2b.enc <sfbi0900.pfb
lbbi1000 SFBI1000 "T2BEncoding ReEncodeFont" <cm-super-t2b.enc <sfbi1000.pfb
lbbi1095 SFBI1095 "T2BEncoding ReEncodeFont" <cm-super-t2b.enc <sfbi1095.pfb
lbbi1200 SFBI1200 "T2BEncoding ReEncodeFont" <cm-super-t2b.enc <sfbi1200.pfb
lbbi1440 SFBI1440 "T2BEncoding ReEncodeFont" <cm-super-t2b.enc <sfbi1440.pfb
lbbi1728 SFBI1728 "T2BEncoding ReEncodeFont" <cm-super-t2b.enc <sfbi1728.pfb
lbbi2074 SFBI2074 "T2BEncoding ReEncodeFont" <cm-super-t2b.enc <sfbi2074.pfb
lbbi2488 SFBI2488 "T2BEncoding ReEncodeFont" <cm-super-t2b.enc <sfbi2488.pfb
lbbi2986 SFBI2986 "T2BEncoding ReEncodeFont" <cm-super-t2b.enc <sfbi2986.pfb
lbbi3583 SFBI3583 "T2BEncoding ReEncodeFont" <cm-super-t2b.enc <sfbi3583.pfb
lbxc0500 SFXC0500 "T2BEncoding ReEncodeFont" <cm-super-t2b.enc <sfxc0500.pfb
lbxc0600 SFXC0600 "T2BEncoding ReEncodeFont" <cm-super-t2b.enc <sfxc0600.pfb
lbxc0700 SFXC0700 "T2BEncoding ReEncodeFont" <cm-super-t2b.enc <sfxc0700.pfb
lbxc0800 SFXC0800 "T2BEncoding ReEncodeFont" <cm-super-t2b.enc <sfxc0800.pfb
lbxc0900 SFXC0900 "T2BEncoding ReEncodeFont" <cm-super-t2b.enc <sfxc0900.pfb
lbxc1000 SFXC1000 "T2BEncoding ReEncodeFont" <cm-super-t2b.enc <sfxc1000.pfb
lbxc1095 SFXC1095 "T2BEncoding ReEncodeFont" <cm-super-t2b.enc <sfxc1095.pfb
lbxc1200 SFXC1200 "T2BEncoding ReEncodeFont" <cm-super-t2b.enc <sfxc1200.pfb
lbxc1440 SFXC1440 "T2BEncoding ReEncodeFont" <cm-super-t2b.enc <sfxc1440.pfb
lbxc1728 SFXC1728 "T2BEncoding ReEncodeFont" <cm-super-t2b.enc <sfxc1728.pfb
lbxc2074 SFXC2074 "T2BEncoding ReEncodeFont" <cm-super-t2b.enc <sfxc2074.pfb
lbxc2488 SFXC2488 "T2BEncoding ReEncodeFont" <cm-super-t2b.enc <sfxc2488.pfb
lbxc2986 SFXC2986 "T2BEncoding ReEncodeFont" <cm-super-t2b.enc <sfxc2986.pfb
lbxc3583 SFXC3583 "T2BEncoding ReEncodeFont" <cm-super-t2b.enc <sfxc3583.pfb
lboc0500 SFOC0500 "T2BEncoding ReEncodeFont" <cm-super-t2b.enc <sfoc0500.pfb
lboc0600 SFOC0600 "T2BEncoding ReEncodeFont" <cm-super-t2b.enc <sfoc0600.pfb
lboc0700 SFOC0700 "T2BEncoding ReEncodeFont" <cm-super-t2b.enc <sfoc0700.pfb
lboc0800 SFOC0800 "T2BEncoding ReEncodeFont" <cm-super-t2b.enc <sfoc0800.pfb
lboc0900 SFOC0900 "T2BEncoding ReEncodeFont" <cm-super-t2b.enc <sfoc0900.pfb
lboc1000 SFOC1000 "T2BEncoding ReEncodeFont" <cm-super-t2b.enc <sfoc1000.pfb
lboc1095 SFOC1095 "T2BEncoding ReEncodeFont" <cm-super-t2b.enc <sfoc1095.pfb
lboc1200 SFOC1200 "T2BEncoding ReEncodeFont" <cm-super-t2b.enc <sfoc1200.pfb
lboc1440 SFOC1440 "T2BEncoding ReEncodeFont" <cm-super-t2b.enc <sfoc1440.pfb
lboc1728 SFOC1728 "T2BEncoding ReEncodeFont" <cm-super-t2b.enc <sfoc1728.pfb
lboc2074 SFOC2074 "T2BEncoding ReEncodeFont" <cm-super-t2b.enc <sfoc2074.pfb
lboc2488 SFOC2488 "T2BEncoding ReEncodeFont" <cm-super-t2b.enc <sfoc2488.pfb
lboc2986 SFOC2986 "T2BEncoding ReEncodeFont" <cm-super-t2b.enc <sfoc2986.pfb
lboc3583 SFOC3583 "T2BEncoding ReEncodeFont" <cm-super-t2b.enc <sfoc3583.pfb
lbrb0500 SFRB0500 "T2BEncoding ReEncodeFont" <cm-super-t2b.enc <sfrb0500.pfb
lbrb0600 SFRB0600 "T2BEncoding ReEncodeFont" <cm-super-t2b.enc <sfrb0600.pfb
lbrb0700 SFRB0700 "T2BEncoding ReEncodeFont" <cm-super-t2b.enc <sfrb0700.pfb
lbrb0800 SFRB0800 "T2BEncoding ReEncodeFont" <cm-super-t2b.enc <sfrb0800.pfb
lbrb0900 SFRB0900 "T2BEncoding ReEncodeFont" <cm-super-t2b.enc <sfrb0900.pfb
lbrb1000 SFRB1000 "T2BEncoding ReEncodeFont" <cm-super-t2b.enc <sfrb1000.pfb
lbrb1095 SFRB1095 "T2BEncoding ReEncodeFont" <cm-super-t2b.enc <sfrb1095.pfb
lbrb1200 SFRB1200 "T2BEncoding ReEncodeFont" <cm-super-t2b.enc <sfrb1200.pfb
lbrb1440 SFRB1440 "T2BEncoding ReEncodeFont" <cm-super-t2b.enc <sfrb1440.pfb
lbrb1728 SFRB1728 "T2BEncoding ReEncodeFont" <cm-super-t2b.enc <sfrb1728.pfb
lbrb2074 SFRB2074 "T2BEncoding ReEncodeFont" <cm-super-t2b.enc <sfrb2074.pfb
lbrb2488 SFRB2488 "T2BEncoding ReEncodeFont" <cm-super-t2b.enc <sfrb2488.pfb
lbrb2986 SFRB2986 "T2BEncoding ReEncodeFont" <cm-super-t2b.enc <sfrb2986.pfb
lbrb3583 SFRB3583 "T2BEncoding ReEncodeFont" <cm-super-t2b.enc <sfrb3583.pfb
lbbm0500 SFBM0500 "T2BEncoding ReEncodeFont" <cm-super-t2b.enc <sfbm0500.pfb
lbbm0600 SFBM0600 "T2BEncoding ReEncodeFont" <cm-super-t2b.enc <sfbm0700.pfb
lbbm0700 SFBM0700 "T2BEncoding ReEncodeFont" <cm-super-t2b.enc <sfbm0700.pfb
lbbm0800 SFBM0800 "T2BEncoding ReEncodeFont" <cm-super-t2b.enc <sfbm0900.pfb
lbbm0900 SFBM0900 "T2BEncoding ReEncodeFont" <cm-super-t2b.enc <sfbm0900.pfb
lbbm1000 SFBM1000 "T2BEncoding ReEncodeFont" <cm-super-t2b.enc <sfbm1000.pfb
lbbm1095 SFBM1095 "T2BEncoding ReEncodeFont" <cm-super-t2b.enc <sfbm1095.pfb
lbbm1200 SFBM1200 "T2BEncoding ReEncodeFont" <cm-super-t2b.enc <sfbm1200.pfb
lbbm1440 SFBM1440 "T2BEncoding ReEncodeFont" <cm-super-t2b.enc <sfbm1440.pfb
lbbm1728 SFBM1728 "T2BEncoding ReEncodeFont" <cm-super-t2b.enc <sfbm1728.pfb
lbbm2074 SFBM2074 "T2BEncoding ReEncodeFont" <cm-super-t2b.enc <sfbm2074.pfb
lbbm2488 SFBM2488 "T2BEncoding ReEncodeFont" <cm-super-t2b.enc <sfbm2488.pfb
lbbm2986 SFBM2986 "T2BEncoding ReEncodeFont" <cm-super-t2b.enc <sfbm2986.pfb
lbbm3583 SFBM3583 "T2BEncoding ReEncodeFont" <cm-super-t2b.enc <sfbm3583.pfb
lbss0500 SFSS0500 "T2BEncoding ReEncodeFont" <cm-super-t2b.enc <sfss0500.pfb
lbss0600 SFSS0600 "T2BEncoding ReEncodeFont" <cm-super-t2b.enc <sfss0600.pfb
lbss0700 SFSS0700 "T2BEncoding ReEncodeFont" <cm-super-t2b.enc <sfss0700.pfb
lbss0800 SFSS0800 "T2BEncoding ReEncodeFont" <cm-super-t2b.enc <sfss0800.pfb
lbss0900 SFSS0900 "T2BEncoding ReEncodeFont" <cm-super-t2b.enc <sfss0900.pfb
lbss1000 SFSS1000 "T2BEncoding ReEncodeFont" <cm-super-t2b.enc <sfss1000.pfb
lbss1095 SFSS1095 "T2BEncoding ReEncodeFont" <cm-super-t2b.enc <sfss1095.pfb
lbss1200 SFSS1200 "T2BEncoding ReEncodeFont" <cm-super-t2b.enc <sfss1200.pfb
lbss1440 SFSS1440 "T2BEncoding ReEncodeFont" <cm-super-t2b.enc <sfss1440.pfb
lbss1728 SFSS1728 "T2BEncoding ReEncodeFont" <cm-super-t2b.enc <sfss1728.pfb
lbss2074 SFSS2074 "T2BEncoding ReEncodeFont" <cm-super-t2b.enc <sfss2074.pfb
lbss2488 SFSS2488 "T2BEncoding ReEncodeFont" <cm-super-t2b.enc <sfss2488.pfb
lbss2986 SFSS2986 "T2BEncoding ReEncodeFont" <cm-super-t2b.enc <sfss2986.pfb
lbss3583 SFSS3583 "T2BEncoding ReEncodeFont" <cm-super-t2b.enc <sfss3583.pfb
lbsi0500 SFSI0500 "T2BEncoding ReEncodeFont" <cm-super-t2b.enc <sfsi0500.pfb
lbsi0600 SFSI0600 "T2BEncoding ReEncodeFont" <cm-super-t2b.enc <sfsi0600.pfb
lbsi0700 SFSI0700 "T2BEncoding ReEncodeFont" <cm-super-t2b.enc <sfsi0700.pfb
lbsi0800 SFSI0800 "T2BEncoding ReEncodeFont" <cm-super-t2b.enc <sfsi0800.pfb
lbsi0900 SFSI0900 "T2BEncoding ReEncodeFont" <cm-super-t2b.enc <sfsi0900.pfb
lbsi1000 SFSI1000 "T2BEncoding ReEncodeFont" <cm-super-t2b.enc <sfsi1000.pfb
lbsi1095 SFSI1095 "T2BEncoding ReEncodeFont" <cm-super-t2b.enc <sfsi1095.pfb
lbsi1200 SFSI1200 "T2BEncoding ReEncodeFont" <cm-super-t2b.enc <sfsi1200.pfb
lbsi1440 SFSI1440 "T2BEncoding ReEncodeFont" <cm-super-t2b.enc <sfsi1440.pfb
lbsi1728 SFSI1728 "T2BEncoding ReEncodeFont" <cm-super-t2b.enc <sfsi1728.pfb
lbsi2074 SFSI2074 "T2BEncoding ReEncodeFont" <cm-super-t2b.enc <sfsi2074.pfb
lbsi2488 SFSI2488 "T2BEncoding ReEncodeFont" <cm-super-t2b.enc <sfsi2488.pfb
lbsi2986 SFSI2986 "T2BEncoding ReEncodeFont" <cm-super-t2b.enc <sfsi2986.pfb
lbsi3583 SFSI3583 "T2BEncoding ReEncodeFont" <cm-super-t2b.enc <sfsi3583.pfb
lbsx0500 SFSX0500 "T2BEncoding ReEncodeFont" <cm-super-t2b.enc <sfsx0500.pfb
lbsx0600 SFSX0600 "T2BEncoding ReEncodeFont" <cm-super-t2b.enc <sfsx0600.pfb
lbsx0700 SFSX0700 "T2BEncoding ReEncodeFont" <cm-super-t2b.enc <sfsx0700.pfb
lbsx0800 SFSX0800 "T2BEncoding ReEncodeFont" <cm-super-t2b.enc <sfsx0800.pfb
lbsx0900 SFSX0900 "T2BEncoding ReEncodeFont" <cm-super-t2b.enc <sfsx0900.pfb
lbsx1000 SFSX1000 "T2BEncoding ReEncodeFont" <cm-super-t2b.enc <sfsx1000.pfb
lbsx1095 SFSX1095 "T2BEncoding ReEncodeFont" <cm-super-t2b.enc <sfsx1095.pfb
lbsx1200 SFSX1200 "T2BEncoding ReEncodeFont" <cm-super-t2b.enc <sfsx1200.pfb
lbsx1440 SFSX1440 "T2BEncoding ReEncodeFont" <cm-super-t2b.enc <sfsx1440.pfb
lbsx1728 SFSX1728 "T2BEncoding ReEncodeFont" <cm-super-t2b.enc <sfsx1728.pfb
lbsx2074 SFSX2074 "T2BEncoding ReEncodeFont" <cm-super-t2b.enc <sfsx2074.pfb
lbsx2488 SFSX2488 "T2BEncoding ReEncodeFont" <cm-super-t2b.enc <sfsx2488.pfb
lbsx2986 SFSX2986 "T2BEncoding ReEncodeFont" <cm-super-t2b.enc <sfsx2986.pfb
lbsx3583 SFSX3583 "T2BEncoding ReEncodeFont" <cm-super-t2b.enc <sfsx3583.pfb
lbso0500 SFSO0500 "T2BEncoding ReEncodeFont" <cm-super-t2b.enc <sfso0500.pfb
lbso0600 SFSO0600 "T2BEncoding ReEncodeFont" <cm-super-t2b.enc <sfso0600.pfb
lbso0700 SFSO0700 "T2BEncoding ReEncodeFont" <cm-super-t2b.enc <sfso0700.pfb
lbso0800 SFSO0800 "T2BEncoding ReEncodeFont" <cm-super-t2b.enc <sfso0800.pfb
lbso0900 SFSO0900 "T2BEncoding ReEncodeFont" <cm-super-t2b.enc <sfso0900.pfb
lbso1000 SFSO1000 "T2BEncoding ReEncodeFont" <cm-super-t2b.enc <sfso1000.pfb
lbso1095 SFSO1095 "T2BEncoding ReEncodeFont" <cm-super-t2b.enc <sfso1095.pfb
lbso1200 SFSO1200 "T2BEncoding ReEncodeFont" <cm-super-t2b.enc <sfso1200.pfb
lbso1440 SFSO1440 "T2BEncoding ReEncodeFont" <cm-super-t2b.enc <sfso1440.pfb
lbso1728 SFSO1728 "T2BEncoding ReEncodeFont" <cm-super-t2b.enc <sfso1728.pfb
lbso2074 SFSO2074 "T2BEncoding ReEncodeFont" <cm-super-t2b.enc <sfso2074.pfb
lbso2488 SFSO2488 "T2BEncoding ReEncodeFont" <cm-super-t2b.enc <sfso2488.pfb
lbso2986 SFSO2986 "T2BEncoding ReEncodeFont" <cm-super-t2b.enc <sfso2986.pfb
lbso3583 SFSO3583 "T2BEncoding ReEncodeFont" <cm-super-t2b.enc <sfso3583.pfb
lbtt0800 SFTT0800 "T2BEncoding ReEncodeFont" <cm-super-t2b.enc <sftt0800.pfb
lbtt0900 SFTT0900 "T2BEncoding ReEncodeFont" <cm-super-t2b.enc <sftt0900.pfb
lbtt1000 SFTT1000 "T2BEncoding ReEncodeFont" <cm-super-t2b.enc <sftt1000.pfb
lbtt1095 SFTT1095 "T2BEncoding ReEncodeFont" <cm-super-t2b.enc <sftt1095.pfb
lbtt1200 SFTT1200 "T2BEncoding ReEncodeFont" <cm-super-t2b.enc <sftt1200.pfb
lbtt1440 SFTT1440 "T2BEncoding ReEncodeFont" <cm-super-t2b.enc <sftt1440.pfb
lbtt1728 SFTT1728 "T2BEncoding ReEncodeFont" <cm-super-t2b.enc <sftt1728.pfb
lbtt2074 SFTT2074 "T2BEncoding ReEncodeFont" <cm-super-t2b.enc <sftt2074.pfb
lbtt2488 SFTT2488 "T2BEncoding ReEncodeFont" <cm-super-t2b.enc <sftt2488.pfb
lbtt2986 SFTT2986 "T2BEncoding ReEncodeFont" <cm-super-t2b.enc <sftt2986.pfb
lbtt3583 SFTT3583 "T2BEncoding ReEncodeFont" <cm-super-t2b.enc <sftt3583.pfb
lbst0800 SFST0800 "T2BEncoding ReEncodeFont" <cm-super-t2b.enc <sfst0800.pfb
lbst0900 SFST0900 "T2BEncoding ReEncodeFont" <cm-super-t2b.enc <sfst0900.pfb
lbst1000 SFST1000 "T2BEncoding ReEncodeFont" <cm-super-t2b.enc <sfst1000.pfb
lbst1095 SFST1095 "T2BEncoding ReEncodeFont" <cm-super-t2b.enc <sfst1095.pfb
lbst1200 SFST1200 "T2BEncoding ReEncodeFont" <cm-super-t2b.enc <sfst1200.pfb
lbst1440 SFST1440 "T2BEncoding ReEncodeFont" <cm-super-t2b.enc <sfst1440.pfb
lbst1728 SFST1728 "T2BEncoding ReEncodeFont" <cm-super-t2b.enc <sfst1728.pfb
lbst2074 SFST2074 "T2BEncoding ReEncodeFont" <cm-super-t2b.enc <sfst2074.pfb
lbst2488 SFST2488 "T2BEncoding ReEncodeFont" <cm-super-t2b.enc <sfst2488.pfb
lbst2986 SFST2986 "T2BEncoding ReEncodeFont" <cm-super-t2b.enc <sfst2986.pfb
lbst3583 SFST3583 "T2BEncoding ReEncodeFont" <cm-super-t2b.enc <sfst3583.pfb
lbit0800 SFIT0800 "T2BEncoding ReEncodeFont" <cm-super-t2b.enc <sfit0800.pfb
lbit0900 SFIT0900 "T2BEncoding ReEncodeFont" <cm-super-t2b.enc <sfit0900.pfb
lbit1000 SFIT1000 "T2BEncoding ReEncodeFont" <cm-super-t2b.enc <sfit1000.pfb
lbit1095 SFIT1095 "T2BEncoding ReEncodeFont" <cm-super-t2b.enc <sfit1095.pfb
lbit1200 SFIT1200 "T2BEncoding ReEncodeFont" <cm-super-t2b.enc <sfit1200.pfb
lbit1440 SFIT1440 "T2BEncoding ReEncodeFont" <cm-super-t2b.enc <sfit1440.pfb
lbit1728 SFIT1728 "T2BEncoding ReEncodeFont" <cm-super-t2b.enc <sfit1728.pfb
lbit2074 SFIT2074 "T2BEncoding ReEncodeFont" <cm-super-t2b.enc <sfit2074.pfb
lbit2488 SFIT2488 "T2BEncoding ReEncodeFont" <cm-super-t2b.enc <sfit2488.pfb
lbit2986 SFIT2986 "T2BEncoding ReEncodeFont" <cm-super-t2b.enc <sfit2488.pfb
lbit3583 SFIT3583 "T2BEncoding ReEncodeFont" <cm-super-t2b.enc <sfit2488.pfb
lbtc0800 SFTC0800 "T2BEncoding ReEncodeFont" <cm-super-t2b.enc <sftc0800.pfb
lbtc0900 SFTC0900 "T2BEncoding ReEncodeFont" <cm-super-t2b.enc <sftc0900.pfb
lbtc1000 SFTC1000 "T2BEncoding ReEncodeFont" <cm-super-t2b.enc <sftc1000.pfb
lbtc1095 SFTC1095 "T2BEncoding ReEncodeFont" <cm-super-t2b.enc <sftc1095.pfb
lbtc1200 SFTC1200 "T2BEncoding ReEncodeFont" <cm-super-t2b.enc <sftc1200.pfb
lbtc1440 SFTC1440 "T2BEncoding ReEncodeFont" <cm-super-t2b.enc <sftc1440.pfb
lbtc1728 SFTC1728 "T2BEncoding ReEncodeFont" <cm-super-t2b.enc <sftc1728.pfb
lbtc2074 SFTC2074 "T2BEncoding ReEncodeFont" <cm-super-t2b.enc <sftc2074.pfb
lbtc2488 SFTC2488 "T2BEncoding ReEncodeFont" <cm-super-t2b.enc <sftc2488.pfb
lbtc2986 SFTC2986 "T2BEncoding ReEncodeFont" <cm-super-t2b.enc <sftc2986.pfb
lbtc3583 SFTC3583 "T2BEncoding ReEncodeFont" <cm-super-t2b.enc <sftc3583.pfb
lbvt0800 SFVT0800 "T2BEncoding ReEncodeFont" <cm-super-t2b.enc <sfvt0800.pfb
lbvt0900 SFVT0900 "T2BEncoding ReEncodeFont" <cm-super-t2b.enc <sfvt0900.pfb
lbvt1000 SFVT1000 "T2BEncoding ReEncodeFont" <cm-super-t2b.enc <sfvt1000.pfb
lbvt1095 SFVT1095 "T2BEncoding ReEncodeFont" <cm-super-t2b.enc <sfvt1095.pfb
lbvt1200 SFVT1200 "T2BEncoding ReEncodeFont" <cm-super-t2b.enc <sfvt1200.pfb
lbvt1440 SFVT1440 "T2BEncoding ReEncodeFont" <cm-super-t2b.enc <sfvt1440.pfb
lbvt1728 SFVT1728 "T2BEncoding ReEncodeFont" <cm-super-t2b.enc <sfvt1728.pfb
lbvt2074 SFVT2074 "T2BEncoding ReEncodeFont" <cm-super-t2b.enc <sfvt2074.pfb
lbvt2488 SFVT2488 "T2BEncoding ReEncodeFont" <cm-super-t2b.enc <sfvt2488.pfb
lbvt2986 SFVT2986 "T2BEncoding ReEncodeFont" <cm-super-t2b.enc <sfvt2986.pfb
lbvt3583 SFVT3583 "T2BEncoding ReEncodeFont" <cm-super-t2b.enc <sfvt3583.pfb
lbvi0800 SFVI0800 "T2BEncoding ReEncodeFont" <cm-super-t2b.enc <sfvi0800.pfb
lbvi0900 SFVI0900 "T2BEncoding ReEncodeFont" <cm-super-t2b.enc <sfvi0900.pfb
lbvi1000 SFVI1000 "T2BEncoding ReEncodeFont" <cm-super-t2b.enc <sfvi1000.pfb
lbvi1095 SFVI1095 "T2BEncoding ReEncodeFont" <cm-super-t2b.enc <sfvi1095.pfb
lbvi1200 SFVI1200 "T2BEncoding ReEncodeFont" <cm-super-t2b.enc <sfvi1200.pfb
lbvi1440 SFVI1440 "T2BEncoding ReEncodeFont" <cm-super-t2b.enc <sfvi1440.pfb
lbvi1728 SFVI1728 "T2BEncoding ReEncodeFont" <cm-super-t2b.enc <sfvi1728.pfb
lbvi2074 SFVI2074 "T2BEncoding ReEncodeFont" <cm-super-t2b.enc <sfvi2074.pfb
lbvi2488 SFVI2488 "T2BEncoding ReEncodeFont" <cm-super-t2b.enc <sfvi2488.pfb
lbvi2986 SFVI2986 "T2BEncoding ReEncodeFont" <cm-super-t2b.enc <sfvi2986.pfb
lbvi3583 SFVI3583 "T2BEncoding ReEncodeFont" <cm-super-t2b.enc <sfvi3583.pfb
lbdh0500 SFDH0500 "T2BEncoding ReEncodeFont" <cm-super-t2b.enc <sfdh0500.pfb
lbdh0600 SFDH0600 "T2BEncoding ReEncodeFont" <cm-super-t2b.enc <sfdh0600.pfb
lbdh0700 SFDH0700 "T2BEncoding ReEncodeFont" <cm-super-t2b.enc <sfdh0700.pfb
lbdh0800 SFDH0800 "T2BEncoding ReEncodeFont" <cm-super-t2b.enc <sfdh0800.pfb
lbdh0900 SFDH0900 "T2BEncoding ReEncodeFont" <cm-super-t2b.enc <sfdh0900.pfb
lbdh1000 SFDH1000 "T2BEncoding ReEncodeFont" <cm-super-t2b.enc <sfdh1000.pfb
lbdh1095 SFDH1095 "T2BEncoding ReEncodeFont" <cm-super-t2b.enc <sfdh1095.pfb
lbdh1200 SFDH1200 "T2BEncoding ReEncodeFont" <cm-super-t2b.enc <sfdh1200.pfb
lbdh1440 SFDH1440 "T2BEncoding ReEncodeFont" <cm-super-t2b.enc <sfdh1440.pfb
lbdh1728 SFDH1728 "T2BEncoding ReEncodeFont" <cm-super-t2b.enc <sfdh1728.pfb
lbdh2074 SFDH2074 "T2BEncoding ReEncodeFont" <cm-super-t2b.enc <sfdh2074.pfb
lbdh2488 SFDH2488 "T2BEncoding ReEncodeFont" <cm-super-t2b.enc <sfdh2488.pfb
lbdh2986 SFDH2986 "T2BEncoding ReEncodeFont" <cm-super-t2b.enc <sfdh2986.pfb
lbdh3583 SFDH3583 "T2BEncoding ReEncodeFont" <cm-super-t2b.enc <sfdh3583.pfb
lbfb0500 SFFB0500 "T2BEncoding ReEncodeFont" <cm-super-t2b.enc <sffb0500.pfb
lbfb0600 SFFB0600 "T2BEncoding ReEncodeFont" <cm-super-t2b.enc <sffb0600.pfb
lbfb0700 SFFB0700 "T2BEncoding ReEncodeFont" <cm-super-t2b.enc <sffb0700.pfb
lbfb0800 SFFB0800 "T2BEncoding ReEncodeFont" <cm-super-t2b.enc <sffb0800.pfb
lbfb0900 SFFB0900 "T2BEncoding ReEncodeFont" <cm-super-t2b.enc <sffb0900.pfb
lbfb1000 SFFB1000 "T2BEncoding ReEncodeFont" <cm-super-t2b.enc <sffb1000.pfb
lbfb1095 SFFB1095 "T2BEncoding ReEncodeFont" <cm-super-t2b.enc <sffb1095.pfb
lbfb1200 SFFB1200 "T2BEncoding ReEncodeFont" <cm-super-t2b.enc <sffb1200.pfb
lbfb1440 SFFB1440 "T2BEncoding ReEncodeFont" <cm-super-t2b.enc <sffb1440.pfb
lbfb1728 SFFB1728 "T2BEncoding ReEncodeFont" <cm-super-t2b.enc <sffb1728.pfb
lbfb2074 SFFB2074 "T2BEncoding ReEncodeFont" <cm-super-t2b.enc <sffb2074.pfb
lbfb2488 SFFB2488 "T2BEncoding ReEncodeFont" <cm-super-t2b.enc <sffb2074.pfb
lbfb2986 SFFB2986 "T2BEncoding ReEncodeFont" <cm-super-t2b.enc <sffb2074.pfb
lbfb3583 SFFB3583 "T2BEncoding ReEncodeFont" <cm-super-t2b.enc <sffb2074.pfb
lbfs0500 SFFS0500 "T2BEncoding ReEncodeFont" <cm-super-t2b.enc <sffs0500.pfb
lbfs0600 SFFS0600 "T2BEncoding ReEncodeFont" <cm-super-t2b.enc <sffs0600.pfb
lbfs0700 SFFS0700 "T2BEncoding ReEncodeFont" <cm-super-t2b.enc <sffs0700.pfb
lbfs0800 SFFS0800 "T2BEncoding ReEncodeFont" <cm-super-t2b.enc <sffs0800.pfb
lbfs0900 SFFS0900 "T2BEncoding ReEncodeFont" <cm-super-t2b.enc <sffs0900.pfb
lbfs1000 SFFS1000 "T2BEncoding ReEncodeFont" <cm-super-t2b.enc <sffs1000.pfb
lbfs1095 SFFS1095 "T2BEncoding ReEncodeFont" <cm-super-t2b.enc <sffs1095.pfb
lbfs1200 SFFS1200 "T2BEncoding ReEncodeFont" <cm-super-t2b.enc <sffs1200.pfb
lbfs1440 SFFS1440 "T2BEncoding ReEncodeFont" <cm-super-t2b.enc <sffs1440.pfb
lbfs1728 SFFS1728 "T2BEncoding ReEncodeFont" <cm-super-t2b.enc <sffs1728.pfb
lbfs2074 SFFS2074 "T2BEncoding ReEncodeFont" <cm-super-t2b.enc <sffs2074.pfb
lbfs2488 SFFS2488 "T2BEncoding ReEncodeFont" <cm-super-t2b.enc <sffs2074.pfb
lbfs2986 SFFS2986 "T2BEncoding ReEncodeFont" <cm-super-t2b.enc <sffs2074.pfb
lbfs3583 SFFS3583 "T2BEncoding ReEncodeFont" <cm-super-t2b.enc <sffs2074.pfb
lbff0500 SFFF0500 "T2BEncoding ReEncodeFont" <cm-super-t2b.enc <sfff0900.pfb
lbff0600 SFFF0600 "T2BEncoding ReEncodeFont" <cm-super-t2b.enc <sfff0900.pfb
lbff0700 SFFF0700 "T2BEncoding ReEncodeFont" <cm-super-t2b.enc <sfff0900.pfb
lbff0800 SFFF0800 "T2BEncoding ReEncodeFont" <cm-super-t2b.enc <sfff0900.pfb
lbff0900 SFFF0900 "T2BEncoding ReEncodeFont" <cm-super-t2b.enc <sfff0900.pfb
lbff1000 SFFF1000 "T2BEncoding ReEncodeFont" <cm-super-t2b.enc <sfff1000.pfb
lbff1095 SFFF1095 "T2BEncoding ReEncodeFont" <cm-super-t2b.enc <sfff1095.pfb
lbff1200 SFFF1200 "T2BEncoding ReEncodeFont" <cm-super-t2b.enc <sfff1200.pfb
lbff1440 SFFF1440 "T2BEncoding ReEncodeFont" <cm-super-t2b.enc <sfff1440.pfb
lbff1728 SFFF1728 "T2BEncoding ReEncodeFont" <cm-super-t2b.enc <sfff1440.pfb
lbff2074 SFFF2074 "T2BEncoding ReEncodeFont" <cm-super-t2b.enc <sfff2488.pfb
lbff2488 SFFF2488 "T2BEncoding ReEncodeFont" <cm-super-t2b.enc <sfff2488.pfb
lbff2986 SFFF2986 "T2BEncoding ReEncodeFont" <cm-super-t2b.enc <sfff2488.pfb
lbff3583 SFFF3583 "T2BEncoding ReEncodeFont" <cm-super-t2b.enc <sfff2488.pfb
lbfi0500 SFFI0500 "T2BEncoding ReEncodeFont" <cm-super-t2b.enc <sffi0900.pfb
lbfi0600 SFFI0600 "T2BEncoding ReEncodeFont" <cm-super-t2b.enc <sffi0900.pfb
lbfi0700 SFFI0700 "T2BEncoding ReEncodeFont" <cm-super-t2b.enc <sffi0900.pfb
lbfi0800 SFFI0800 "T2BEncoding ReEncodeFont" <cm-super-t2b.enc <sffi0900.pfb
lbfi0900 SFFI0900 "T2BEncoding ReEncodeFont" <cm-super-t2b.enc <sffi0900.pfb
lbfi1000 SFFI1000 "T2BEncoding ReEncodeFont" <cm-super-t2b.enc <sffi1000.pfb
lbfi1095 SFFI1095 "T2BEncoding ReEncodeFont" <cm-super-t2b.enc <sffi1095.pfb
lbfi1200 SFFI1200 "T2BEncoding ReEncodeFont" <cm-super-t2b.enc <sffi1200.pfb
lbfi1440 SFFI1440 "T2BEncoding ReEncodeFont" <cm-super-t2b.enc <sffi1440.pfb
lbfi1728 SFFI1728 "T2BEncoding ReEncodeFont" <cm-super-t2b.enc <sffi1728.pfb
lbfi2074 SFFI2074 "T2BEncoding ReEncodeFont" <cm-super-t2b.enc <sffi2074.pfb
lbfi2488 SFFI2488 "T2BEncoding ReEncodeFont" <cm-super-t2b.enc <sffi2074.pfb
lbfi2986 SFFI2986 "T2BEncoding ReEncodeFont" <cm-super-t2b.enc <sffi2074.pfb
lbfi3583 SFFI3583 "T2BEncoding ReEncodeFont" <cm-super-t2b.enc <sffi2074.pfb
lblq8 SFLQ8 "T2BEncoding ReEncodeFont" <cm-super-t2b.enc <sflq8.pfb
lbli8 SFLI8 "T2BEncoding ReEncodeFont" <cm-super-t2b.enc <sfli8.pfb
lblb8 SFLB8 "T2BEncoding ReEncodeFont" <cm-super-t2b.enc <sflb8.pfb
lblo8 SFLO8 "T2BEncoding ReEncodeFont" <cm-super-t2b.enc <sflo8.pfb
lbltt8 SFLTT8 "T2BEncoding ReEncodeFont" <cm-super-t2b.enc <sfltt8.pfb
ilblq8 ISFLQ8 "T2BEncoding ReEncodeFont" <cm-super-t2b.enc <isflq8.pfb
ilbli8 ISFLI8 "T2BEncoding ReEncodeFont" <cm-super-t2b.enc <isfli8.pfb
ilblb8 ISFLB8 "T2BEncoding ReEncodeFont" <cm-super-t2b.enc <isflb8.pfb
ilblo8 ISFLO8 "T2BEncoding ReEncodeFont" <cm-super-t2b.enc <isflo8.pfb
ilbltt8 ISFLTT8 "T2BEncoding ReEncodeFont" <cm-super-t2b.enc <isfltt8.pfb
lbsq8 SFSQ8 "T2BEncoding ReEncodeFont" <cm-super-t2b.enc <sfsq8.pfb
lbqi8 SFQI8 "T2BEncoding ReEncodeFont" <cm-super-t2b.enc <sfqi8.pfb
lbssdc10 SFSSDC10 "T2BEncoding ReEncodeFont" <cm-super-t2b.enc <sfssdc10.pfb
lborm5 SFORM5 "T2BEncoding ReEncodeFont" <cm-super-t2b.enc <sform5.pfb
lborm6 SFORM6 "T2BEncoding ReEncodeFont" <cm-super-t2b.enc <sform6.pfb
lborm7 SFORM7 "T2BEncoding ReEncodeFont" <cm-super-t2b.enc <sform7.pfb
lborm8 SFORM8 "T2BEncoding ReEncodeFont" <cm-super-t2b.enc <sform8.pfb
lborm9 SFORM9 "T2BEncoding ReEncodeFont" <cm-super-t2b.enc <sform9.pfb
lborm10 SFORM10 "T2BEncoding ReEncodeFont" <cm-super-t2b.enc <sform10.pfb
lbosl5 SFOSL5 "T2BEncoding ReEncodeFont" <cm-super-t2b.enc <sfosl5.pfb
lbosl6 SFOSL6 "T2BEncoding ReEncodeFont" <cm-super-t2b.enc <sfosl6.pfb
lbosl7 SFOSL7 "T2BEncoding ReEncodeFont" <cm-super-t2b.enc <sfosl7.pfb
lbosl8 SFOSL8 "T2BEncoding ReEncodeFont" <cm-super-t2b.enc <sfosl8.pfb
lbosl9 SFOSL9 "T2BEncoding ReEncodeFont" <cm-super-t2b.enc <sfosl9.pfb
lbosl10 SFOSL10 "T2BEncoding ReEncodeFont" <cm-super-t2b.enc <sfosl10.pfb
lboti10 SFOTI10 "T2BEncoding ReEncodeFont" <cm-super-t2b.enc <sfoti10.pfb
lbocc10 SFOCC10 "T2BEncoding ReEncodeFont" <cm-super-t2b.enc <sfocc10.pfb
lbbmr8 SFBMR8 "T2BEncoding ReEncodeFont" <cm-super-t2b.enc <sfbmr8.pfb
lbbmr9 SFBMR9 "T2BEncoding ReEncodeFont" <cm-super-t2b.enc <sfbmr9.pfb
lbbmr10 SFBMR10 "T2BEncoding ReEncodeFont" <cm-super-t2b.enc <sfbmr10.pfb
lbbmr17 SFBMR17 "T2BEncoding ReEncodeFont" <cm-super-t2b.enc <sfbmr17.pfb
lbbmo8 SFBMO8 "T2BEncoding ReEncodeFont" <cm-super-t2b.enc <sfbmo8.pfb
lbbmo9 SFBMO9 "T2BEncoding ReEncodeFont" <cm-super-t2b.enc <sfbmo9.pfb
lbbmo10 SFBMO10 "T2BEncoding ReEncodeFont" <cm-super-t2b.enc <sfbmo10.pfb
lbbmo17 SFBMO17 "T2BEncoding ReEncodeFont" <cm-super-t2b.enc <sfbmo17.pfb
lbbsr8 SFBSR8 "T2BEncoding ReEncodeFont" <cm-super-t2b.enc <sfbsr8.pfb
lbbsr9 SFBSR9 "T2BEncoding ReEncodeFont" <cm-super-t2b.enc <sfbsr9.pfb
lbbsr10 SFBSR10 "T2BEncoding ReEncodeFont" <cm-super-t2b.enc <sfbsr10.pfb
lbbsr17 SFBSR17 "T2BEncoding ReEncodeFont" <cm-super-t2b.enc <sfbsr17.pfb
lbbso8 SFBSO8 "T2BEncoding ReEncodeFont" <cm-super-t2b.enc <sfbso8.pfb
lbbso9 SFBSO9 "T2BEncoding ReEncodeFont" <cm-super-t2b.enc <sfbso9.pfb
lbbso10 SFBSO10 "T2BEncoding ReEncodeFont" <cm-super-t2b.enc <sfbso10.pfb
lbbso17 SFBSO17 "T2BEncoding ReEncodeFont" <cm-super-t2b.enc <sfbso17.pfb
lbbbx10 SFBBX10 "T2BEncoding ReEncodeFont" <cm-super-t2b.enc <sfbbx10.pfb
lbbtl10 SFBTL10 "T2BEncoding ReEncodeFont" <cm-super-t2b.enc <sfbtl10.pfb
lbbto10 SFBTO10 "T2BEncoding ReEncodeFont" <cm-super-t2b.enc <sfbto10.pfb
