% cm-super-x2.map: map file for X2-encoded CM-Super fonts
rxrm0500 SFRM0500 "X2Encoding ReEncodeFont" <cm-super-x2.enc <sfrm0500.pfb
rxrm0600 SFRM0600 "X2Encoding ReEncodeFont" <cm-super-x2.enc <sfrm0600.pfb
rxrm0700 SFRM0700 "X2Encoding ReEncodeFont" <cm-super-x2.enc <sfrm0700.pfb
rxrm0800 SFRM0800 "X2Encoding ReEncodeFont" <cm-super-x2.enc <sfrm0800.pfb
rxrm0900 SFRM0900 "X2Encoding ReEncodeFont" <cm-super-x2.enc <sfrm0900.pfb
rxrm1000 SFRM1000 "X2Encoding ReEncodeFont" <cm-super-x2.enc <sfrm1000.pfb
rxrm1095 SFRM1095 "X2Encoding ReEncodeFont" <cm-super-x2.enc <sfrm1095.pfb
rxrm1200 SFRM1200 "X2Encoding ReEncodeFont" <cm-super-x2.enc <sfrm1200.pfb
rxrm1440 SFRM1440 "X2Encoding ReEncodeFont" <cm-super-x2.enc <sfrm1440.pfb
rxrm1728 SFRM1728 "X2Encoding ReEncodeFont" <cm-super-x2.enc <sfrm1728.pfb
rxrm2074 SFRM2074 "X2Encoding ReEncodeFont" <cm-super-x2.enc <sfrm2074.pfb
rxrm2488 SFRM2488 "X2Encoding ReEncodeFont" <cm-super-x2.enc <sfrm2488.pfb
rxrm2986 SFRM2986 "X2Encoding ReEncodeFont" <cm-super-x2.enc <sfrm2986.pfb
rxrm3583 SFRM3583 "X2Encoding ReEncodeFont" <cm-super-x2.enc <sfrm3583.pfb
rxsl0500 SFSL0500 "X2Encoding ReEncodeFont" <cm-super-x2.enc <sfsl0500.pfb
rxsl0600 SFSL0600 "X2Encoding ReEncodeFont" <cm-super-x2.enc <sfsl0600.pfb
rxsl0700 SFSL0700 "X2Encoding ReEncodeFont" <cm-super-x2.enc <sfsl0700.pfb
rxsl0800 SFSL0800 "X2Encoding ReEncodeFont" <cm-super-x2.enc <sfsl0800.pfb
rxsl0900 SFSL0900 "X2Encoding ReEncodeFont" <cm-super-x2.enc <sfsl0900.pfb
rxsl1000 SFSL1000 "X2Encoding ReEncodeFont" <cm-super-x2.enc <sfsl1000.pfb
rxsl1095 SFSL1095 "X2Encoding ReEncodeFont" <cm-super-x2.enc <sfsl1095.pfb
rxsl1200 SFSL1200 "X2Encoding ReEncodeFont" <cm-super-x2.enc <sfsl1200.pfb
rxsl1440 SFSL1440 "X2Encoding ReEncodeFont" <cm-super-x2.enc <sfsl1440.pfb
rxsl1728 SFSL1728 "X2Encoding ReEncodeFont" <cm-super-x2.enc <sfsl1728.pfb
rxsl2074 SFSL2074 "X2Encoding ReEncodeFont" <cm-super-x2.enc <sfsl2074.pfb
rxsl2488 SFSL2488 "X2Encoding ReEncodeFont" <cm-super-x2.enc <sfsl2488.pfb
rxsl2986 SFSL2986 "X2Encoding ReEncodeFont" <cm-super-x2.enc <sfsl2986.pfb
rxsl3583 SFSL3583 "X2Encoding ReEncodeFont" <cm-super-x2.enc <sfsl3583.pfb
rxti0500 SFTI0500 "X2Encoding ReEncodeFont" <cm-super-x2.enc <sfti0500.pfb
rxti0600 SFTI0600 "X2Encoding ReEncodeFont" <cm-super-x2.enc <sfti0600.pfb
rxti0700 SFTI0700 "X2Encoding ReEncodeFont" <cm-super-x2.enc <sfti0700.pfb
rxti0800 SFTI0800 "X2Encoding ReEncodeFont" <cm-super-x2.enc <sfti0800.pfb
rxti0900 SFTI0900 "X2Encoding ReEncodeFont" <cm-super-x2.enc <sfti0900.pfb
rxti1000 SFTI1000 "X2Encoding ReEncodeFont" <cm-super-x2.enc <sfti1000.pfb
rxti1095 SFTI1095 "X2Encoding ReEncodeFont" <cm-super-x2.enc <sfti1095.pfb
rxti1200 SFTI1200 "X2Encoding ReEncodeFont" <cm-super-x2.enc <sfti1200.pfb
rxti1440 SFTI1440 "X2Encoding ReEncodeFont" <cm-super-x2.enc <sfti1440.pfb
rxti1728 SFTI1728 "X2Encoding ReEncodeFont" <cm-super-x2.enc <sfti1728.pfb
rxti2074 SFTI2074 "X2Encoding ReEncodeFont" <cm-super-x2.enc <sfti2074.pfb
rxti2488 SFTI2488 "X2Encoding ReEncodeFont" <cm-super-x2.enc <sfti2488.pfb
rxti2986 SFTI2986 "X2Encoding ReEncodeFont" <cm-super-x2.enc <sfti2986.pfb
rxti3583 SFTI3583 "X2Encoding ReEncodeFont" <cm-super-x2.enc <sfti3583.pfb
rxcc0500 SFCC0500 "X2Encoding ReEncodeFont" <cm-super-x2.enc <sfcc0500.pfb
rxcc0600 SFCC0600 "X2Encoding ReEncodeFont" <cm-super-x2.enc <sfcc0600.pfb
rxcc0700 SFCC0700 "X2Encoding ReEncodeFont" <cm-super-x2.enc <sfcc0700.pfb
rxcc0800 SFCC0800 "X2Encoding ReEncodeFont" <cm-super-x2.enc <sfcc0800.pfb
rxcc0900 SFCC0900 "X2Encoding ReEncodeFont" <cm-super-x2.enc <sfcc0900.pfb
rxcc1000 SFCC1000 "X2Encoding ReEncodeFont" <cm-super-x2.enc <sfcc1000.pfb
rxcc1095 SFCC1095 "X2Encoding ReEncodeFont" <cm-super-x2.enc <sfcc1095.pfb
rxcc1200 SFCC1200 "X2Encoding ReEncodeFont" <cm-super-x2.enc <sfcc1200.pfb
rxcc1440 SFCC1440 "X2Encoding ReEncodeFont" <cm-super-x2.enc <sfcc1440.pfb
rxcc1728 SFCC1728 "X2Encoding ReEncodeFont" <cm-super-x2.enc <sfcc1728.pfb
rxcc2074 SFCC2074 "X2Encoding ReEncodeFont" <cm-super-x2.enc <sfcc2074.pfb
rxcc2488 SFCC2488 "X2Encoding ReEncodeFont" <cm-super-x2.enc <sfcc2488.pfb
rxcc2986 SFCC2986 "X2Encoding ReEncodeFont" <cm-super-x2.enc <sfcc2986.pfb
rxcc3583 SFCC3583 "X2Encoding ReEncodeFont" <cm-super-x2.enc <sfcc3583.pfb
rxui0500 SFUI0500 "X2Encoding ReEncodeFont" <cm-super-x2.enc <sfui0500.pfb
rxui0600 SFUI0600 "X2Encoding ReEncodeFont" <cm-super-x2.enc <sfui0600.pfb
rxui0700 SFUI0700 "X2Encoding ReEncodeFont" <cm-super-x2.enc <sfui0700.pfb
rxui0800 SFUI0800 "X2Encoding ReEncodeFont" <cm-super-x2.enc <sfui0800.pfb
rxui0900 SFUI0900 "X2Encoding ReEncodeFont" <cm-super-x2.enc <sfui0900.pfb
rxui1000 SFUI1000 "X2Encoding ReEncodeFont" <cm-super-x2.enc <sfui1000.pfb
rxui1095 SFUI1095 "X2Encoding ReEncodeFont" <cm-super-x2.enc <sfui1095.pfb
rxui1200 SFUI1200 "X2Encoding ReEncodeFont" <cm-super-x2.enc <sfui1200.pfb
rxui1440 SFUI1440 "X2Encoding ReEncodeFont" <cm-super-x2.enc <sfui1440.pfb
rxui1728 SFUI1728 "X2Encoding ReEncodeFont" <cm-super-x2.enc <sfui1728.pfb
rxui2074 SFUI2074 "X2Encoding ReEncodeFont" <cm-super-x2.enc <sfui2074.pfb
rxui2488 SFUI2488 "X2Encoding ReEncodeFont" <cm-super-x2.enc <sfui2488.pfb
rxui2986 SFUI2986 "X2Encoding ReEncodeFont" <cm-super-x2.enc <sfui2986.pfb
rxui3583 SFUI3583 "X2Encoding ReEncodeFont" <cm-super-x2.enc <sfui3583.pfb
rxsc0500 SFSC0500 "X2Encoding ReEncodeFont" <cm-super-x2.enc <sfsc0500.pfb
rxsc0600 SFSC0600 "X2Encoding ReEncodeFont" <cm-super-x2.enc <sfsc0600.pfb
rxsc0700 SFSC0700 "X2Encoding ReEncodeFont" <cm-super-x2.enc <sfsc0700.pfb
rxsc0800 SFSC0800 "X2Encoding ReEncodeFont" <cm-super-x2.enc <sfsc0800.pfb
rxsc0900 SFSC0900 "X2Encoding ReEncodeFont" <cm-super-x2.enc <sfsc0900.pfb
rxsc1000 SFSC1000 "X2Encoding ReEncodeFont" <cm-super-x2.enc <sfsc1000.pfb
rxsc1095 SFSC1095 "X2Encoding ReEncodeFont" <cm-super-x2.enc <sfsc1095.pfb
rxsc1200 SFSC1200 "X2Encoding ReEncodeFont" <cm-super-x2.enc <sfsc1200.pfb
rxsc1440 SFSC1440 "X2Encoding ReEncodeFont" <cm-super-x2.enc <sfsc1440.pfb
rxsc1728 SFSC1728 "X2Encoding ReEncodeFont" <cm-super-x2.enc <sfsc1728.pfb
rxsc2074 SFSC2074 "X2Encoding ReEncodeFont" <cm-super-x2.enc <sfsc2074.pfb
rxsc2488 SFSC2488 "X2Encoding ReEncodeFont" <cm-super-x2.enc <sfsc2488.pfb
rxsc2986 SFSC2986 "X2Encoding ReEncodeFont" <cm-super-x2.enc <sfsc2986.pfb
rxsc3583 SFSC3583 "X2Encoding ReEncodeFont" <cm-super-x2.enc <sfsc3583.pfb
rxci0500 SFCI0500 "X2Encoding ReEncodeFont" <cm-super-x2.enc <sfci0500.pfb
rxci0600 SFCI0600 "X2Encoding ReEncodeFont" <cm-super-x2.enc <sfci0600.pfb
rxci0700 SFCI0700 "X2Encoding ReEncodeFont" <cm-super-x2.enc <sfci0700.pfb
rxci0800 SFCI0800 "X2Encoding ReEncodeFont" <cm-super-x2.enc <sfci0800.pfb
rxci0900 SFCI0900 "X2Encoding ReEncodeFont" <cm-super-x2.enc <sfci0900.pfb
rxci1000 SFCI1000 "X2Encoding ReEncodeFont" <cm-super-x2.enc <sfci1000.pfb
rxci1095 SFCI1095 "X2Encoding ReEncodeFont" <cm-super-x2.enc <sfci1095.pfb
rxci1200 SFCI1200 "X2Encoding ReEncodeFont" <cm-super-x2.enc <sfci1200.pfb
rxci1440 SFCI1440 "X2Encoding ReEncodeFont" <cm-super-x2.enc <sfci1440.pfb
rxci1728 SFCI1728 "X2Encoding ReEncodeFont" <cm-super-x2.enc <sfci1728.pfb
rxci2074 SFCI2074 "X2Encoding ReEncodeFont" <cm-super-x2.enc <sfci2074.pfb
rxci2488 SFCI2488 "X2Encoding ReEncodeFont" <cm-super-x2.enc <sfci2488.pfb
rxci2986 SFCI2986 "X2Encoding ReEncodeFont" <cm-super-x2.enc <sfci2986.pfb
rxci3583 SFCI3583 "X2Encoding ReEncodeFont" <cm-super-x2.enc <sfci3583.pfb
rxbx0500 SFBX0500 "X2Encoding ReEncodeFont" <cm-super-x2.enc <sfbx0500.pfb
rxbx0600 SFBX0600 "X2Encoding ReEncodeFont" <cm-super-x2.enc <sfbx0600.pfb
rxbx0700 SFBX0700 "X2Encoding ReEncodeFont" <cm-super-x2.enc <sfbx0700.pfb
rxbx0800 SFBX0800 "X2Encoding ReEncodeFont" <cm-super-x2.enc <sfbx0800.pfb
rxbx0900 SFBX0900 "X2Encoding ReEncodeFont" <cm-super-x2.enc <sfbx0900.pfb
rxbx1000 SFBX1000 "X2Encoding ReEncodeFont" <cm-super-x2.enc <sfbx1000.pfb
rxbx1095 SFBX1095 "X2Encoding ReEncodeFont" <cm-super-x2.enc <sfbx1095.pfb
rxbx1200 SFBX1200 "X2Encoding ReEncodeFont" <cm-super-x2.enc <sfbx1200.pfb
rxbx1440 SFBX1440 "X2Encoding ReEncodeFont" <cm-super-x2.enc <sfbx1440.pfb
rxbx1728 SFBX1728 "X2Encoding ReEncodeFont" <cm-super-x2.enc <sfbx1728.pfb
rxbx2074 SFBX2074 "X2Encoding ReEncodeFont" <cm-super-x2.enc <sfbx2074.pfb
rxbx2488 SFBX2488 "X2Encoding ReEncodeFont" <cm-super-x2.enc <sfbx2488.pfb
rxbx2986 SFBX2986 "X2Encoding ReEncodeFont" <cm-super-x2.enc <sfbx2986.pfb
rxbx3583 SFBX3583 "X2Encoding ReEncodeFont" <cm-super-x2.enc <sfbx3583.pfb
rxbl0500 SFBL0500 "X2Encoding ReEncodeFont" <cm-super-x2.enc <sfbl0500.pfb
rxbl0600 SFBL0600 "X2Encoding ReEncodeFont" <cm-super-x2.enc <sfbl0600.pfb
rxbl0700 SFBL0700 "X2Encoding ReEncodeFont" <cm-super-x2.enc <sfbl0700.pfb
rxbl0800 SFBL0800 "X2Encoding ReEncodeFont" <cm-super-x2.enc <sfbl0800.pfb
rxbl0900 SFBL0900 "X2Encoding ReEncodeFont" <cm-super-x2.enc <sfbl0900.pfb
rxbl1000 SFBL1000 "X2Encoding ReEncodeFont" <cm-super-x2.enc <sfbl1000.pfb
rxbl1095 SFBL1095 "X2Encoding ReEncodeFont" <cm-super-x2.enc <sfbl1095.pfb
rxbl1200 SFBL1200 "X2Encoding ReEncodeFont" <cm-super-x2.enc <sfbl1200.pfb
rxbl1440 SFBL1440 "X2Encoding ReEncodeFont" <cm-super-x2.enc <sfbl1440.pfb
rxbl1728 SFBL1728 "X2Encoding ReEncodeFont" <cm-super-x2.enc <sfbl1728.pfb
rxbl2074 SFBL2074 "X2Encoding ReEncodeFont" <cm-super-x2.enc <sfbl2074.pfb
rxbl2488 SFBL2488 "X2Encoding ReEncodeFont" <cm-super-x2.enc <sfbl2488.pfb
rxbl2986 SFBL2986 "X2Encoding ReEncodeFont" <cm-super-x2.enc <sfbl2986.pfb
rxbl3583 SFBL3583 "X2Encoding ReEncodeFont" <cm-super-x2.enc <sfbl3583.pfb
rxbi0500 SFBI0500 "X2Encoding ReEncodeFont" <cm-super-x2.enc <sfbi0500.pfb
rxbi0600 SFBI0600 "X2Encoding ReEncodeFont" <cm-super-x2.enc <sfbi0600.pfb
rxbi0700 SFBI0700 "X2Encoding ReEncodeFont" <cm-super-x2.enc <sfbi0700.pfb
rxbi0800 SFBI0800 "X2Encoding ReEncodeFont" <cm-super-x2.enc <sfbi0800.pfb
rxbi0900 SFBI0900 "X2Encoding ReEncodeFont" <cm-super-x2.enc <sfbi0900.pfb
rxbi1000 SFBI1000 "X2Encoding ReEncodeFont" <cm-super-x2.enc <sfbi1000.pfb
rxbi1095 SFBI1095 "X2Encoding ReEncodeFont" <cm-super-x2.enc <sfbi1095.pfb
rxbi1200 SFBI1200 "X2Encoding ReEncodeFont" <cm-super-x2.enc <sfbi1200.pfb
rxbi1440 SFBI1440 "X2Encoding ReEncodeFont" <cm-super-x2.enc <sfbi1440.pfb
rxbi1728 SFBI1728 "X2Encoding ReEncodeFont" <cm-super-x2.enc <sfbi1728.pfb
rxbi2074 SFBI2074 "X2Encoding ReEncodeFont" <cm-super-x2.enc <sfbi2074.pfb
rxbi2488 SFBI2488 "X2Encoding ReEncodeFont" <cm-super-x2.enc <sfbi2488.pfb
rxbi2986 SFBI2986 "X2Encoding ReEncodeFont" <cm-super-x2.enc <sfbi2986.pfb
rxbi3583 SFBI3583 "X2Encoding ReEncodeFont" <cm-super-x2.enc <sfbi3583.pfb
rxxc0500 SFXC0500 "X2Encoding ReEncodeFont" <cm-super-x2.enc <sfxc0500.pfb
rxxc0600 SFXC0600 "X2Encoding ReEncodeFont" <cm-super-x2.enc <sfxc0600.pfb
rxxc0700 SFXC0700 "X2Encoding ReEncodeFont" <cm-super-x2.enc <sfxc0700.pfb
rxxc0800 SFXC0800 "X2Encoding ReEncodeFont" <cm-super-x2.enc <sfxc0800.pfb
rxxc0900 SFXC0900 "X2Encoding ReEncodeFont" <cm-super-x2.enc <sfxc0900.pfb
rxxc1000 SFXC1000 "X2Encoding ReEncodeFont" <cm-super-x2.enc <sfxc1000.pfb
rxxc1095 SFXC1095 "X2Encoding ReEncodeFont" <cm-super-x2.enc <sfxc1095.pfb
rxxc1200 SFXC1200 "X2Encoding ReEncodeFont" <cm-super-x2.enc <sfxc1200.pfb
rxxc1440 SFXC1440 "X2Encoding ReEncodeFont" <cm-super-x2.enc <sfxc1440.pfb
rxxc1728 SFXC1728 "X2Encoding ReEncodeFont" <cm-super-x2.enc <sfxc1728.pfb
rxxc2074 SFXC2074 "X2Encoding ReEncodeFont" <cm-super-x2.enc <sfxc2074.pfb
rxxc2488 SFXC2488 "X2Encoding ReEncodeFont" <cm-super-x2.enc <sfxc2488.pfb
rxxc2986 SFXC2986 "X2Encoding ReEncodeFont" <cm-super-x2.enc <sfxc2986.pfb
rxxc3583 SFXC3583 "X2Encoding ReEncodeFont" <cm-super-x2.enc <sfxc3583.pfb
rxoc0500 SFOC0500 "X2Encoding ReEncodeFont" <cm-super-x2.enc <sfoc0500.pfb
rxoc0600 SFOC0600 "X2Encoding ReEncodeFont" <cm-super-x2.enc <sfoc0600.pfb
rxoc0700 SFOC0700 "X2Encoding ReEncodeFont" <cm-super-x2.enc <sfoc0700.pfb
rxoc0800 SFOC0800 "X2Encoding ReEncodeFont" <cm-super-x2.enc <sfoc0800.pfb
rxoc0900 SFOC0900 "X2Encoding ReEncodeFont" <cm-super-x2.enc <sfoc0900.pfb
rxoc1000 SFOC1000 "X2Encoding ReEncodeFont" <cm-super-x2.enc <sfoc1000.pfb
rxoc1095 SFOC1095 "X2Encoding ReEncodeFont" <cm-super-x2.enc <sfoc1095.pfb
rxoc1200 SFOC1200 "X2Encoding ReEncodeFont" <cm-super-x2.enc <sfoc1200.pfb
rxoc1440 SFOC1440 "X2Encoding ReEncodeFont" <cm-super-x2.enc <sfoc1440.pfb
rxoc1728 SFOC1728 "X2Encoding ReEncodeFont" <cm-super-x2.enc <sfoc1728.pfb
rxoc2074 SFOC2074 "X2Encoding ReEncodeFont" <cm-super-x2.enc <sfoc2074.pfb
rxoc2488 SFOC2488 "X2Encoding ReEncodeFont" <cm-super-x2.enc <sfoc2488.pfb
rxoc2986 SFOC2986 "X2Encoding ReEncodeFont" <cm-super-x2.enc <sfoc2986.pfb
rxoc3583 SFOC3583 "X2Encoding ReEncodeFont" <cm-super-x2.enc <sfoc3583.pfb
rxrb0500 SFRB0500 "X2Encoding ReEncodeFont" <cm-super-x2.enc <sfrb0500.pfb
rxrb0600 SFRB0600 "X2Encoding ReEncodeFont" <cm-super-x2.enc <sfrb0600.pfb
rxrb0700 SFRB0700 "X2Encoding ReEncodeFont" <cm-super-x2.enc <sfrb0700.pfb
rxrb0800 SFRB0800 "X2Encoding ReEncodeFont" <cm-super-x2.enc <sfrb0800.pfb
rxrb0900 SFRB0900 "X2Encoding ReEncodeFont" <cm-super-x2.enc <sfrb0900.pfb
rxrb1000 SFRB1000 "X2Encoding ReEncodeFont" <cm-super-x2.enc <sfrb1000.pfb
rxrb1095 SFRB1095 "X2Encoding ReEncodeFont" <cm-super-x2.enc <sfrb1095.pfb
rxrb1200 SFRB1200 "X2Encoding ReEncodeFont" <cm-super-x2.enc <sfrb1200.pfb
rxrb1440 SFRB1440 "X2Encoding ReEncodeFont" <cm-super-x2.enc <sfrb1440.pfb
rxrb1728 SFRB1728 "X2Encoding ReEncodeFont" <cm-super-x2.enc <sfrb1728.pfb
rxrb2074 SFRB2074 "X2Encoding ReEncodeFont" <cm-super-x2.enc <sfrb2074.pfb
rxrb2488 SFRB2488 "X2Encoding ReEncodeFont" <cm-super-x2.enc <sfrb2488.pfb
rxrb2986 SFRB2986 "X2Encoding ReEncodeFont" <cm-super-x2.enc <sfrb2986.pfb
rxrb3583 SFRB3583 "X2Encoding ReEncodeFont" <cm-super-x2.enc <sfrb3583.pfb
rxbm0500 SFBM0500 "X2Encoding ReEncodeFont" <cm-super-x2.enc <sfbm0500.pfb
rxbm0600 SFBM0600 "X2Encoding ReEncodeFont" <cm-super-x2.enc <sfbm0700.pfb
rxbm0700 SFBM0700 "X2Encoding ReEncodeFont" <cm-super-x2.enc <sfbm0700.pfb
rxbm0800 SFBM0800 "X2Encoding ReEncodeFont" <cm-super-x2.enc <sfbm0900.pfb
rxbm0900 SFBM0900 "X2Encoding ReEncodeFont" <cm-super-x2.enc <sfbm0900.pfb
rxbm1000 SFBM1000 "X2Encoding ReEncodeFont" <cm-super-x2.enc <sfbm1000.pfb
rxbm1095 SFBM1095 "X2Encoding ReEncodeFont" <cm-super-x2.enc <sfbm1095.pfb
rxbm1200 SFBM1200 "X2Encoding ReEncodeFont" <cm-super-x2.enc <sfbm1200.pfb
rxbm1440 SFBM1440 "X2Encoding ReEncodeFont" <cm-super-x2.enc <sfbm1440.pfb
rxbm1728 SFBM1728 "X2Encoding ReEncodeFont" <cm-super-x2.enc <sfbm1728.pfb
rxbm2074 SFBM2074 "X2Encoding ReEncodeFont" <cm-super-x2.enc <sfbm2074.pfb
rxbm2488 SFBM2488 "X2Encoding ReEncodeFont" <cm-super-x2.enc <sfbm2488.pfb
rxbm2986 SFBM2986 "X2Encoding ReEncodeFont" <cm-super-x2.enc <sfbm2986.pfb
rxbm3583 SFBM3583 "X2Encoding ReEncodeFont" <cm-super-x2.enc <sfbm3583.pfb
rxss0500 SFSS0500 "X2Encoding ReEncodeFont" <cm-super-x2.enc <sfss0500.pfb
rxss0600 SFSS0600 "X2Encoding ReEncodeFont" <cm-super-x2.enc <sfss0600.pfb
rxss0700 SFSS0700 "X2Encoding ReEncodeFont" <cm-super-x2.enc <sfss0700.pfb
rxss0800 SFSS0800 "X2Encoding ReEncodeFont" <cm-super-x2.enc <sfss0800.pfb
rxss0900 SFSS0900 "X2Encoding ReEncodeFont" <cm-super-x2.enc <sfss0900.pfb
rxss1000 SFSS1000 "X2Encoding ReEncodeFont" <cm-super-x2.enc <sfss1000.pfb
rxss1095 SFSS1095 "X2Encoding ReEncodeFont" <cm-super-x2.enc <sfss1095.pfb
rxss1200 SFSS1200 "X2Encoding ReEncodeFont" <cm-super-x2.enc <sfss1200.pfb
rxss1440 SFSS1440 "X2Encoding ReEncodeFont" <cm-super-x2.enc <sfss1440.pfb
rxss1728 SFSS1728 "X2Encoding ReEncodeFont" <cm-super-x2.enc <sfss1728.pfb
rxss2074 SFSS2074 "X2Encoding ReEncodeFont" <cm-super-x2.enc <sfss2074.pfb
rxss2488 SFSS2488 "X2Encoding ReEncodeFont" <cm-super-x2.enc <sfss2488.pfb
rxss2986 SFSS2986 "X2Encoding ReEncodeFont" <cm-super-x2.enc <sfss2986.pfb
rxss3583 SFSS3583 "X2Encoding ReEncodeFont" <cm-super-x2.enc <sfss3583.pfb
rxsi0500 SFSI0500 "X2Encoding ReEncodeFont" <cm-super-x2.enc <sfsi0500.pfb
rxsi0600 SFSI0600 "X2Encoding ReEncodeFont" <cm-super-x2.enc <sfsi0600.pfb
rxsi0700 SFSI0700 "X2Encoding ReEncodeFont" <cm-super-x2.enc <sfsi0700.pfb
rxsi0800 SFSI0800 "X2Encoding ReEncodeFont" <cm-super-x2.enc <sfsi0800.pfb
rxsi0900 SFSI0900 "X2Encoding ReEncodeFont" <cm-super-x2.enc <sfsi0900.pfb
rxsi1000 SFSI1000 "X2Encoding ReEncodeFont" <cm-super-x2.enc <sfsi1000.pfb
rxsi1095 SFSI1095 "X2Encoding ReEncodeFont" <cm-super-x2.enc <sfsi1095.pfb
rxsi1200 SFSI1200 "X2Encoding ReEncodeFont" <cm-super-x2.enc <sfsi1200.pfb
rxsi1440 SFSI1440 "X2Encoding ReEncodeFont" <cm-super-x2.enc <sfsi1440.pfb
rxsi1728 SFSI1728 "X2Encoding ReEncodeFont" <cm-super-x2.enc <sfsi1728.pfb
rxsi2074 SFSI2074 "X2Encoding ReEncodeFont" <cm-super-x2.enc <sfsi2074.pfb
rxsi2488 SFSI2488 "X2Encoding ReEncodeFont" <cm-super-x2.enc <sfsi2488.pfb
rxsi2986 SFSI2986 "X2Encoding ReEncodeFont" <cm-super-x2.enc <sfsi2986.pfb
rxsi3583 SFSI3583 "X2Encoding ReEncodeFont" <cm-super-x2.enc <sfsi3583.pfb
rxsx0500 SFSX0500 "X2Encoding ReEncodeFont" <cm-super-x2.enc <sfsx0500.pfb
rxsx0600 SFSX0600 "X2Encoding ReEncodeFont" <cm-super-x2.enc <sfsx0600.pfb
rxsx0700 SFSX0700 "X2Encoding ReEncodeFont" <cm-super-x2.enc <sfsx0700.pfb
rxsx0800 SFSX0800 "X2Encoding ReEncodeFont" <cm-super-x2.enc <sfsx0800.pfb
rxsx0900 SFSX0900 "X2Encoding ReEncodeFont" <cm-super-x2.enc <sfsx0900.pfb
rxsx1000 SFSX1000 "X2Encoding ReEncodeFont" <cm-super-x2.enc <sfsx1000.pfb
rxsx1095 SFSX1095 "X2Encoding ReEncodeFont" <cm-super-x2.enc <sfsx1095.pfb
rxsx1200 SFSX1200 "X2Encoding ReEncodeFont" <cm-super-x2.enc <sfsx1200.pfb
rxsx1440 SFSX1440 "X2Encoding ReEncodeFont" <cm-super-x2.enc <sfsx1440.pfb
rxsx1728 SFSX1728 "X2Encoding ReEncodeFont" <cm-super-x2.enc <sfsx1728.pfb
rxsx2074 SFSX2074 "X2Encoding ReEncodeFont" <cm-super-x2.enc <sfsx2074.pfb
rxsx2488 SFSX2488 "X2Encoding ReEncodeFont" <cm-super-x2.enc <sfsx2488.pfb
rxsx2986 SFSX2986 "X2Encoding ReEncodeFont" <cm-super-x2.enc <sfsx2986.pfb
rxsx3583 SFSX3583 "X2Encoding ReEncodeFont" <cm-super-x2.enc <sfsx3583.pfb
rxso0500 SFSO0500 "X2Encoding ReEncodeFont" <cm-super-x2.enc <sfso0500.pfb
rxso0600 SFSO0600 "X2Encoding ReEncodeFont" <cm-super-x2.enc <sfso0600.pfb
rxso0700 SFSO0700 "X2Encoding ReEncodeFont" <cm-super-x2.enc <sfso0700.pfb
rxso0800 SFSO0800 "X2Encoding ReEncodeFont" <cm-super-x2.enc <sfso0800.pfb
rxso0900 SFSO0900 "X2Encoding ReEncodeFont" <cm-super-x2.enc <sfso0900.pfb
rxso1000 SFSO1000 "X2Encoding ReEncodeFont" <cm-super-x2.enc <sfso1000.pfb
rxso1095 SFSO1095 "X2Encoding ReEncodeFont" <cm-super-x2.enc <sfso1095.pfb
rxso1200 SFSO1200 "X2Encoding ReEncodeFont" <cm-super-x2.enc <sfso1200.pfb
rxso1440 SFSO1440 "X2Encoding ReEncodeFont" <cm-super-x2.enc <sfso1440.pfb
rxso1728 SFSO1728 "X2Encoding ReEncodeFont" <cm-super-x2.enc <sfso1728.pfb
rxso2074 SFSO2074 "X2Encoding ReEncodeFont" <cm-super-x2.enc <sfso2074.pfb
rxso2488 SFSO2488 "X2Encoding ReEncodeFont" <cm-super-x2.enc <sfso2488.pfb
rxso2986 SFSO2986 "X2Encoding ReEncodeFont" <cm-super-x2.enc <sfso2986.pfb
rxso3583 SFSO3583 "X2Encoding ReEncodeFont" <cm-super-x2.enc <sfso3583.pfb
rxtt0800 SFTT0800 "X2Encoding ReEncodeFont" <cm-super-x2.enc <sftt0800.pfb
rxtt0900 SFTT0900 "X2Encoding ReEncodeFont" <cm-super-x2.enc <sftt0900.pfb
rxtt1000 SFTT1000 "X2Encoding ReEncodeFont" <cm-super-x2.enc <sftt1000.pfb
rxtt1095 SFTT1095 "X2Encoding ReEncodeFont" <cm-super-x2.enc <sftt1095.pfb
rxtt1200 SFTT1200 "X2Encoding ReEncodeFont" <cm-super-x2.enc <sftt1200.pfb
rxtt1440 SFTT1440 "X2Encoding ReEncodeFont" <cm-super-x2.enc <sftt1440.pfb
rxtt1728 SFTT1728 "X2Encoding ReEncodeFont" <cm-super-x2.enc <sftt1728.pfb
rxtt2074 SFTT2074 "X2Encoding ReEncodeFont" <cm-super-x2.enc <sftt2074.pfb
rxtt2488 SFTT2488 "X2Encoding ReEncodeFont" <cm-super-x2.enc <sftt2488.pfb
rxtt2986 SFTT2986 "X2Encoding ReEncodeFont" <cm-super-x2.enc <sftt2986.pfb
rxtt3583 SFTT3583 "X2Encoding ReEncodeFont" <cm-super-x2.enc <sftt3583.pfb
rxst0800 SFST0800 "X2Encoding ReEncodeFont" <cm-super-x2.enc <sfst0800.pfb
rxst0900 SFST0900 "X2Encoding ReEncodeFont" <cm-super-x2.enc <sfst0900.pfb
rxst1000 SFST1000 "X2Encoding ReEncodeFont" <cm-super-x2.enc <sfst1000.pfb
rxst1095 SFST1095 "X2Encoding ReEncodeFont" <cm-super-x2.enc <sfst1095.pfb
rxst1200 SFST1200 "X2Encoding ReEncodeFont" <cm-super-x2.enc <sfst1200.pfb
rxst1440 SFST1440 "X2Encoding ReEncodeFont" <cm-super-x2.enc <sfst1440.pfb
rxst1728 SFST1728 "X2Encoding ReEncodeFont" <cm-super-x2.enc <sfst1728.pfb
rxst2074 SFST2074 "X2Encoding ReEncodeFont" <cm-super-x2.enc <sfst2074.pfb
rxst2488 SFST2488 "X2Encoding ReEncodeFont" <cm-super-x2.enc <sfst2488.pfb
rxst2986 SFST2986 "X2Encoding ReEncodeFont" <cm-super-x2.enc <sfst2986.pfb
rxst3583 SFST3583 "X2Encoding ReEncodeFont" <cm-super-x2.enc <sfst3583.pfb
rxit0800 SFIT0800 "X2Encoding ReEncodeFont" <cm-super-x2.enc <sfit0800.pfb
rxit0900 SFIT0900 "X2Encoding ReEncodeFont" <cm-super-x2.enc <sfit0900.pfb
rxit1000 SFIT1000 "X2Encoding ReEncodeFont" <cm-super-x2.enc <sfit1000.pfb
rxit1095 SFIT1095 "X2Encoding ReEncodeFont" <cm-super-x2.enc <sfit1095.pfb
rxit1200 SFIT1200 "X2Encoding ReEncodeFont" <cm-super-x2.enc <sfit1200.pfb
rxit1440 SFIT1440 "X2Encoding ReEncodeFont" <cm-super-x2.enc <sfit1440.pfb
rxit1728 SFIT1728 "X2Encoding ReEncodeFont" <cm-super-x2.enc <sfit1728.pfb
rxit2074 SFIT2074 "X2Encoding ReEncodeFont" <cm-super-x2.enc <sfit2074.pfb
rxit2488 SFIT2488 "X2Encoding ReEncodeFont" <cm-super-x2.enc <sfit2488.pfb
rxit2986 SFIT2986 "X2Encoding ReEncodeFont" <cm-super-x2.enc <sfit2488.pfb
rxit3583 SFIT3583 "X2Encoding ReEncodeFont" <cm-super-x2.enc <sfit2488.pfb
rxtc0800 SFTC0800 "X2Encoding ReEncodeFont" <cm-super-x2.enc <sftc0800.pfb
rxtc0900 SFTC0900 "X2Encoding ReEncodeFont" <cm-super-x2.enc <sftc0900.pfb
rxtc1000 SFTC1000 "X2Encoding ReEncodeFont" <cm-super-x2.enc <sftc1000.pfb
rxtc1095 SFTC1095 "X2Encoding ReEncodeFont" <cm-super-x2.enc <sftc1095.pfb
rxtc1200 SFTC1200 "X2Encoding ReEncodeFont" <cm-super-x2.enc <sftc1200.pfb
rxtc1440 SFTC1440 "X2Encoding ReEncodeFont" <cm-super-x2.enc <sftc1440.pfb
rxtc1728 SFTC1728 "X2Encoding ReEncodeFont" <cm-super-x2.enc <sftc1728.pfb
rxtc2074 SFTC2074 "X2Encoding ReEncodeFont" <cm-super-x2.enc <sftc2074.pfb
rxtc2488 SFTC2488 "X2Encoding ReEncodeFont" <cm-super-x2.enc <sftc2488.pfb
rxtc2986 SFTC2986 "X2Encoding ReEncodeFont" <cm-super-x2.enc <sftc2986.pfb
rxtc3583 SFTC3583 "X2Encoding ReEncodeFont" <cm-super-x2.enc <sftc3583.pfb
rxvt0800 SFVT0800 "X2Encoding ReEncodeFont" <cm-super-x2.enc <sfvt0800.pfb
rxvt0900 SFVT0900 "X2Encoding ReEncodeFont" <cm-super-x2.enc <sfvt0900.pfb
rxvt1000 SFVT1000 "X2Encoding ReEncodeFont" <cm-super-x2.enc <sfvt1000.pfb
rxvt1095 SFVT1095 "X2Encoding ReEncodeFont" <cm-super-x2.enc <sfvt1095.pfb
rxvt1200 SFVT1200 "X2Encoding ReEncodeFont" <cm-super-x2.enc <sfvt1200.pfb
rxvt1440 SFVT1440 "X2Encoding ReEncodeFont" <cm-super-x2.enc <sfvt1440.pfb
rxvt1728 SFVT1728 "X2Encoding ReEncodeFont" <cm-super-x2.enc <sfvt1728.pfb
rxvt2074 SFVT2074 "X2Encoding ReEncodeFont" <cm-super-x2.enc <sfvt2074.pfb
rxvt2488 SFVT2488 "X2Encoding ReEncodeFont" <cm-super-x2.enc <sfvt2488.pfb
rxvt2986 SFVT2986 "X2Encoding ReEncodeFont" <cm-super-x2.enc <sfvt2986.pfb
rxvt3583 SFVT3583 "X2Encoding ReEncodeFont" <cm-super-x2.enc <sfvt3583.pfb
rxvi0800 SFVI0800 "X2Encoding ReEncodeFont" <cm-super-x2.enc <sfvi0800.pfb
rxvi0900 SFVI0900 "X2Encoding ReEncodeFont" <cm-super-x2.enc <sfvi0900.pfb
rxvi1000 SFVI1000 "X2Encoding ReEncodeFont" <cm-super-x2.enc <sfvi1000.pfb
rxvi1095 SFVI1095 "X2Encoding ReEncodeFont" <cm-super-x2.enc <sfvi1095.pfb
rxvi1200 SFVI1200 "X2Encoding ReEncodeFont" <cm-super-x2.enc <sfvi1200.pfb
rxvi1440 SFVI1440 "X2Encoding ReEncodeFont" <cm-super-x2.enc <sfvi1440.pfb
rxvi1728 SFVI1728 "X2Encoding ReEncodeFont" <cm-super-x2.enc <sfvi1728.pfb
rxvi2074 SFVI2074 "X2Encoding ReEncodeFont" <cm-super-x2.enc <sfvi2074.pfb
rxvi2488 SFVI2488 "X2Encoding ReEncodeFont" <cm-super-x2.enc <sfvi2488.pfb
rxvi2986 SFVI2986 "X2Encoding ReEncodeFont" <cm-super-x2.enc <sfvi2986.pfb
rxvi3583 SFVI3583 "X2Encoding ReEncodeFont" <cm-super-x2.enc <sfvi3583.pfb
rxdh0500 SFDH0500 "X2Encoding ReEncodeFont" <cm-super-x2.enc <sfdh0500.pfb
rxdh0600 SFDH0600 "X2Encoding ReEncodeFont" <cm-super-x2.enc <sfdh0600.pfb
rxdh0700 SFDH0700 "X2Encoding ReEncodeFont" <cm-super-x2.enc <sfdh0700.pfb
rxdh0800 SFDH0800 "X2Encoding ReEncodeFont" <cm-super-x2.enc <sfdh0800.pfb
rxdh0900 SFDH0900 "X2Encoding ReEncodeFont" <cm-super-x2.enc <sfdh0900.pfb
rxdh1000 SFDH1000 "X2Encoding ReEncodeFont" <cm-super-x2.enc <sfdh1000.pfb
rxdh1095 SFDH1095 "X2Encoding ReEncodeFont" <cm-super-x2.enc <sfdh1095.pfb
rxdh1200 SFDH1200 "X2Encoding ReEncodeFont" <cm-super-x2.enc <sfdh1200.pfb
rxdh1440 SFDH1440 "X2Encoding ReEncodeFont" <cm-super-x2.enc <sfdh1440.pfb
rxdh1728 SFDH1728 "X2Encoding ReEncodeFont" <cm-super-x2.enc <sfdh1728.pfb
rxdh2074 SFDH2074 "X2Encoding ReEncodeFont" <cm-super-x2.enc <sfdh2074.pfb
rxdh2488 SFDH2488 "X2Encoding ReEncodeFont" <cm-super-x2.enc <sfdh2488.pfb
rxdh2986 SFDH2986 "X2Encoding ReEncodeFont" <cm-super-x2.enc <sfdh2986.pfb
rxdh3583 SFDH3583 "X2Encoding ReEncodeFont" <cm-super-x2.enc <sfdh3583.pfb
rxfb0500 SFFB0500 "X2Encoding ReEncodeFont" <cm-super-x2.enc <sffb0500.pfb
rxfb0600 SFFB0600 "X2Encoding ReEncodeFont" <cm-super-x2.enc <sffb0600.pfb
rxfb0700 SFFB0700 "X2Encoding ReEncodeFont" <cm-super-x2.enc <sffb0700.pfb
rxfb0800 SFFB0800 "X2Encoding ReEncodeFont" <cm-super-x2.enc <sffb0800.pfb
rxfb0900 SFFB0900 "X2Encoding ReEncodeFont" <cm-super-x2.enc <sffb0900.pfb
rxfb1000 SFFB1000 "X2Encoding ReEncodeFont" <cm-super-x2.enc <sffb1000.pfb
rxfb1095 SFFB1095 "X2Encoding ReEncodeFont" <cm-super-x2.enc <sffb1095.pfb
rxfb1200 SFFB1200 "X2Encoding ReEncodeFont" <cm-super-x2.enc <sffb1200.pfb
rxfb1440 SFFB1440 "X2Encoding ReEncodeFont" <cm-super-x2.enc <sffb1440.pfb
rxfb1728 SFFB1728 "X2Encoding ReEncodeFont" <cm-super-x2.enc <sffb1728.pfb
rxfb2074 SFFB2074 "X2Encoding ReEncodeFont" <cm-super-x2.enc <sffb2074.pfb
rxfb2488 SFFB2488 "X2Encoding ReEncodeFont" <cm-super-x2.enc <sffb2074.pfb
rxfb2986 SFFB2986 "X2Encoding ReEncodeFont" <cm-super-x2.enc <sffb2074.pfb
rxfb3583 SFFB3583 "X2Encoding ReEncodeFont" <cm-super-x2.enc <sffb2074.pfb
rxfs0500 SFFS0500 "X2Encoding ReEncodeFont" <cm-super-x2.enc <sffs0500.pfb
rxfs0600 SFFS0600 "X2Encoding ReEncodeFont" <cm-super-x2.enc <sffs0600.pfb
rxfs0700 SFFS0700 "X2Encoding ReEncodeFont" <cm-super-x2.enc <sffs0700.pfb
rxfs0800 SFFS0800 "X2Encoding ReEncodeFont" <cm-super-x2.enc <sffs0800.pfb
rxfs0900 SFFS0900 "X2Encoding ReEncodeFont" <cm-super-x2.enc <sffs0900.pfb
rxfs1000 SFFS1000 "X2Encoding ReEncodeFont" <cm-super-x2.enc <sffs1000.pfb
rxfs1095 SFFS1095 "X2Encoding ReEncodeFont" <cm-super-x2.enc <sffs1095.pfb
rxfs1200 SFFS1200 "X2Encoding ReEncodeFont" <cm-super-x2.enc <sffs1200.pfb
rxfs1440 SFFS1440 "X2Encoding ReEncodeFont" <cm-super-x2.enc <sffs1440.pfb
rxfs1728 SFFS1728 "X2Encoding ReEncodeFont" <cm-super-x2.enc <sffs1728.pfb
rxfs2074 SFFS2074 "X2Encoding ReEncodeFont" <cm-super-x2.enc <sffs2074.pfb
rxfs2488 SFFS2488 "X2Encoding ReEncodeFont" <cm-super-x2.enc <sffs2074.pfb
rxfs2986 SFFS2986 "X2Encoding ReEncodeFont" <cm-super-x2.enc <sffs2074.pfb
rxfs3583 SFFS3583 "X2Encoding ReEncodeFont" <cm-super-x2.enc <sffs2074.pfb
rxff0500 SFFF0500 "X2Encoding ReEncodeFont" <cm-super-x2.enc <sfff0900.pfb
rxff0600 SFFF0600 "X2Encoding ReEncodeFont" <cm-super-x2.enc <sfff0900.pfb
rxff0700 SFFF0700 "X2Encoding ReEncodeFont" <cm-super-x2.enc <sfff0900.pfb
rxff0800 SFFF0800 "X2Encoding ReEncodeFont" <cm-super-x2.enc <sfff0900.pfb
rxff0900 SFFF0900 "X2Encoding ReEncodeFont" <cm-super-x2.enc <sfff0900.pfb
rxff1000 SFFF1000 "X2Encoding ReEncodeFont" <cm-super-x2.enc <sfff1000.pfb
rxff1095 SFFF1095 "X2Encoding ReEncodeFont" <cm-super-x2.enc <sfff1095.pfb
rxff1200 SFFF1200 "X2Encoding ReEncodeFont" <cm-super-x2.enc <sfff1200.pfb
rxff1440 SFFF1440 "X2Encoding ReEncodeFont" <cm-super-x2.enc <sfff1440.pfb
rxff1728 SFFF1728 "X2Encoding ReEncodeFont" <cm-super-x2.enc <sfff1440.pfb
rxff2074 SFFF2074 "X2Encoding ReEncodeFont" <cm-super-x2.enc <sfff2488.pfb
rxff2488 SFFF2488 "X2Encoding ReEncodeFont" <cm-super-x2.enc <sfff2488.pfb
rxff2986 SFFF2986 "X2Encoding ReEncodeFont" <cm-super-x2.enc <sfff2488.pfb
rxff3583 SFFF3583 "X2Encoding ReEncodeFont" <cm-super-x2.enc <sfff2488.pfb
rxfi0500 SFFI0500 "X2Encoding ReEncodeFont" <cm-super-x2.enc <sffi0900.pfb
rxfi0600 SFFI0600 "X2Encoding ReEncodeFont" <cm-super-x2.enc <sffi0900.pfb
rxfi0700 SFFI0700 "X2Encoding ReEncodeFont" <cm-super-x2.enc <sffi0900.pfb
rxfi0800 SFFI0800 "X2Encoding ReEncodeFont" <cm-super-x2.enc <sffi0900.pfb
rxfi0900 SFFI0900 "X2Encoding ReEncodeFont" <cm-super-x2.enc <sffi0900.pfb
rxfi1000 SFFI1000 "X2Encoding ReEncodeFont" <cm-super-x2.enc <sffi1000.pfb
rxfi1095 SFFI1095 "X2Encoding ReEncodeFont" <cm-super-x2.enc <sffi1095.pfb
rxfi1200 SFFI1200 "X2Encoding ReEncodeFont" <cm-super-x2.enc <sffi1200.pfb
rxfi1440 SFFI1440 "X2Encoding ReEncodeFont" <cm-super-x2.enc <sffi1440.pfb
rxfi1728 SFFI1728 "X2Encoding ReEncodeFont" <cm-super-x2.enc <sffi1728.pfb
rxfi2074 SFFI2074 "X2Encoding ReEncodeFont" <cm-super-x2.enc <sffi2074.pfb
rxfi2488 SFFI2488 "X2Encoding ReEncodeFont" <cm-super-x2.enc <sffi2074.pfb
rxfi2986 SFFI2986 "X2Encoding ReEncodeFont" <cm-super-x2.enc <sffi2074.pfb
rxfi3583 SFFI3583 "X2Encoding ReEncodeFont" <cm-super-x2.enc <sffi2074.pfb
rxlq8 SFLQ8 "X2Encoding ReEncodeFont" <cm-super-x2.enc <sflq8.pfb
rxli8 SFLI8 "X2Encoding ReEncodeFont" <cm-super-x2.enc <sfli8.pfb
rxlb8 SFLB8 "X2Encoding ReEncodeFont" <cm-super-x2.enc <sflb8.pfb
rxlo8 SFLO8 "X2Encoding ReEncodeFont" <cm-super-x2.enc <sflo8.pfb
rxltt8 SFLTT8 "X2Encoding ReEncodeFont" <cm-super-x2.enc <sfltt8.pfb
irxlq8 ISFLQ8 "X2Encoding ReEncodeFont" <cm-super-x2.enc <isflq8.pfb
irxli8 ISFLI8 "X2Encoding ReEncodeFont" <cm-super-x2.enc <isfli8.pfb
irxlb8 ISFLB8 "X2Encoding ReEncodeFont" <cm-super-x2.enc <isflb8.pfb
irxlo8 ISFLO8 "X2Encoding ReEncodeFont" <cm-super-x2.enc <isflo8.pfb
irxltt8 ISFLTT8 "X2Encoding ReEncodeFont" <cm-super-x2.enc <isfltt8.pfb
rxsq8 SFSQ8 "X2Encoding ReEncodeFont" <cm-super-x2.enc <sfsq8.pfb
rxqi8 SFQI8 "X2Encoding ReEncodeFont" <cm-super-x2.enc <sfqi8.pfb
rxssdc10 SFSSDC10 "X2Encoding ReEncodeFont" <cm-super-x2.enc <sfssdc10.pfb
rxorm5 SFORM5 "X2Encoding ReEncodeFont" <cm-super-x2.enc <sform5.pfb
rxorm6 SFORM6 "X2Encoding ReEncodeFont" <cm-super-x2.enc <sform6.pfb
rxorm7 SFORM7 "X2Encoding ReEncodeFont" <cm-super-x2.enc <sform7.pfb
rxorm8 SFORM8 "X2Encoding ReEncodeFont" <cm-super-x2.enc <sform8.pfb
rxorm9 SFORM9 "X2Encoding ReEncodeFont" <cm-super-x2.enc <sform9.pfb
rxorm10 SFORM10 "X2Encoding ReEncodeFont" <cm-super-x2.enc <sform10.pfb
rxosl5 SFOSL5 "X2Encoding ReEncodeFont" <cm-super-x2.enc <sfosl5.pfb
rxosl6 SFOSL6 "X2Encoding ReEncodeFont" <cm-super-x2.enc <sfosl6.pfb
rxosl7 SFOSL7 "X2Encoding ReEncodeFont" <cm-super-x2.enc <sfosl7.pfb
rxosl8 SFOSL8 "X2Encoding ReEncodeFont" <cm-super-x2.enc <sfosl8.pfb
rxosl9 SFOSL9 "X2Encoding ReEncodeFont" <cm-super-x2.enc <sfosl9.pfb
rxosl10 SFOSL10 "X2Encoding ReEncodeFont" <cm-super-x2.enc <sfosl10.pfb
rxoti10 SFOTI10 "X2Encoding ReEncodeFont" <cm-super-x2.enc <sfoti10.pfb
rxocc10 SFOCC10 "X2Encoding ReEncodeFont" <cm-super-x2.enc <sfocc10.pfb
rxbmr8 SFBMR8 "X2Encoding ReEncodeFont" <cm-super-x2.enc <sfbmr8.pfb
rxbmr9 SFBMR9 "X2Encoding ReEncodeFont" <cm-super-x2.enc <sfbmr9.pfb
rxbmr10 SFBMR10 "X2Encoding ReEncodeFont" <cm-super-x2.enc <sfbmr10.pfb
rxbmr17 SFBMR17 "X2Encoding ReEncodeFont" <cm-super-x2.enc <sfbmr17.pfb
rxbmo8 SFBMO8 "X2Encoding ReEncodeFont" <cm-super-x2.enc <sfbmo8.pfb
rxbmo9 SFBMO9 "X2Encoding ReEncodeFont" <cm-super-x2.enc <sfbmo9.pfb
rxbmo10 SFBMO10 "X2Encoding ReEncodeFont" <cm-super-x2.enc <sfbmo10.pfb
rxbmo17 SFBMO17 "X2Encoding ReEncodeFont" <cm-super-x2.enc <sfbmo17.pfb
rxbsr8 SFBSR8 "X2Encoding ReEncodeFont" <cm-super-x2.enc <sfbsr8.pfb
rxbsr9 SFBSR9 "X2Encoding ReEncodeFont" <cm-super-x2.enc <sfbsr9.pfb
rxbsr10 SFBSR10 "X2Encoding ReEncodeFont" <cm-super-x2.enc <sfbsr10.pfb
rxbsr17 SFBSR17 "X2Encoding ReEncodeFont" <cm-super-x2.enc <sfbsr17.pfb
rxbso8 SFBSO8 "X2Encoding ReEncodeFont" <cm-super-x2.enc <sfbso8.pfb
rxbso9 SFBSO9 "X2Encoding ReEncodeFont" <cm-super-x2.enc <sfbso9.pfb
rxbso10 SFBSO10 "X2Encoding ReEncodeFont" <cm-super-x2.enc <sfbso10.pfb
rxbso17 SFBSO17 "X2Encoding ReEncodeFont" <cm-super-x2.enc <sfbso17.pfb
rxbbx10 SFBBX10 "X2Encoding ReEncodeFont" <cm-super-x2.enc <sfbbx10.pfb
rxbtl10 SFBTL10 "X2Encoding ReEncodeFont" <cm-super-x2.enc <sfbtl10.pfb
rxbto10 SFBTO10 "X2Encoding ReEncodeFont" <cm-super-x2.enc <sfbto10.pfb
