% cm-super-t1.map: map file for T1-encoded CM-Super fonts
ecrm0500 SFRM0500 "T1Encoding ReEncodeFont" <cm-super-t1.enc <sfrm0500.pfb
ecrm0600 SFRM0600 "T1Encoding ReEncodeFont" <cm-super-t1.enc <sfrm0600.pfb
ecrm0700 SFRM0700 "T1Encoding ReEncodeFont" <cm-super-t1.enc <sfrm0700.pfb
ecrm0800 SFRM0800 "T1Encoding ReEncodeFont" <cm-super-t1.enc <sfrm0800.pfb
ecrm0900 SFRM0900 "T1Encoding ReEncodeFont" <cm-super-t1.enc <sfrm0900.pfb
ecrm1000 SFRM1000 "T1Encoding ReEncodeFont" <cm-super-t1.enc <sfrm1000.pfb
ecrm1095 SFRM1095 "T1Encoding ReEncodeFont" <cm-super-t1.enc <sfrm1095.pfb
ecrm1200 SFRM1200 "T1Encoding ReEncodeFont" <cm-super-t1.enc <sfrm1200.pfb
ecrm1440 SFRM1440 "T1Encoding ReEncodeFont" <cm-super-t1.enc <sfrm1440.pfb
ecrm1728 SFRM1728 "T1Encoding ReEncodeFont" <cm-super-t1.enc <sfrm1728.pfb
ecrm2074 SFRM2074 "T1Encoding ReEncodeFont" <cm-super-t1.enc <sfrm2074.pfb
ecrm2488 SFRM2488 "T1Encoding ReEncodeFont" <cm-super-t1.enc <sfrm2488.pfb
ecrm2986 SFRM2986 "T1Encoding ReEncodeFont" <cm-super-t1.enc <sfrm2986.pfb
ecrm3583 SFRM3583 "T1Encoding ReEncodeFont" <cm-super-t1.enc <sfrm3583.pfb
ecsl0500 SFSL0500 "T1Encoding ReEncodeFont" <cm-super-t1.enc <sfsl0500.pfb
ecsl0600 SFSL0600 "T1Encoding ReEncodeFont" <cm-super-t1.enc <sfsl0600.pfb
ecsl0700 SFSL0700 "T1Encoding ReEncodeFont" <cm-super-t1.enc <sfsl0700.pfb
ecsl0800 SFSL0800 "T1Encoding ReEncodeFont" <cm-super-t1.enc <sfsl0800.pfb
ecsl0900 SFSL0900 "T1Encoding ReEncodeFont" <cm-super-t1.enc <sfsl0900.pfb
ecsl1000 SFSL1000 "T1Encoding ReEncodeFont" <cm-super-t1.enc <sfsl1000.pfb
ecsl1095 SFSL1095 "T1Encoding ReEncodeFont" <cm-super-t1.enc <sfsl1095.pfb
ecsl1200 SFSL1200 "T1Encoding ReEncodeFont" <cm-super-t1.enc <sfsl1200.pfb
ecsl1440 SFSL1440 "T1Encoding ReEncodeFont" <cm-super-t1.enc <sfsl1440.pfb
ecsl1728 SFSL1728 "T1Encoding ReEncodeFont" <cm-super-t1.enc <sfsl1728.pfb
ecsl2074 SFSL2074 "T1Encoding ReEncodeFont" <cm-super-t1.enc <sfsl2074.pfb
ecsl2488 SFSL2488 "T1Encoding ReEncodeFont" <cm-super-t1.enc <sfsl2488.pfb
ecsl2986 SFSL2986 "T1Encoding ReEncodeFont" <cm-super-t1.enc <sfsl2986.pfb
ecsl3583 SFSL3583 "T1Encoding ReEncodeFont" <cm-super-t1.enc <sfsl3583.pfb
ecti0500 SFTI0500 "T1Encoding ReEncodeFont" <cm-super-t1.enc <sfti0500.pfb
ecti0600 SFTI0600 "T1Encoding ReEncodeFont" <cm-super-t1.enc <sfti0600.pfb
ecti0700 SFTI0700 "T1Encoding ReEncodeFont" <cm-super-t1.enc <sfti0700.pfb
ecti0800 SFTI0800 "T1Encoding ReEncodeFont" <cm-super-t1.enc <sfti0800.pfb
ecti0900 SFTI0900 "T1Encoding ReEncodeFont" <cm-super-t1.enc <sfti0900.pfb
ecti1000 SFTI1000 "T1Encoding ReEncodeFont" <cm-super-t1.enc <sfti1000.pfb
ecti1095 SFTI1095 "T1Encoding ReEncodeFont" <cm-super-t1.enc <sfti1095.pfb
ecti1200 SFTI1200 "T1Encoding ReEncodeFont" <cm-super-t1.enc <sfti1200.pfb
ecti1440 SFTI1440 "T1Encoding ReEncodeFont" <cm-super-t1.enc <sfti1440.pfb
ecti1728 SFTI1728 "T1Encoding ReEncodeFont" <cm-super-t1.enc <sfti1728.pfb
ecti2074 SFTI2074 "T1Encoding ReEncodeFont" <cm-super-t1.enc <sfti2074.pfb
ecti2488 SFTI2488 "T1Encoding ReEncodeFont" <cm-super-t1.enc <sfti2488.pfb
ecti2986 SFTI2986 "T1Encoding ReEncodeFont" <cm-super-t1.enc <sfti2986.pfb
ecti3583 SFTI3583 "T1Encoding ReEncodeFont" <cm-super-t1.enc <sfti3583.pfb
eccc0500 SFCC0500 "T1Encoding ReEncodeFont" <cm-super-t1.enc <sfcc0500.pfb
eccc0600 SFCC0600 "T1Encoding ReEncodeFont" <cm-super-t1.enc <sfcc0600.pfb
eccc0700 SFCC0700 "T1Encoding ReEncodeFont" <cm-super-t1.enc <sfcc0700.pfb
eccc0800 SFCC0800 "T1Encoding ReEncodeFont" <cm-super-t1.enc <sfcc0800.pfb
eccc0900 SFCC0900 "T1Encoding ReEncodeFont" <cm-super-t1.enc <sfcc0900.pfb
eccc1000 SFCC1000 "T1Encoding ReEncodeFont" <cm-super-t1.enc <sfcc1000.pfb
eccc1095 SFCC1095 "T1Encoding ReEncodeFont" <cm-super-t1.enc <sfcc1095.pfb
eccc1200 SFCC1200 "T1Encoding ReEncodeFont" <cm-super-t1.enc <sfcc1200.pfb
eccc1440 SFCC1440 "T1Encoding ReEncodeFont" <cm-super-t1.enc <sfcc1440.pfb
eccc1728 SFCC1728 "T1Encoding ReEncodeFont" <cm-super-t1.enc <sfcc1728.pfb
eccc2074 SFCC2074 "T1Encoding ReEncodeFont" <cm-super-t1.enc <sfcc2074.pfb
eccc2488 SFCC2488 "T1Encoding ReEncodeFont" <cm-super-t1.enc <sfcc2488.pfb
eccc2986 SFCC2986 "T1Encoding ReEncodeFont" <cm-super-t1.enc <sfcc2986.pfb
eccc3583 SFCC3583 "T1Encoding ReEncodeFont" <cm-super-t1.enc <sfcc3583.pfb
ecui0500 SFUI0500 "T1Encoding ReEncodeFont" <cm-super-t1.enc <sfui0500.pfb
ecui0600 SFUI0600 "T1Encoding ReEncodeFont" <cm-super-t1.enc <sfui0600.pfb
ecui0700 SFUI0700 "T1Encoding ReEncodeFont" <cm-super-t1.enc <sfui0700.pfb
ecui0800 SFUI0800 "T1Encoding ReEncodeFont" <cm-super-t1.enc <sfui0800.pfb
ecui0900 SFUI0900 "T1Encoding ReEncodeFont" <cm-super-t1.enc <sfui0900.pfb
ecui1000 SFUI1000 "T1Encoding ReEncodeFont" <cm-super-t1.enc <sfui1000.pfb
ecui1095 SFUI1095 "T1Encoding ReEncodeFont" <cm-super-t1.enc <sfui1095.pfb
ecui1200 SFUI1200 "T1Encoding ReEncodeFont" <cm-super-t1.enc <sfui1200.pfb
ecui1440 SFUI1440 "T1Encoding ReEncodeFont" <cm-super-t1.enc <sfui1440.pfb
ecui1728 SFUI1728 "T1Encoding ReEncodeFont" <cm-super-t1.enc <sfui1728.pfb
ecui2074 SFUI2074 "T1Encoding ReEncodeFont" <cm-super-t1.enc <sfui2074.pfb
ecui2488 SFUI2488 "T1Encoding ReEncodeFont" <cm-super-t1.enc <sfui2488.pfb
ecui2986 SFUI2986 "T1Encoding ReEncodeFont" <cm-super-t1.enc <sfui2986.pfb
ecui3583 SFUI3583 "T1Encoding ReEncodeFont" <cm-super-t1.enc <sfui3583.pfb
ecsc0500 SFSC0500 "T1Encoding ReEncodeFont" <cm-super-t1.enc <sfsc0500.pfb
ecsc0600 SFSC0600 "T1Encoding ReEncodeFont" <cm-super-t1.enc <sfsc0600.pfb
ecsc0700 SFSC0700 "T1Encoding ReEncodeFont" <cm-super-t1.enc <sfsc0700.pfb
ecsc0800 SFSC0800 "T1Encoding ReEncodeFont" <cm-super-t1.enc <sfsc0800.pfb
ecsc0900 SFSC0900 "T1Encoding ReEncodeFont" <cm-super-t1.enc <sfsc0900.pfb
ecsc1000 SFSC1000 "T1Encoding ReEncodeFont" <cm-super-t1.enc <sfsc1000.pfb
ecsc1095 SFSC1095 "T1Encoding ReEncodeFont" <cm-super-t1.enc <sfsc1095.pfb
ecsc1200 SFSC1200 "T1Encoding ReEncodeFont" <cm-super-t1.enc <sfsc1200.pfb
ecsc1440 SFSC1440 "T1Encoding ReEncodeFont" <cm-super-t1.enc <sfsc1440.pfb
ecsc1728 SFSC1728 "T1Encoding ReEncodeFont" <cm-super-t1.enc <sfsc1728.pfb
ecsc2074 SFSC2074 "T1Encoding ReEncodeFont" <cm-super-t1.enc <sfsc2074.pfb
ecsc2488 SFSC2488 "T1Encoding ReEncodeFont" <cm-super-t1.enc <sfsc2488.pfb
ecsc2986 SFSC2986 "T1Encoding ReEncodeFont" <cm-super-t1.enc <sfsc2986.pfb
ecsc3583 SFSC3583 "T1Encoding ReEncodeFont" <cm-super-t1.enc <sfsc3583.pfb
ecci0500 SFCI0500 "T1Encoding ReEncodeFont" <cm-super-t1.enc <sfci0500.pfb
ecci0600 SFCI0600 "T1Encoding ReEncodeFont" <cm-super-t1.enc <sfci0600.pfb
ecci0700 SFCI0700 "T1Encoding ReEncodeFont" <cm-super-t1.enc <sfci0700.pfb
ecci0800 SFCI0800 "T1Encoding ReEncodeFont" <cm-super-t1.enc <sfci0800.pfb
ecci0900 SFCI0900 "T1Encoding ReEncodeFont" <cm-super-t1.enc <sfci0900.pfb
ecci1000 SFCI1000 "T1Encoding ReEncodeFont" <cm-super-t1.enc <sfci1000.pfb
ecci1095 SFCI1095 "T1Encoding ReEncodeFont" <cm-super-t1.enc <sfci1095.pfb
ecci1200 SFCI1200 "T1Encoding ReEncodeFont" <cm-super-t1.enc <sfci1200.pfb
ecci1440 SFCI1440 "T1Encoding ReEncodeFont" <cm-super-t1.enc <sfci1440.pfb
ecci1728 SFCI1728 "T1Encoding ReEncodeFont" <cm-super-t1.enc <sfci1728.pfb
ecci2074 SFCI2074 "T1Encoding ReEncodeFont" <cm-super-t1.enc <sfci2074.pfb
ecci2488 SFCI2488 "T1Encoding ReEncodeFont" <cm-super-t1.enc <sfci2488.pfb
ecci2986 SFCI2986 "T1Encoding ReEncodeFont" <cm-super-t1.enc <sfci2986.pfb
ecci3583 SFCI3583 "T1Encoding ReEncodeFont" <cm-super-t1.enc <sfci3583.pfb
ecbx0500 SFBX0500 "T1Encoding ReEncodeFont" <cm-super-t1.enc <sfbx0500.pfb
ecbx0600 SFBX0600 "T1Encoding ReEncodeFont" <cm-super-t1.enc <sfbx0600.pfb
ecbx0700 SFBX0700 "T1Encoding ReEncodeFont" <cm-super-t1.enc <sfbx0700.pfb
ecbx0800 SFBX0800 "T1Encoding ReEncodeFont" <cm-super-t1.enc <sfbx0800.pfb
ecbx0900 SFBX0900 "T1Encoding ReEncodeFont" <cm-super-t1.enc <sfbx0900.pfb
ecbx1000 SFBX1000 "T1Encoding ReEncodeFont" <cm-super-t1.enc <sfbx1000.pfb
ecbx1095 SFBX1095 "T1Encoding ReEncodeFont" <cm-super-t1.enc <sfbx1095.pfb
ecbx1200 SFBX1200 "T1Encoding ReEncodeFont" <cm-super-t1.enc <sfbx1200.pfb
ecbx1440 SFBX1440 "T1Encoding ReEncodeFont" <cm-super-t1.enc <sfbx1440.pfb
ecbx1728 SFBX1728 "T1Encoding ReEncodeFont" <cm-super-t1.enc <sfbx1728.pfb
ecbx2074 SFBX2074 "T1Encoding ReEncodeFont" <cm-super-t1.enc <sfbx2074.pfb
ecbx2488 SFBX2488 "T1Encoding ReEncodeFont" <cm-super-t1.enc <sfbx2488.pfb
ecbx2986 SFBX2986 "T1Encoding ReEncodeFont" <cm-super-t1.enc <sfbx2986.pfb
ecbx3583 SFBX3583 "T1Encoding ReEncodeFont" <cm-super-t1.enc <sfbx3583.pfb
ecbl0500 SFBL0500 "T1Encoding ReEncodeFont" <cm-super-t1.enc <sfbl0500.pfb
ecbl0600 SFBL0600 "T1Encoding ReEncodeFont" <cm-super-t1.enc <sfbl0600.pfb
ecbl0700 SFBL0700 "T1Encoding ReEncodeFont" <cm-super-t1.enc <sfbl0700.pfb
ecbl0800 SFBL0800 "T1Encoding ReEncodeFont" <cm-super-t1.enc <sfbl0800.pfb
ecbl0900 SFBL0900 "T1Encoding ReEncodeFont" <cm-super-t1.enc <sfbl0900.pfb
ecbl1000 SFBL1000 "T1Encoding ReEncodeFont" <cm-super-t1.enc <sfbl1000.pfb
ecbl1095 SFBL1095 "T1Encoding ReEncodeFont" <cm-super-t1.enc <sfbl1095.pfb
ecbl1200 SFBL1200 "T1Encoding ReEncodeFont" <cm-super-t1.enc <sfbl1200.pfb
ecbl1440 SFBL1440 "T1Encoding ReEncodeFont" <cm-super-t1.enc <sfbl1440.pfb
ecbl1728 SFBL1728 "T1Encoding ReEncodeFont" <cm-super-t1.enc <sfbl1728.pfb
ecbl2074 SFBL2074 "T1Encoding ReEncodeFont" <cm-super-t1.enc <sfbl2074.pfb
ecbl2488 SFBL2488 "T1Encoding ReEncodeFont" <cm-super-t1.enc <sfbl2488.pfb
ecbl2986 SFBL2986 "T1Encoding ReEncodeFont" <cm-super-t1.enc <sfbl2986.pfb
ecbl3583 SFBL3583 "T1Encoding ReEncodeFont" <cm-super-t1.enc <sfbl3583.pfb
ecbi0500 SFBI0500 "T1Encoding ReEncodeFont" <cm-super-t1.enc <sfbi0500.pfb
ecbi0600 SFBI0600 "T1Encoding ReEncodeFont" <cm-super-t1.enc <sfbi0600.pfb
ecbi0700 SFBI0700 "T1Encoding ReEncodeFont" <cm-super-t1.enc <sfbi0700.pfb
ecbi0800 SFBI0800 "T1Encoding ReEncodeFont" <cm-super-t1.enc <sfbi0800.pfb
ecbi0900 SFBI0900 "T1Encoding ReEncodeFont" <cm-super-t1.enc <sfbi0900.pfb
ecbi1000 SFBI1000 "T1Encoding ReEncodeFont" <cm-super-t1.enc <sfbi1000.pfb
ecbi1095 SFBI1095 "T1Encoding ReEncodeFont" <cm-super-t1.enc <sfbi1095.pfb
ecbi1200 SFBI1200 "T1Encoding ReEncodeFont" <cm-super-t1.enc <sfbi1200.pfb
ecbi1440 SFBI1440 "T1Encoding ReEncodeFont" <cm-super-t1.enc <sfbi1440.pfb
ecbi1728 SFBI1728 "T1Encoding ReEncodeFont" <cm-super-t1.enc <sfbi1728.pfb
ecbi2074 SFBI2074 "T1Encoding ReEncodeFont" <cm-super-t1.enc <sfbi2074.pfb
ecbi2488 SFBI2488 "T1Encoding ReEncodeFont" <cm-super-t1.enc <sfbi2488.pfb
ecbi2986 SFBI2986 "T1Encoding ReEncodeFont" <cm-super-t1.enc <sfbi2986.pfb
ecbi3583 SFBI3583 "T1Encoding ReEncodeFont" <cm-super-t1.enc <sfbi3583.pfb
ecxc0500 SFXC0500 "T1Encoding ReEncodeFont" <cm-super-t1.enc <sfxc0500.pfb
ecxc0600 SFXC0600 "T1Encoding ReEncodeFont" <cm-super-t1.enc <sfxc0600.pfb
ecxc0700 SFXC0700 "T1Encoding ReEncodeFont" <cm-super-t1.enc <sfxc0700.pfb
ecxc0800 SFXC0800 "T1Encoding ReEncodeFont" <cm-super-t1.enc <sfxc0800.pfb
ecxc0900 SFXC0900 "T1Encoding ReEncodeFont" <cm-super-t1.enc <sfxc0900.pfb
ecxc1000 SFXC1000 "T1Encoding ReEncodeFont" <cm-super-t1.enc <sfxc1000.pfb
ecxc1095 SFXC1095 "T1Encoding ReEncodeFont" <cm-super-t1.enc <sfxc1095.pfb
ecxc1200 SFXC1200 "T1Encoding ReEncodeFont" <cm-super-t1.enc <sfxc1200.pfb
ecxc1440 SFXC1440 "T1Encoding ReEncodeFont" <cm-super-t1.enc <sfxc1440.pfb
ecxc1728 SFXC1728 "T1Encoding ReEncodeFont" <cm-super-t1.enc <sfxc1728.pfb
ecxc2074 SFXC2074 "T1Encoding ReEncodeFont" <cm-super-t1.enc <sfxc2074.pfb
ecxc2488 SFXC2488 "T1Encoding ReEncodeFont" <cm-super-t1.enc <sfxc2488.pfb
ecxc2986 SFXC2986 "T1Encoding ReEncodeFont" <cm-super-t1.enc <sfxc2986.pfb
ecxc3583 SFXC3583 "T1Encoding ReEncodeFont" <cm-super-t1.enc <sfxc3583.pfb
ecoc0500 SFOC0500 "T1Encoding ReEncodeFont" <cm-super-t1.enc <sfoc0500.pfb
ecoc0600 SFOC0600 "T1Encoding ReEncodeFont" <cm-super-t1.enc <sfoc0600.pfb
ecoc0700 SFOC0700 "T1Encoding ReEncodeFont" <cm-super-t1.enc <sfoc0700.pfb
ecoc0800 SFOC0800 "T1Encoding ReEncodeFont" <cm-super-t1.enc <sfoc0800.pfb
ecoc0900 SFOC0900 "T1Encoding ReEncodeFont" <cm-super-t1.enc <sfoc0900.pfb
ecoc1000 SFOC1000 "T1Encoding ReEncodeFont" <cm-super-t1.enc <sfoc1000.pfb
ecoc1095 SFOC1095 "T1Encoding ReEncodeFont" <cm-super-t1.enc <sfoc1095.pfb
ecoc1200 SFOC1200 "T1Encoding ReEncodeFont" <cm-super-t1.enc <sfoc1200.pfb
ecoc1440 SFOC1440 "T1Encoding ReEncodeFont" <cm-super-t1.enc <sfoc1440.pfb
ecoc1728 SFOC1728 "T1Encoding ReEncodeFont" <cm-super-t1.enc <sfoc1728.pfb
ecoc2074 SFOC2074 "T1Encoding ReEncodeFont" <cm-super-t1.enc <sfoc2074.pfb
ecoc2488 SFOC2488 "T1Encoding ReEncodeFont" <cm-super-t1.enc <sfoc2488.pfb
ecoc2986 SFOC2986 "T1Encoding ReEncodeFont" <cm-super-t1.enc <sfoc2986.pfb
ecoc3583 SFOC3583 "T1Encoding ReEncodeFont" <cm-super-t1.enc <sfoc3583.pfb
ecrb0500 SFRB0500 "T1Encoding ReEncodeFont" <cm-super-t1.enc <sfrb0500.pfb
ecrb0600 SFRB0600 "T1Encoding ReEncodeFont" <cm-super-t1.enc <sfrb0600.pfb
ecrb0700 SFRB0700 "T1Encoding ReEncodeFont" <cm-super-t1.enc <sfrb0700.pfb
ecrb0800 SFRB0800 "T1Encoding ReEncodeFont" <cm-super-t1.enc <sfrb0800.pfb
ecrb0900 SFRB0900 "T1Encoding ReEncodeFont" <cm-super-t1.enc <sfrb0900.pfb
ecrb1000 SFRB1000 "T1Encoding ReEncodeFont" <cm-super-t1.enc <sfrb1000.pfb
ecrb1095 SFRB1095 "T1Encoding ReEncodeFont" <cm-super-t1.enc <sfrb1095.pfb
ecrb1200 SFRB1200 "T1Encoding ReEncodeFont" <cm-super-t1.enc <sfrb1200.pfb
ecrb1440 SFRB1440 "T1Encoding ReEncodeFont" <cm-super-t1.enc <sfrb1440.pfb
ecrb1728 SFRB1728 "T1Encoding ReEncodeFont" <cm-super-t1.enc <sfrb1728.pfb
ecrb2074 SFRB2074 "T1Encoding ReEncodeFont" <cm-super-t1.enc <sfrb2074.pfb
ecrb2488 SFRB2488 "T1Encoding ReEncodeFont" <cm-super-t1.enc <sfrb2488.pfb
ecrb2986 SFRB2986 "T1Encoding ReEncodeFont" <cm-super-t1.enc <sfrb2986.pfb
ecrb3583 SFRB3583 "T1Encoding ReEncodeFont" <cm-super-t1.enc <sfrb3583.pfb
ecbm0500 SFBM0500 "T1Encoding ReEncodeFont" <cm-super-t1.enc <sfbm0500.pfb
ecbm0600 SFBM0600 "T1Encoding ReEncodeFont" <cm-super-t1.enc <sfbm0700.pfb
ecbm0700 SFBM0700 "T1Encoding ReEncodeFont" <cm-super-t1.enc <sfbm0700.pfb
ecbm0800 SFBM0800 "T1Encoding ReEncodeFont" <cm-super-t1.enc <sfbm0900.pfb
ecbm0900 SFBM0900 "T1Encoding ReEncodeFont" <cm-super-t1.enc <sfbm0900.pfb
ecbm1000 SFBM1000 "T1Encoding ReEncodeFont" <cm-super-t1.enc <sfbm1000.pfb
ecbm1095 SFBM1095 "T1Encoding ReEncodeFont" <cm-super-t1.enc <sfbm1095.pfb
ecbm1200 SFBM1200 "T1Encoding ReEncodeFont" <cm-super-t1.enc <sfbm1200.pfb
ecbm1440 SFBM1440 "T1Encoding ReEncodeFont" <cm-super-t1.enc <sfbm1440.pfb
ecbm1728 SFBM1728 "T1Encoding ReEncodeFont" <cm-super-t1.enc <sfbm1728.pfb
ecbm2074 SFBM2074 "T1Encoding ReEncodeFont" <cm-super-t1.enc <sfbm2074.pfb
ecbm2488 SFBM2488 "T1Encoding ReEncodeFont" <cm-super-t1.enc <sfbm2488.pfb
ecbm2986 SFBM2986 "T1Encoding ReEncodeFont" <cm-super-t1.enc <sfbm2986.pfb
ecbm3583 SFBM3583 "T1Encoding ReEncodeFont" <cm-super-t1.enc <sfbm3583.pfb
ecss0500 SFSS0500 "T1Encoding ReEncodeFont" <cm-super-t1.enc <sfss0500.pfb
ecss0600 SFSS0600 "T1Encoding ReEncodeFont" <cm-super-t1.enc <sfss0600.pfb
ecss0700 SFSS0700 "T1Encoding ReEncodeFont" <cm-super-t1.enc <sfss0700.pfb
ecss0800 SFSS0800 "T1Encoding ReEncodeFont" <cm-super-t1.enc <sfss0800.pfb
ecss0900 SFSS0900 "T1Encoding ReEncodeFont" <cm-super-t1.enc <sfss0900.pfb
ecss1000 SFSS1000 "T1Encoding ReEncodeFont" <cm-super-t1.enc <sfss1000.pfb
ecss1095 SFSS1095 "T1Encoding ReEncodeFont" <cm-super-t1.enc <sfss1095.pfb
ecss1200 SFSS1200 "T1Encoding ReEncodeFont" <cm-super-t1.enc <sfss1200.pfb
ecss1440 SFSS1440 "T1Encoding ReEncodeFont" <cm-super-t1.enc <sfss1440.pfb
ecss1728 SFSS1728 "T1Encoding ReEncodeFont" <cm-super-t1.enc <sfss1728.pfb
ecss2074 SFSS2074 "T1Encoding ReEncodeFont" <cm-super-t1.enc <sfss2074.pfb
ecss2488 SFSS2488 "T1Encoding ReEncodeFont" <cm-super-t1.enc <sfss2488.pfb
ecss2986 SFSS2986 "T1Encoding ReEncodeFont" <cm-super-t1.enc <sfss2986.pfb
ecss3583 SFSS3583 "T1Encoding ReEncodeFont" <cm-super-t1.enc <sfss3583.pfb
ecsi0500 SFSI0500 "T1Encoding ReEncodeFont" <cm-super-t1.enc <sfsi0500.pfb
ecsi0600 SFSI0600 "T1Encoding ReEncodeFont" <cm-super-t1.enc <sfsi0600.pfb
ecsi0700 SFSI0700 "T1Encoding ReEncodeFont" <cm-super-t1.enc <sfsi0700.pfb
ecsi0800 SFSI0800 "T1Encoding ReEncodeFont" <cm-super-t1.enc <sfsi0800.pfb
ecsi0900 SFSI0900 "T1Encoding ReEncodeFont" <cm-super-t1.enc <sfsi0900.pfb
ecsi1000 SFSI1000 "T1Encoding ReEncodeFont" <cm-super-t1.enc <sfsi1000.pfb
ecsi1095 SFSI1095 "T1Encoding ReEncodeFont" <cm-super-t1.enc <sfsi1095.pfb
ecsi1200 SFSI1200 "T1Encoding ReEncodeFont" <cm-super-t1.enc <sfsi1200.pfb
ecsi1440 SFSI1440 "T1Encoding ReEncodeFont" <cm-super-t1.enc <sfsi1440.pfb
ecsi1728 SFSI1728 "T1Encoding ReEncodeFont" <cm-super-t1.enc <sfsi1728.pfb
ecsi2074 SFSI2074 "T1Encoding ReEncodeFont" <cm-super-t1.enc <sfsi2074.pfb
ecsi2488 SFSI2488 "T1Encoding ReEncodeFont" <cm-super-t1.enc <sfsi2488.pfb
ecsi2986 SFSI2986 "T1Encoding ReEncodeFont" <cm-super-t1.enc <sfsi2986.pfb
ecsi3583 SFSI3583 "T1Encoding ReEncodeFont" <cm-super-t1.enc <sfsi3583.pfb
ecsx0500 SFSX0500 "T1Encoding ReEncodeFont" <cm-super-t1.enc <sfsx0500.pfb
ecsx0600 SFSX0600 "T1Encoding ReEncodeFont" <cm-super-t1.enc <sfsx0600.pfb
ecsx0700 SFSX0700 "T1Encoding ReEncodeFont" <cm-super-t1.enc <sfsx0700.pfb
ecsx0800 SFSX0800 "T1Encoding ReEncodeFont" <cm-super-t1.enc <sfsx0800.pfb
ecsx0900 SFSX0900 "T1Encoding ReEncodeFont" <cm-super-t1.enc <sfsx0900.pfb
ecsx1000 SFSX1000 "T1Encoding ReEncodeFont" <cm-super-t1.enc <sfsx1000.pfb
ecsx1095 SFSX1095 "T1Encoding ReEncodeFont" <cm-super-t1.enc <sfsx1095.pfb
ecsx1200 SFSX1200 "T1Encoding ReEncodeFont" <cm-super-t1.enc <sfsx1200.pfb
ecsx1440 SFSX1440 "T1Encoding ReEncodeFont" <cm-super-t1.enc <sfsx1440.pfb
ecsx1728 SFSX1728 "T1Encoding ReEncodeFont" <cm-super-t1.enc <sfsx1728.pfb
ecsx2074 SFSX2074 "T1Encoding ReEncodeFont" <cm-super-t1.enc <sfsx2074.pfb
ecsx2488 SFSX2488 "T1Encoding ReEncodeFont" <cm-super-t1.enc <sfsx2488.pfb
ecsx2986 SFSX2986 "T1Encoding ReEncodeFont" <cm-super-t1.enc <sfsx2986.pfb
ecsx3583 SFSX3583 "T1Encoding ReEncodeFont" <cm-super-t1.enc <sfsx3583.pfb
ecso0500 SFSO0500 "T1Encoding ReEncodeFont" <cm-super-t1.enc <sfso0500.pfb
ecso0600 SFSO0600 "T1Encoding ReEncodeFont" <cm-super-t1.enc <sfso0600.pfb
ecso0700 SFSO0700 "T1Encoding ReEncodeFont" <cm-super-t1.enc <sfso0700.pfb
ecso0800 SFSO0800 "T1Encoding ReEncodeFont" <cm-super-t1.enc <sfso0800.pfb
ecso0900 SFSO0900 "T1Encoding ReEncodeFont" <cm-super-t1.enc <sfso0900.pfb
ecso1000 SFSO1000 "T1Encoding ReEncodeFont" <cm-super-t1.enc <sfso1000.pfb
ecso1095 SFSO1095 "T1Encoding ReEncodeFont" <cm-super-t1.enc <sfso1095.pfb
ecso1200 SFSO1200 "T1Encoding ReEncodeFont" <cm-super-t1.enc <sfso1200.pfb
ecso1440 SFSO1440 "T1Encoding ReEncodeFont" <cm-super-t1.enc <sfso1440.pfb
ecso1728 SFSO1728 "T1Encoding ReEncodeFont" <cm-super-t1.enc <sfso1728.pfb
ecso2074 SFSO2074 "T1Encoding ReEncodeFont" <cm-super-t1.enc <sfso2074.pfb
ecso2488 SFSO2488 "T1Encoding ReEncodeFont" <cm-super-t1.enc <sfso2488.pfb
ecso2986 SFSO2986 "T1Encoding ReEncodeFont" <cm-super-t1.enc <sfso2986.pfb
ecso3583 SFSO3583 "T1Encoding ReEncodeFont" <cm-super-t1.enc <sfso3583.pfb
ectt0800 SFTT0800 "T1Encoding ReEncodeFont" <cm-super-t1.enc <sftt0800.pfb
ectt0900 SFTT0900 "T1Encoding ReEncodeFont" <cm-super-t1.enc <sftt0900.pfb
ectt1000 SFTT1000 "T1Encoding ReEncodeFont" <cm-super-t1.enc <sftt1000.pfb
ectt1095 SFTT1095 "T1Encoding ReEncodeFont" <cm-super-t1.enc <sftt1095.pfb
ectt1200 SFTT1200 "T1Encoding ReEncodeFont" <cm-super-t1.enc <sftt1200.pfb
ectt1440 SFTT1440 "T1Encoding ReEncodeFont" <cm-super-t1.enc <sftt1440.pfb
ectt1728 SFTT1728 "T1Encoding ReEncodeFont" <cm-super-t1.enc <sftt1728.pfb
ectt2074 SFTT2074 "T1Encoding ReEncodeFont" <cm-super-t1.enc <sftt2074.pfb
ectt2488 SFTT2488 "T1Encoding ReEncodeFont" <cm-super-t1.enc <sftt2488.pfb
ectt2986 SFTT2986 "T1Encoding ReEncodeFont" <cm-super-t1.enc <sftt2986.pfb
ectt3583 SFTT3583 "T1Encoding ReEncodeFont" <cm-super-t1.enc <sftt3583.pfb
ecst0800 SFST0800 "T1Encoding ReEncodeFont" <cm-super-t1.enc <sfst0800.pfb
ecst0900 SFST0900 "T1Encoding ReEncodeFont" <cm-super-t1.enc <sfst0900.pfb
ecst1000 SFST1000 "T1Encoding ReEncodeFont" <cm-super-t1.enc <sfst1000.pfb
ecst1095 SFST1095 "T1Encoding ReEncodeFont" <cm-super-t1.enc <sfst1095.pfb
ecst1200 SFST1200 "T1Encoding ReEncodeFont" <cm-super-t1.enc <sfst1200.pfb
ecst1440 SFST1440 "T1Encoding ReEncodeFont" <cm-super-t1.enc <sfst1440.pfb
ecst1728 SFST1728 "T1Encoding ReEncodeFont" <cm-super-t1.enc <sfst1728.pfb
ecst2074 SFST2074 "T1Encoding ReEncodeFont" <cm-super-t1.enc <sfst2074.pfb
ecst2488 SFST2488 "T1Encoding ReEncodeFont" <cm-super-t1.enc <sfst2488.pfb
ecst2986 SFST2986 "T1Encoding ReEncodeFont" <cm-super-t1.enc <sfst2986.pfb
ecst3583 SFST3583 "T1Encoding ReEncodeFont" <cm-super-t1.enc <sfst3583.pfb
ecit0800 SFIT0800 "T1Encoding ReEncodeFont" <cm-super-t1.enc <sfit0800.pfb
ecit0900 SFIT0900 "T1Encoding ReEncodeFont" <cm-super-t1.enc <sfit0900.pfb
ecit1000 SFIT1000 "T1Encoding ReEncodeFont" <cm-super-t1.enc <sfit1000.pfb
ecit1095 SFIT1095 "T1Encoding ReEncodeFont" <cm-super-t1.enc <sfit1095.pfb
ecit1200 SFIT1200 "T1Encoding ReEncodeFont" <cm-super-t1.enc <sfit1200.pfb
ecit1440 SFIT1440 "T1Encoding ReEncodeFont" <cm-super-t1.enc <sfit1440.pfb
ecit1728 SFIT1728 "T1Encoding ReEncodeFont" <cm-super-t1.enc <sfit1728.pfb
ecit2074 SFIT2074 "T1Encoding ReEncodeFont" <cm-super-t1.enc <sfit2074.pfb
ecit2488 SFIT2488 "T1Encoding ReEncodeFont" <cm-super-t1.enc <sfit2488.pfb
ecit2986 SFIT2986 "T1Encoding ReEncodeFont" <cm-super-t1.enc <sfit2488.pfb
ecit3583 SFIT3583 "T1Encoding ReEncodeFont" <cm-super-t1.enc <sfit2488.pfb
ectc0800 SFTC0800 "T1Encoding ReEncodeFont" <cm-super-t1.enc <sftc0800.pfb
ectc0900 SFTC0900 "T1Encoding ReEncodeFont" <cm-super-t1.enc <sftc0900.pfb
ectc1000 SFTC1000 "T1Encoding ReEncodeFont" <cm-super-t1.enc <sftc1000.pfb
ectc1095 SFTC1095 "T1Encoding ReEncodeFont" <cm-super-t1.enc <sftc1095.pfb
ectc1200 SFTC1200 "T1Encoding ReEncodeFont" <cm-super-t1.enc <sftc1200.pfb
ectc1440 SFTC1440 "T1Encoding ReEncodeFont" <cm-super-t1.enc <sftc1440.pfb
ectc1728 SFTC1728 "T1Encoding ReEncodeFont" <cm-super-t1.enc <sftc1728.pfb
ectc2074 SFTC2074 "T1Encoding ReEncodeFont" <cm-super-t1.enc <sftc2074.pfb
ectc2488 SFTC2488 "T1Encoding ReEncodeFont" <cm-super-t1.enc <sftc2488.pfb
ectc2986 SFTC2986 "T1Encoding ReEncodeFont" <cm-super-t1.enc <sftc2986.pfb
ectc3583 SFTC3583 "T1Encoding ReEncodeFont" <cm-super-t1.enc <sftc3583.pfb
ecvt0800 SFVT0800 "T1Encoding ReEncodeFont" <cm-super-t1.enc <sfvt0800.pfb
ecvt0900 SFVT0900 "T1Encoding ReEncodeFont" <cm-super-t1.enc <sfvt0900.pfb
ecvt1000 SFVT1000 "T1Encoding ReEncodeFont" <cm-super-t1.enc <sfvt1000.pfb
ecvt1095 SFVT1095 "T1Encoding ReEncodeFont" <cm-super-t1.enc <sfvt1095.pfb
ecvt1200 SFVT1200 "T1Encoding ReEncodeFont" <cm-super-t1.enc <sfvt1200.pfb
ecvt1440 SFVT1440 "T1Encoding ReEncodeFont" <cm-super-t1.enc <sfvt1440.pfb
ecvt1728 SFVT1728 "T1Encoding ReEncodeFont" <cm-super-t1.enc <sfvt1728.pfb
ecvt2074 SFVT2074 "T1Encoding ReEncodeFont" <cm-super-t1.enc <sfvt2074.pfb
ecvt2488 SFVT2488 "T1Encoding ReEncodeFont" <cm-super-t1.enc <sfvt2488.pfb
ecvt2986 SFVT2986 "T1Encoding ReEncodeFont" <cm-super-t1.enc <sfvt2986.pfb
ecvt3583 SFVT3583 "T1Encoding ReEncodeFont" <cm-super-t1.enc <sfvt3583.pfb
ecvi0800 SFVI0800 "T1Encoding ReEncodeFont" <cm-super-t1.enc <sfvi0800.pfb
ecvi0900 SFVI0900 "T1Encoding ReEncodeFont" <cm-super-t1.enc <sfvi0900.pfb
ecvi1000 SFVI1000 "T1Encoding ReEncodeFont" <cm-super-t1.enc <sfvi1000.pfb
ecvi1095 SFVI1095 "T1Encoding ReEncodeFont" <cm-super-t1.enc <sfvi1095.pfb
ecvi1200 SFVI1200 "T1Encoding ReEncodeFont" <cm-super-t1.enc <sfvi1200.pfb
ecvi1440 SFVI1440 "T1Encoding ReEncodeFont" <cm-super-t1.enc <sfvi1440.pfb
ecvi1728 SFVI1728 "T1Encoding ReEncodeFont" <cm-super-t1.enc <sfvi1728.pfb
ecvi2074 SFVI2074 "T1Encoding ReEncodeFont" <cm-super-t1.enc <sfvi2074.pfb
ecvi2488 SFVI2488 "T1Encoding ReEncodeFont" <cm-super-t1.enc <sfvi2488.pfb
ecvi2986 SFVI2986 "T1Encoding ReEncodeFont" <cm-super-t1.enc <sfvi2986.pfb
ecvi3583 SFVI3583 "T1Encoding ReEncodeFont" <cm-super-t1.enc <sfvi3583.pfb
ecdh0500 SFDH0500 "T1Encoding ReEncodeFont" <cm-super-t1.enc <sfdh0500.pfb
ecdh0600 SFDH0600 "T1Encoding ReEncodeFont" <cm-super-t1.enc <sfdh0600.pfb
ecdh0700 SFDH0700 "T1Encoding ReEncodeFont" <cm-super-t1.enc <sfdh0700.pfb
ecdh0800 SFDH0800 "T1Encoding ReEncodeFont" <cm-super-t1.enc <sfdh0800.pfb
ecdh0900 SFDH0900 "T1Encoding ReEncodeFont" <cm-super-t1.enc <sfdh0900.pfb
ecdh1000 SFDH1000 "T1Encoding ReEncodeFont" <cm-super-t1.enc <sfdh1000.pfb
ecdh1095 SFDH1095 "T1Encoding ReEncodeFont" <cm-super-t1.enc <sfdh1095.pfb
ecdh1200 SFDH1200 "T1Encoding ReEncodeFont" <cm-super-t1.enc <sfdh1200.pfb
ecdh1440 SFDH1440 "T1Encoding ReEncodeFont" <cm-super-t1.enc <sfdh1440.pfb
ecdh1728 SFDH1728 "T1Encoding ReEncodeFont" <cm-super-t1.enc <sfdh1728.pfb
ecdh2074 SFDH2074 "T1Encoding ReEncodeFont" <cm-super-t1.enc <sfdh2074.pfb
ecdh2488 SFDH2488 "T1Encoding ReEncodeFont" <cm-super-t1.enc <sfdh2488.pfb
ecdh2986 SFDH2986 "T1Encoding ReEncodeFont" <cm-super-t1.enc <sfdh2986.pfb
ecdh3583 SFDH3583 "T1Encoding ReEncodeFont" <cm-super-t1.enc <sfdh3583.pfb
ecfb0500 SFFB0500 "T1Encoding ReEncodeFont" <cm-super-t1.enc <sffb0500.pfb
ecfb0600 SFFB0600 "T1Encoding ReEncodeFont" <cm-super-t1.enc <sffb0600.pfb
ecfb0700 SFFB0700 "T1Encoding ReEncodeFont" <cm-super-t1.enc <sffb0700.pfb
ecfb0800 SFFB0800 "T1Encoding ReEncodeFont" <cm-super-t1.enc <sffb0800.pfb
ecfb0900 SFFB0900 "T1Encoding ReEncodeFont" <cm-super-t1.enc <sffb0900.pfb
ecfb1000 SFFB1000 "T1Encoding ReEncodeFont" <cm-super-t1.enc <sffb1000.pfb
ecfb1095 SFFB1095 "T1Encoding ReEncodeFont" <cm-super-t1.enc <sffb1095.pfb
ecfb1200 SFFB1200 "T1Encoding ReEncodeFont" <cm-super-t1.enc <sffb1200.pfb
ecfb1440 SFFB1440 "T1Encoding ReEncodeFont" <cm-super-t1.enc <sffb1440.pfb
ecfb1728 SFFB1728 "T1Encoding ReEncodeFont" <cm-super-t1.enc <sffb1728.pfb
ecfb2074 SFFB2074 "T1Encoding ReEncodeFont" <cm-super-t1.enc <sffb2074.pfb
ecfb2488 SFFB2488 "T1Encoding ReEncodeFont" <cm-super-t1.enc <sffb2074.pfb
ecfb2986 SFFB2986 "T1Encoding ReEncodeFont" <cm-super-t1.enc <sffb2074.pfb
ecfb3583 SFFB3583 "T1Encoding ReEncodeFont" <cm-super-t1.enc <sffb2074.pfb
ecfs0500 SFFS0500 "T1Encoding ReEncodeFont" <cm-super-t1.enc <sffs0500.pfb
ecfs0600 SFFS0600 "T1Encoding ReEncodeFont" <cm-super-t1.enc <sffs0600.pfb
ecfs0700 SFFS0700 "T1Encoding ReEncodeFont" <cm-super-t1.enc <sffs0700.pfb
ecfs0800 SFFS0800 "T1Encoding ReEncodeFont" <cm-super-t1.enc <sffs0800.pfb
ecfs0900 SFFS0900 "T1Encoding ReEncodeFont" <cm-super-t1.enc <sffs0900.pfb
ecfs1000 SFFS1000 "T1Encoding ReEncodeFont" <cm-super-t1.enc <sffs1000.pfb
ecfs1095 SFFS1095 "T1Encoding ReEncodeFont" <cm-super-t1.enc <sffs1095.pfb
ecfs1200 SFFS1200 "T1Encoding ReEncodeFont" <cm-super-t1.enc <sffs1200.pfb
ecfs1440 SFFS1440 "T1Encoding ReEncodeFont" <cm-super-t1.enc <sffs1440.pfb
ecfs1728 SFFS1728 "T1Encoding ReEncodeFont" <cm-super-t1.enc <sffs1728.pfb
ecfs2074 SFFS2074 "T1Encoding ReEncodeFont" <cm-super-t1.enc <sffs2074.pfb
ecfs2488 SFFS2488 "T1Encoding ReEncodeFont" <cm-super-t1.enc <sffs2074.pfb
ecfs2986 SFFS2986 "T1Encoding ReEncodeFont" <cm-super-t1.enc <sffs2074.pfb
ecfs3583 SFFS3583 "T1Encoding ReEncodeFont" <cm-super-t1.enc <sffs2074.pfb
ecff0500 SFFF0500 "T1Encoding ReEncodeFont" <cm-super-t1.enc <sfff0900.pfb
ecff0600 SFFF0600 "T1Encoding ReEncodeFont" <cm-super-t1.enc <sfff0900.pfb
ecff0700 SFFF0700 "T1Encoding ReEncodeFont" <cm-super-t1.enc <sfff0900.pfb
ecff0800 SFFF0800 "T1Encoding ReEncodeFont" <cm-super-t1.enc <sfff0900.pfb
ecff0900 SFFF0900 "T1Encoding ReEncodeFont" <cm-super-t1.enc <sfff0900.pfb
ecff1000 SFFF1000 "T1Encoding ReEncodeFont" <cm-super-t1.enc <sfff1000.pfb
ecff1095 SFFF1095 "T1Encoding ReEncodeFont" <cm-super-t1.enc <sfff1095.pfb
ecff1200 SFFF1200 "T1Encoding ReEncodeFont" <cm-super-t1.enc <sfff1200.pfb
ecff1440 SFFF1440 "T1Encoding ReEncodeFont" <cm-super-t1.enc <sfff1440.pfb
ecff1728 SFFF1728 "T1Encoding ReEncodeFont" <cm-super-t1.enc <sfff1440.pfb
ecff2074 SFFF2074 "T1Encoding ReEncodeFont" <cm-super-t1.enc <sfff2488.pfb
ecff2488 SFFF2488 "T1Encoding ReEncodeFont" <cm-super-t1.enc <sfff2488.pfb
ecff2986 SFFF2986 "T1Encoding ReEncodeFont" <cm-super-t1.enc <sfff2488.pfb
ecff3583 SFFF3583 "T1Encoding ReEncodeFont" <cm-super-t1.enc <sfff2488.pfb
ecfi0500 SFFI0500 "T1Encoding ReEncodeFont" <cm-super-t1.enc <sffi0900.pfb
ecfi0600 SFFI0600 "T1Encoding ReEncodeFont" <cm-super-t1.enc <sffi0900.pfb
ecfi0700 SFFI0700 "T1Encoding ReEncodeFont" <cm-super-t1.enc <sffi0900.pfb
ecfi0800 SFFI0800 "T1Encoding ReEncodeFont" <cm-super-t1.enc <sffi0900.pfb
ecfi0900 SFFI0900 "T1Encoding ReEncodeFont" <cm-super-t1.enc <sffi0900.pfb
ecfi1000 SFFI1000 "T1Encoding ReEncodeFont" <cm-super-t1.enc <sffi1000.pfb
ecfi1095 SFFI1095 "T1Encoding ReEncodeFont" <cm-super-t1.enc <sffi1095.pfb
ecfi1200 SFFI1200 "T1Encoding ReEncodeFont" <cm-super-t1.enc <sffi1200.pfb
ecfi1440 SFFI1440 "T1Encoding ReEncodeFont" <cm-super-t1.enc <sffi1440.pfb
ecfi1728 SFFI1728 "T1Encoding ReEncodeFont" <cm-super-t1.enc <sffi1728.pfb
ecfi2074 SFFI2074 "T1Encoding ReEncodeFont" <cm-super-t1.enc <sffi2074.pfb
ecfi2488 SFFI2488 "T1Encoding ReEncodeFont" <cm-super-t1.enc <sffi2074.pfb
ecfi2986 SFFI2986 "T1Encoding ReEncodeFont" <cm-super-t1.enc <sffi2074.pfb
ecfi3583 SFFI3583 "T1Encoding ReEncodeFont" <cm-super-t1.enc <sffi2074.pfb
eclq8 SFLQ8 "T1Encoding ReEncodeFont" <cm-super-t1.enc <sflq8.pfb
ecli8 SFLI8 "T1Encoding ReEncodeFont" <cm-super-t1.enc <sfli8.pfb
eclb8 SFLB8 "T1Encoding ReEncodeFont" <cm-super-t1.enc <sflb8.pfb
eclo8 SFLO8 "T1Encoding ReEncodeFont" <cm-super-t1.enc <sflo8.pfb
ecltt8 SFLTT8 "T1Encoding ReEncodeFont" <cm-super-t1.enc <sfltt8.pfb
ieclq8 ISFLQ8 "T1Encoding ReEncodeFont" <cm-super-t1.enc <isflq8.pfb
iecli8 ISFLI8 "T1Encoding ReEncodeFont" <cm-super-t1.enc <isfli8.pfb
ieclb8 ISFLB8 "T1Encoding ReEncodeFont" <cm-super-t1.enc <isflb8.pfb
ieclo8 ISFLO8 "T1Encoding ReEncodeFont" <cm-super-t1.enc <isflo8.pfb
iecltt8 ISFLTT8 "T1Encoding ReEncodeFont" <cm-super-t1.enc <isfltt8.pfb
ecsq8 SFSQ8 "T1Encoding ReEncodeFont" <cm-super-t1.enc <sfsq8.pfb
ecqi8 SFQI8 "T1Encoding ReEncodeFont" <cm-super-t1.enc <sfqi8.pfb
ecssdc10 SFSSDC10 "T1Encoding ReEncodeFont" <cm-super-t1.enc <sfssdc10.pfb
eorm5 SFORM5 "T1Encoding ReEncodeFont" <cm-super-t1.enc <sform5.pfb
eorm6 SFORM6 "T1Encoding ReEncodeFont" <cm-super-t1.enc <sform6.pfb
eorm7 SFORM7 "T1Encoding ReEncodeFont" <cm-super-t1.enc <sform7.pfb
eorm8 SFORM8 "T1Encoding ReEncodeFont" <cm-super-t1.enc <sform8.pfb
eorm9 SFORM9 "T1Encoding ReEncodeFont" <cm-super-t1.enc <sform9.pfb
eorm10 SFORM10 "T1Encoding ReEncodeFont" <cm-super-t1.enc <sform10.pfb
eosl5 SFOSL5 "T1Encoding ReEncodeFont" <cm-super-t1.enc <sfosl5.pfb
eosl6 SFOSL6 "T1Encoding ReEncodeFont" <cm-super-t1.enc <sfosl6.pfb
eosl7 SFOSL7 "T1Encoding ReEncodeFont" <cm-super-t1.enc <sfosl7.pfb
eosl8 SFOSL8 "T1Encoding ReEncodeFont" <cm-super-t1.enc <sfosl8.pfb
eosl9 SFOSL9 "T1Encoding ReEncodeFont" <cm-super-t1.enc <sfosl9.pfb
eosl10 SFOSL10 "T1Encoding ReEncodeFont" <cm-super-t1.enc <sfosl10.pfb
eoti10 SFOTI10 "T1Encoding ReEncodeFont" <cm-super-t1.enc <sfoti10.pfb
eocc10 SFOCC10 "T1Encoding ReEncodeFont" <cm-super-t1.enc <sfocc10.pfb
ebmr8 SFBMR8 "T1Encoding ReEncodeFont" <cm-super-t1.enc <sfbmr8.pfb
ebmr9 SFBMR9 "T1Encoding ReEncodeFont" <cm-super-t1.enc <sfbmr9.pfb
ebmr10 SFBMR10 "T1Encoding ReEncodeFont" <cm-super-t1.enc <sfbmr10.pfb
ebmr17 SFBMR17 "T1Encoding ReEncodeFont" <cm-super-t1.enc <sfbmr17.pfb
ebmo8 SFBMO8 "T1Encoding ReEncodeFont" <cm-super-t1.enc <sfbmo8.pfb
ebmo9 SFBMO9 "T1Encoding ReEncodeFont" <cm-super-t1.enc <sfbmo9.pfb
ebmo10 SFBMO10 "T1Encoding ReEncodeFont" <cm-super-t1.enc <sfbmo10.pfb
ebmo17 SFBMO17 "T1Encoding ReEncodeFont" <cm-super-t1.enc <sfbmo17.pfb
ebsr8 SFBSR8 "T1Encoding ReEncodeFont" <cm-super-t1.enc <sfbsr8.pfb
ebsr9 SFBSR9 "T1Encoding ReEncodeFont" <cm-super-t1.enc <sfbsr9.pfb
ebsr10 SFBSR10 "T1Encoding ReEncodeFont" <cm-super-t1.enc <sfbsr10.pfb
ebsr17 SFBSR17 "T1Encoding ReEncodeFont" <cm-super-t1.enc <sfbsr17.pfb
ebso8 SFBSO8 "T1Encoding ReEncodeFont" <cm-super-t1.enc <sfbso8.pfb
ebso9 SFBSO9 "T1Encoding ReEncodeFont" <cm-super-t1.enc <sfbso9.pfb
ebso10 SFBSO10 "T1Encoding ReEncodeFont" <cm-super-t1.enc <sfbso10.pfb
ebso17 SFBSO17 "T1Encoding ReEncodeFont" <cm-super-t1.enc <sfbso17.pfb
ebbx10 SFBBX10 "T1Encoding ReEncodeFont" <cm-super-t1.enc <sfbbx10.pfb
ebtl10 SFBTL10 "T1Encoding ReEncodeFont" <cm-super-t1.enc <sfbtl10.pfb
ebto10 SFBTO10 "T1Encoding ReEncodeFont" <cm-super-t1.enc <sfbto10.pfb
