etha10   etha10   <etha10.pfb
etha6    etha6    <etha6.pfb
etha7    etha7    <etha7.pfb
etha8    etha8    <etha8.pfb
ethab10  ethab10  <ethab10.pfb
ethab11  ethab11  <ethab11.pfb
ethab12  ethab12  <ethab12.pfb
ethab14  ethab14  <ethab14.pfb
ethab18  ethab18  <ethab18.pfb
ethab24  ethab24  <ethab24.pfb
ethab36  ethab36  <ethab36.pfb
ethab9   ethab9   <ethab9.pfb
ethas10  ethas10  <ethas10.pfb
ethasb10 ethasb10 <ethasb10.pfb
ethasb11 ethasb11 <ethasb11.pfb
ethasb12 ethasb12 <ethasb12.pfb
ethasb14 ethasb14 <ethasb14.pfb
ethasb18 ethasb18 <ethasb18.pfb
ethasb24 ethasb24 <ethasb24.pfb
ethasb36 ethasb36 <ethasb36.pfb
ethasb9  ethasb9  <ethasb9.pfb
ethatt10 ethatt10 <ethatt10.pfb
ethb10   ethb10   <ethb10.pfb
ethb6    ethb6    <ethb6.pfb
ethb7    ethb7    <ethb7.pfb
ethb8    ethb8    <ethb8.pfb
ethbb10  ethbb10  <ethbb10.pfb
ethbb11  ethbb11  <ethbb11.pfb
ethbb12  ethbb12  <ethbb12.pfb
ethbb14  ethbb14  <ethbb14.pfb
ethbb18  ethbb18  <ethbb18.pfb
ethbb24  ethbb24  <ethbb24.pfb
ethbb36  ethbb36  <ethbb36.pfb
ethbb9   ethbb9   <ethbb9.pfb
ethbs10  ethbs10  <ethbs10.pfb
ethbsb10 ethbsb10 <ethbsb10.pfb
ethbsb11 ethbsb11 <ethbsb11.pfb
ethbsb12 ethbsb12 <ethbsb12.pfb
ethbsb14 ethbsb14 <ethbsb14.pfb
ethbsb18 ethbsb18 <ethbsb18.pfb
ethbsb24 ethbsb24 <ethbsb24.pfb
ethbsb36 ethbsb36 <ethbsb36.pfb
ethbsb9  ethbsb9  <ethbsb9.pfb
ethbtt10 ethbtt10 <ethbtt10.pfb