Merriweather-BoldItalic-osf-ot1 Merriweather-BoldItalic "AutoEnc_fuknshterpxw2flapoda5bxt5e ReEncodeFont" <[mwth_fuknsh.enc <Merriweather-BoldIt.pfb
Merriweather-BoldItalic-osf-t1--base Merriweather-BoldItalic "AutoEnc_jnnjab4gr5tw3ghgn5ls4drh3d ReEncodeFont" <[mwth_jnnjab.enc <Merriweather-BoldIt.pfb
Merriweather-BoldItalic-osf-ly1 Merriweather-BoldItalic "AutoEnc_5q2vgdqo7txurrtxwuhjydkywc ReEncodeFont" <[mwth_5q2vgd.enc <Merriweather-BoldIt.pfb
Merriweather-BoldItalic-osf-ts1--base Merriweather-BoldItalic "AutoEnc_xz5wuxljkmlqmiisgakqtdt2ve ReEncodeFont" <[mwth_xz5wux.enc <Merriweather-BoldIt.pfb
Merriweather-Bold-osf-ot1 Merriweather-Bold "AutoEnc_fuknshterpxw2flapoda5bxt5e ReEncodeFont" <[mwth_fuknsh.enc <Merriweather-Bold.pfb
Merriweather-Bold-osf-t1--base Merriweather-Bold "AutoEnc_jnnjab4gr5tw3ghgn5ls4drh3d ReEncodeFont" <[mwth_jnnjab.enc <Merriweather-Bold.pfb
Merriweather-Bold-osf-ly1 Merriweather-Bold "AutoEnc_5q2vgdqo7txurrtxwuhjydkywc ReEncodeFont" <[mwth_5q2vgd.enc <Merriweather-Bold.pfb
Merriweather-Bold-osf-ts1--base Merriweather-Bold "AutoEnc_ywgpbabmor6izux7hcbqcb56qa ReEncodeFont" <[mwth_ywgpba.enc <Merriweather-Bold.pfb
Merriweather-Italic-osf-ot1 Merriweather-Italic "AutoEnc_fuknshterpxw2flapoda5bxt5e ReEncodeFont" <[mwth_fuknsh.enc <Merriweather-Italic.pfb
Merriweather-Italic-osf-t1--base Merriweather-Italic "AutoEnc_jnnjab4gr5tw3ghgn5ls4drh3d ReEncodeFont" <[mwth_jnnjab.enc <Merriweather-Italic.pfb
Merriweather-Italic-osf-ly1 Merriweather-Italic "AutoEnc_5q2vgdqo7txurrtxwuhjydkywc ReEncodeFont" <[mwth_5q2vgd.enc <Merriweather-Italic.pfb
Merriweather-Italic-osf-ts1--base Merriweather-Italic "AutoEnc_xz5wuxljkmlqmiisgakqtdt2ve ReEncodeFont" <[mwth_xz5wux.enc <Merriweather-Italic.pfb
Merriweather-LightIt-osf-ot1 Merriweather-LightIt "AutoEnc_fuknshterpxw2flapoda5bxt5e ReEncodeFont" <[mwth_fuknsh.enc <Merriweather-LightIt.pfb
Merriweather-LightIt-osf-t1--base Merriweather-LightIt "AutoEnc_jnnjab4gr5tw3ghgn5ls4drh3d ReEncodeFont" <[mwth_jnnjab.enc <Merriweather-LightIt.pfb
Merriweather-LightIt-osf-ly1 Merriweather-LightIt "AutoEnc_5q2vgdqo7txurrtxwuhjydkywc ReEncodeFont" <[mwth_5q2vgd.enc <Merriweather-LightIt.pfb
Merriweather-LightIt-osf-ts1--base Merriweather-LightIt "AutoEnc_xz5wuxljkmlqmiisgakqtdt2ve ReEncodeFont" <[mwth_xz5wux.enc <Merriweather-LightIt.pfb
Merriweather-Light-osf-ot1 Merriweather-Light "AutoEnc_fuknshterpxw2flapoda5bxt5e ReEncodeFont" <[mwth_fuknsh.enc <Merriweather-Light.pfb
Merriweather-Light-osf-t1--base Merriweather-Light "AutoEnc_jnnjab4gr5tw3ghgn5ls4drh3d ReEncodeFont" <[mwth_jnnjab.enc <Merriweather-Light.pfb
Merriweather-Light-osf-ly1 Merriweather-Light "AutoEnc_5q2vgdqo7txurrtxwuhjydkywc ReEncodeFont" <[mwth_5q2vgd.enc <Merriweather-Light.pfb
Merriweather-Light-osf-ts1--base Merriweather-Light "AutoEnc_ywgpbabmor6izux7hcbqcb56qa ReEncodeFont" <[mwth_ywgpba.enc <Merriweather-Light.pfb
Merriweather-Regular-osf-ot1 Merriweather-Regular "AutoEnc_fuknshterpxw2flapoda5bxt5e ReEncodeFont" <[mwth_fuknsh.enc <Merriweather-Regular.pfb
Merriweather-Regular-osf-t1--base Merriweather-Regular "AutoEnc_jnnjab4gr5tw3ghgn5ls4drh3d ReEncodeFont" <[mwth_jnnjab.enc <Merriweather-Regular.pfb
Merriweather-Regular-osf-ly1 Merriweather-Regular "AutoEnc_5q2vgdqo7txurrtxwuhjydkywc ReEncodeFont" <[mwth_5q2vgd.enc <Merriweather-Regular.pfb
Merriweather-Regular-osf-ts1--base Merriweather-Regular "AutoEnc_ywgpbabmor6izux7hcbqcb56qa ReEncodeFont" <[mwth_ywgpba.enc <Merriweather-Regular.pfb
Merriweather-UltraBdIt-osf-ot1 Merriweather-UltraBdIt "AutoEnc_fuknshterpxw2flapoda5bxt5e ReEncodeFont" <[mwth_fuknsh.enc <Merriweather-UltraBdIt.pfb
Merriweather-UltraBdIt-osf-t1--base Merriweather-UltraBdIt "AutoEnc_jnnjab4gr5tw3ghgn5ls4drh3d ReEncodeFont" <[mwth_jnnjab.enc <Merriweather-UltraBdIt.pfb
Merriweather-UltraBdIt-osf-ly1 Merriweather-UltraBdIt "AutoEnc_5q2vgdqo7txurrtxwuhjydkywc ReEncodeFont" <[mwth_5q2vgd.enc <Merriweather-UltraBdIt.pfb
Merriweather-UltraBdIt-osf-ts1--base Merriweather-UltraBdIt "AutoEnc_xz5wuxljkmlqmiisgakqtdt2ve ReEncodeFont" <[mwth_xz5wux.enc <Merriweather-UltraBdIt.pfb
Merriweather-UltraBold-osf-ot1 Merriweather-UltraBold "AutoEnc_fuknshterpxw2flapoda5bxt5e ReEncodeFont" <[mwth_fuknsh.enc <Merriweather-UltraBold.pfb
Merriweather-UltraBold-osf-t1--base Merriweather-UltraBold "AutoEnc_jnnjab4gr5tw3ghgn5ls4drh3d ReEncodeFont" <[mwth_jnnjab.enc <Merriweather-UltraBold.pfb
Merriweather-UltraBold-osf-ly1 Merriweather-UltraBold "AutoEnc_5q2vgdqo7txurrtxwuhjydkywc ReEncodeFont" <[mwth_5q2vgd.enc <Merriweather-UltraBold.pfb
Merriweather-UltraBold-osf-ts1--base Merriweather-UltraBold "AutoEnc_ywgpbabmor6izux7hcbqcb56qa ReEncodeFont" <[mwth_ywgpba.enc <Merriweather-UltraBold.pfb

MerriweatherSans-BoldItalic-tlf-ot1 MerriweatherSans-BoldItalic "AutoEnc_oaf34pf2gi7ej2vclku475canf ReEncodeFont" <[mwth_oaf34p.enc <MerriweatherSans-BoldItalic.pfb
MerriweatherSans-BoldItalic-tlf-t1--base MerriweatherSans-BoldItalic "AutoEnc_libw2mm3qgkydsmoydm6r5agjf ReEncodeFont" <[mwth_libw2m.enc <MerriweatherSans-BoldItalic.pfb
MerriweatherSans-BoldItalic-tlf-ly1 MerriweatherSans-BoldItalic "AutoEnc_cn5sfli3xjnpjitjpli7wpzcng ReEncodeFont" <[mwth_cn5sfl.enc <MerriweatherSans-BoldItalic.pfb
MerriweatherSans-BoldItalic-tlf-ts1--base MerriweatherSans-BoldItalic "AutoEnc_z4e4wksqkjuob7lry6demn2pba ReEncodeFont" <[mwth_z4e4wk.enc <MerriweatherSans-BoldItalic.pfb
MerriweatherSans-Bold-tlf-ot1 MerriweatherSans-Bold "AutoEnc_oaf34pf2gi7ej2vclku475canf ReEncodeFont" <[mwth_oaf34p.enc <MerriweatherSans-Bold.pfb
MerriweatherSans-Bold-tlf-t1--base MerriweatherSans-Bold "AutoEnc_libw2mm3qgkydsmoydm6r5agjf ReEncodeFont" <[mwth_libw2m.enc <MerriweatherSans-Bold.pfb
MerriweatherSans-Bold-tlf-ly1 MerriweatherSans-Bold "AutoEnc_lnkfblgauyqz3eufwp3wby646h ReEncodeFont" <[mwth_lnkfbl.enc <MerriweatherSans-Bold.pfb
MerriweatherSans-Bold-tlf-ts1--base MerriweatherSans-Bold "AutoEnc_z4e4wksqkjuob7lry6demn2pba ReEncodeFont" <[mwth_z4e4wk.enc <MerriweatherSans-Bold.pfb
MerriweatherSans-ExtraBoldItalic-tlf-ot1 MerriweatherSans-ExtraBoldItalic "AutoEnc_oaf34pf2gi7ej2vclku475canf ReEncodeFont" <[mwth_oaf34p.enc <MerriweatherSans-ExBoldIt.pfb
MerriweatherSans-ExtraBoldItalic-tlf-t1--base MerriweatherSans-ExtraBoldItalic "AutoEnc_libw2mm3qgkydsmoydm6r5agjf ReEncodeFont" <[mwth_libw2m.enc <MerriweatherSans-ExBoldIt.pfb
MerriweatherSans-ExtraBoldItalic-tlf-ly1 MerriweatherSans-ExtraBoldItalic "AutoEnc_cn5sfli3xjnpjitjpli7wpzcng ReEncodeFont" <[mwth_cn5sfl.enc <MerriweatherSans-ExBoldIt.pfb
MerriweatherSans-ExtraBoldItalic-tlf-ts1--base MerriweatherSans-ExtraBoldItalic "AutoEnc_z4e4wksqkjuob7lry6demn2pba ReEncodeFont" <[mwth_z4e4wk.enc <MerriweatherSans-ExBoldIt.pfb
MerriweatherSans-ExtraBold-tlf-ot1 MerriweatherSans-ExtraBold "AutoEnc_oaf34pf2gi7ej2vclku475canf ReEncodeFont" <[mwth_oaf34p.enc <MerriweatherSans-ExtraBold.pfb
MerriweatherSans-ExtraBold-tlf-t1--base MerriweatherSans-ExtraBold "AutoEnc_libw2mm3qgkydsmoydm6r5agjf ReEncodeFont" <[mwth_libw2m.enc <MerriweatherSans-ExtraBold.pfb
MerriweatherSans-ExtraBold-tlf-ly1 MerriweatherSans-ExtraBold "AutoEnc_lnkfblgauyqz3eufwp3wby646h ReEncodeFont" <[mwth_lnkfbl.enc <MerriweatherSans-ExtraBold.pfb
MerriweatherSans-ExtraBold-tlf-ts1--base MerriweatherSans-ExtraBold "AutoEnc_z4e4wksqkjuob7lry6demn2pba ReEncodeFont" <[mwth_z4e4wk.enc <MerriweatherSans-ExtraBold.pfb
MerriweatherSans-Italic-tlf-ot1 MerriweatherSans-Italic "AutoEnc_oaf34pf2gi7ej2vclku475canf ReEncodeFont" <[mwth_oaf34p.enc <MerriweatherSans-Italic.pfb
MerriweatherSans-Italic-tlf-t1--base MerriweatherSans-Italic "AutoEnc_libw2mm3qgkydsmoydm6r5agjf ReEncodeFont" <[mwth_libw2m.enc <MerriweatherSans-Italic.pfb
MerriweatherSans-Italic-tlf-ly1 MerriweatherSans-Italic "AutoEnc_cn5sfli3xjnpjitjpli7wpzcng ReEncodeFont" <[mwth_cn5sfl.enc <MerriweatherSans-Italic.pfb
MerriweatherSans-Italic-tlf-ts1--base MerriweatherSans-Italic "AutoEnc_z4e4wksqkjuob7lry6demn2pba ReEncodeFont" <[mwth_z4e4wk.enc <MerriweatherSans-Italic.pfb
MerriweatherSans-LightItalic-tlf-ot1 MerriweatherSans-LightItalic "AutoEnc_oaf34pf2gi7ej2vclku475canf ReEncodeFont" <[mwth_oaf34p.enc <MerriweatherSans-LightItalic.pfb
MerriweatherSans-LightItalic-tlf-t1--base MerriweatherSans-LightItalic "AutoEnc_libw2mm3qgkydsmoydm6r5agjf ReEncodeFont" <[mwth_libw2m.enc <MerriweatherSans-LightItalic.pfb
MerriweatherSans-LightItalic-tlf-ly1 MerriweatherSans-LightItalic "AutoEnc_cn5sfli3xjnpjitjpli7wpzcng ReEncodeFont" <[mwth_cn5sfl.enc <MerriweatherSans-LightItalic.pfb
MerriweatherSans-LightItalic-tlf-ts1--base MerriweatherSans-LightItalic "AutoEnc_z4e4wksqkjuob7lry6demn2pba ReEncodeFont" <[mwth_z4e4wk.enc <MerriweatherSans-LightItalic.pfb
MerriweatherSans-Light-tlf-ot1 MerriweatherSans-Light "AutoEnc_oaf34pf2gi7ej2vclku475canf ReEncodeFont" <[mwth_oaf34p.enc <MerriweatherSans-Light.pfb
MerriweatherSans-Light-tlf-t1--base MerriweatherSans-Light "AutoEnc_libw2mm3qgkydsmoydm6r5agjf ReEncodeFont" <[mwth_libw2m.enc <MerriweatherSans-Light.pfb
MerriweatherSans-Light-tlf-ly1 MerriweatherSans-Light "AutoEnc_lnkfblgauyqz3eufwp3wby646h ReEncodeFont" <[mwth_lnkfbl.enc <MerriweatherSans-Light.pfb
MerriweatherSans-Light-tlf-ts1--base MerriweatherSans-Light "AutoEnc_z4e4wksqkjuob7lry6demn2pba ReEncodeFont" <[mwth_z4e4wk.enc <MerriweatherSans-Light.pfb
MerriweatherSans-Regular-tlf-ot1 MerriweatherSans-Regular "AutoEnc_oaf34pf2gi7ej2vclku475canf ReEncodeFont" <[mwth_oaf34p.enc <MerriweatherSans-Regular.pfb
MerriweatherSans-Regular-tlf-t1--base MerriweatherSans-Regular "AutoEnc_libw2mm3qgkydsmoydm6r5agjf ReEncodeFont" <[mwth_libw2m.enc <MerriweatherSans-Regular.pfb
MerriweatherSans-Regular-tlf-ly1 MerriweatherSans-Regular "AutoEnc_lnkfblgauyqz3eufwp3wby646h ReEncodeFont" <[mwth_lnkfbl.enc <MerriweatherSans-Regular.pfb
MerriweatherSans-Regular-tlf-ts1--base MerriweatherSans-Regular "AutoEnc_z4e4wksqkjuob7lry6demn2pba ReEncodeFont" <[mwth_z4e4wk.enc <MerriweatherSans-Regular.pfb
