kmr10 TeX-kmr10 <kmr10.pfb
kmbx10 TeX-kmbx10 <kmbx10.pfb
kmss10 TeX-kmss10 <kmss10.pfb

%%%%% MONGOLIAN FONTS %%%%%%%%
bcghsb TeX-bcghsb <bcghsb.pfb
bcghsm TeX-bcghsm <bcghsm.pfb
bcghwb TeX-bcghwb <bcghwb.pfb
bcghwm TeX-bcghwm <bcghwm.pfb
bcgvsb TeX-bcgvsb <bcgvsb.pfb
bcgvsm TeX-bcgvsm <bcgvsm.pfb
bcgvwb TeX-bcgvwb <bcgvwb.pfb
bcgvwm TeX-bcgvwm <bcgvwm.pfb
bicighb TeX-bicighb <bicighb.pfb
bicighm TeX-bicighm <bicighm.pfb
bicigvb TeX-bicigvb <bicigvb.pfb
bicigvm TeX-bicigvm <bicigvm.pfb
bthhsb TeX-bthhsb <bthhsb.pfb
bthhsm TeX-bthhsm <bthhsm.pfb
bthhwb TeX-bthhwb <bthhwb.pfb
bthhwm TeX-bthhwm <bthhwm.pfb
bthvsb TeX-bthvsb <bthvsb.pfb
bthvsm TeX-bthvsm <bthvsm.pfb
bthvwb TeX-bthvwb <bthvwb.pfb
bthvwm TeX-bthvwm <bthvwm.pfb
bxghsb TeX-bxghsb <bxghsb.pfb
bxghsm TeX-bxghsm <bxghsm.pfb
bxghwb TeX-bxghwb <bxghwb.pfb
bxghwm TeX-bxghwm <bxghwm.pfb
bxgvsb TeX-bxgvsb <bxgvsb.pfb
bxgvsm TeX-bxgvsm <bxgvsm.pfb
bxgvwb TeX-bxgvwb <bxgvwb.pfb
bxgvwm TeX-bxgvwm <bxgvwm.pfb
%%%%%%%%%%%%%%%%%%%%%%%%%%%%%%%
