Tempora-Regular-TLF-lgr Tempora-Regular " temporaLGRenc ReEncodeFont " <lgr-tempora.enc <Tempora-Regular.pfb
Tempora-Bold-TLF-lgr Tempora-Bold " temporaLGRenc ReEncodeFont " <lgr-tempora.enc <Tempora-Bold.pfb
Tempora-Italic-TLF-lgr Tempora-Italic " temporaLGRenc ReEncodeFont " <lgr-tempora.enc <Tempora-Italic.pfb
Tempora-BoldItalic-TLF-lgr Tempora-BoldItalic " temporaLGRenc ReEncodeFont " <lgr-tempora.enc <Tempora-BoldItalic.pfb
Tempora-Regular-TLF-t2a Tempora-Regular " temporaT2Aenc ReEncodeFont " <t2a-tempora.enc <Tempora-Regular.pfb
Tempora-Bold-TLF-t2a Tempora-Bold " temporaT2Aenc ReEncodeFont " <t2a-tempora.enc <Tempora-Bold.pfb
Tempora-Italic-TLF-t2a Tempora-Italic " temporaT2Aenc ReEncodeFont " <t2a-tempora.enc <Tempora-Italic.pfb
Tempora-BoldItalic-TLF-t2a Tempora-BoldItalic " temporaT2Aenc ReEncodeFont " <t2a-tempora.enc <Tempora-BoldItalic.pfb
Tempora-Regular-TLF-t2b Tempora-Regular " temporaT2Benc ReEncodeFont " <t2b-tempora.enc <Tempora-Regular.pfb
Tempora-Bold-TLF-t2b Tempora-Bold " temporaT2Benc ReEncodeFont " <t2b-tempora.enc <Tempora-Bold.pfb
Tempora-Italic-TLF-t2b Tempora-Italic " temporaT2Benc ReEncodeFont " <t2b-tempora.enc <Tempora-Italic.pfb
Tempora-BoldItalic-TLF-t2b Tempora-BoldItalic " temporaT2Benc ReEncodeFont " <t2b-tempora.enc <Tempora-BoldItalic.pfb
Tempora-Regular-TLF-t2c Tempora-Regular " temporaT2Cenc ReEncodeFont " <t2c-tempora.enc <Tempora-Regular.pfb
Tempora-Bold-TLF-t2c Tempora-Bold " temporaT2Cenc ReEncodeFont " <t2c-tempora.enc <Tempora-Bold.pfb
Tempora-Italic-TLF-t2c Tempora-Italic " temporaT2Cenc ReEncodeFont " <t2c-tempora.enc <Tempora-Italic.pfb
Tempora-BoldItalic-TLF-t2c Tempora-BoldItalic " temporaT2Cenc ReEncodeFont " <t2c-tempora.enc <Tempora-BoldItalic.pfb
Tempora-Regular-TLF-ot2 Tempora-Regular " temporaOT2Enc ReEncodeFont " <ot2-tempora.enc <Tempora-Regular.pfb
Tempora-Bold-TLF-ot2 Tempora-Bold " temporaOT2Enc ReEncodeFont " <ot2-tempora.enc <Tempora-Bold.pfb
Tempora-Italic-TLF-ot2 Tempora-Italic " temporaOT2Enc ReEncodeFont " <ot2-tempora.enc <Tempora-Italic.pfb
Tempora-BoldItalic-TLF-ot2 Tempora-BoldItalic " temporaOT2Enc ReEncodeFont " <ot2-tempora.enc <Tempora-BoldItalic.pfb
Tempora-Regular-TOsF-lgr Tempora-Regular " temporaLGRosfenc ReEncodeFont " <lgr-temporaosf.enc <Tempora-Regular.pfb
Tempora-Bold-TOsF-lgr Tempora-Bold " temporaLGRosfenc ReEncodeFont " <lgr-temporaosf.enc <Tempora-Bold.pfb
Tempora-Italic-TOsF-lgr Tempora-Italic " temporaLGRosfenc ReEncodeFont " <lgr-temporaosf.enc <Tempora-Italic.pfb
Tempora-BoldItalic-TOsF-lgr Tempora-BoldItalic " temporaLGRosfenc ReEncodeFont " <lgr-temporaosf.enc <Tempora-BoldItalic.pfb
Tempora-Regular-TOsF-t2a Tempora-Regular " temporaT2Aosfenc ReEncodeFont " <t2a-temporaosf.enc <Tempora-Regular.pfb
Tempora-Bold-TOsF-t2a Tempora-Bold " temporaT2Aosfenc ReEncodeFont " <t2a-temporaosf.enc <Tempora-Bold.pfb
Tempora-Italic-TOsF-t2a Tempora-Italic " temporaT2Aosfenc ReEncodeFont " <t2a-temporaosf.enc <Tempora-Italic.pfb
Tempora-BoldItalic-TOsF-t2a Tempora-BoldItalic " temporaT2Aosfenc ReEncodeFont " <t2a-temporaosf.enc <Tempora-BoldItalic.pfb
Tempora-Regular-TOsF-t2b Tempora-Regular " temporaT2Bosfenc ReEncodeFont " <t2b-temporaosf.enc <Tempora-Regular.pfb
Tempora-Bold-TOsF-t2b Tempora-Bold " temporaT2Bosfenc ReEncodeFont " <t2b-temporaosf.enc <Tempora-Bold.pfb
Tempora-Italic-TOsF-t2b Tempora-Italic " temporaT2Bosfenc ReEncodeFont " <t2b-temporaosf.enc <Tempora-Italic.pfb
Tempora-BoldItalic-TOsF-t2b Tempora-BoldItalic " temporaT2Bosfenc ReEncodeFont " <t2b-temporaosf.enc <Tempora-BoldItalic.pfb
Tempora-Regular-TOsF-t2c Tempora-Regular " temporaT2Cosfenc ReEncodeFont " <t2c-temporaosf.enc <Tempora-Regular.pfb
Tempora-Bold-TOsF-t2c Tempora-Bold " temporaT2Cosfenc ReEncodeFont " <t2c-temporaosf.enc <Tempora-Bold.pfb
Tempora-Italic-TOsF-t2c Tempora-Italic " temporaT2Cosfenc ReEncodeFont " <t2c-temporaosf.enc <Tempora-Italic.pfb
Tempora-BoldItalic-TOsF-t2c Tempora-BoldItalic " temporaT2Cosfenc ReEncodeFont " <t2c-temporaosf.enc <Tempora-BoldItalic.pfb
Tempora-Regular-TOsF-ot2 Tempora-Regular " temporaOT2Enc ReEncodeFont " <ot2-temporaosf.enc <Tempora-Regular.pfb
Tempora-Bold-TOsF-ot2 Tempora-Bold " temporaOT2Enc ReEncodeFont " <ot2-temporaosf.enc <Tempora-Bold.pfb
Tempora-Italic-TOsF-ot2 Tempora-Italic " temporaOT2Enc ReEncodeFont " <ot2-temporaosf.enc <Tempora-Italic.pfb
Tempora-BoldItalic-TOsF-ot2 Tempora-BoldItalic " temporaOT2Enc ReEncodeFont " <ot2-temporaosf.enc <Tempora-BoldItalic.pfb

Tempora-Bold-tlf-ot1--base Tempora-Bold "AutoEnc_q3dzgco6vlb5rksus22pk2ojrh ReEncodeFont" <[tmp_q3dzgc.enc <Tempora-Bold.pfb
Tempora-Bold-tlf-ts1--base Tempora-Bold "AutoEnc_arnbc6jyrgjpgpk25esinlupwh ReEncodeFont" <[tmp_arnbc6.enc <Tempora-Bold.pfb
Tempora-Bold-sup-ot1 Tempora-Bold "AutoEnc_xvqxbrvzbel6dtmulqn3erawzh ReEncodeFont" <[tmp_xvqxbr.enc <Tempora-Bold.pfb
Tempora-Bold-sup-t1--base Tempora-Bold "AutoEnc_6rqc3dl7yggvrd4v27cbly7ouh ReEncodeFont" <[tmp_6rqc3d.enc <Tempora-Bold.pfb
Tempora-Bold-tosf-ot1--base Tempora-Bold "AutoEnc_v6f3zefv2kotcor6cyvlepscab ReEncodeFont" <[tmp_v6f3ze.enc <Tempora-Bold.pfb
Tempora-Bold-tosf-ts1--base Tempora-Bold "AutoEnc_arnbc6jyrgjpgpk25esinlupwh ReEncodeFont" <[tmp_arnbc6.enc <Tempora-Bold.pfb
Tempora-BoldItalic-tlf-ot1--base Tempora-BoldItalic "AutoEnc_q3dzgco6vlb5rksus22pk2ojrh ReEncodeFont" <[tmp_q3dzgc.enc <Tempora-BoldItalic.pfb
Tempora-BoldItalic-tlf-ts1--base Tempora-BoldItalic "AutoEnc_arnbc6jyrgjpgpk25esinlupwh ReEncodeFont" <[tmp_arnbc6.enc <Tempora-BoldItalic.pfb
Tempora-BoldItalic-sup-ot1 Tempora-BoldItalic "AutoEnc_xvqxbrvzbel6dtmulqn3erawzh ReEncodeFont" <[tmp_xvqxbr.enc <Tempora-BoldItalic.pfb
Tempora-BoldItalic-sup-t1--base Tempora-BoldItalic "AutoEnc_6rqc3dl7yggvrd4v27cbly7ouh ReEncodeFont" <[tmp_6rqc3d.enc <Tempora-BoldItalic.pfb
Tempora-BoldItalic-tosf-ot1--base Tempora-BoldItalic "AutoEnc_v6f3zefv2kotcor6cyvlepscab ReEncodeFont" <[tmp_v6f3ze.enc <Tempora-BoldItalic.pfb
Tempora-BoldItalic-tosf-ts1--base Tempora-BoldItalic "AutoEnc_arnbc6jyrgjpgpk25esinlupwh ReEncodeFont" <[tmp_arnbc6.enc <Tempora-BoldItalic.pfb
Tempora-Italic-tlf-ot1 Tempora-Italic "AutoEnc_yz5x6bmu6i7uwtxezqakp375fb ReEncodeFont" <[tmp_yz5x6b.enc <Tempora-Italic.pfb
Tempora-Italic-tlf-t1--base Tempora-Italic "AutoEnc_aq2g6wzgetgyiuoxj2sdhokkza ReEncodeFont" <[tmp_aq2g6w.enc <Tempora-Italic.pfb
Tempora-Italic-tlf-ts1--base Tempora-Italic "AutoEnc_ac5xuclcjy7dufevac5uyzclvh ReEncodeFont" <[tmp_ac5xuc.enc <Tempora-Italic.pfb
Tempora-Italic-sup-ot1 Tempora-Italic "AutoEnc_xvqxbrvzbel6dtmulqn3erawzh ReEncodeFont" <[tmp_xvqxbr.enc <Tempora-Italic.pfb
Tempora-Italic-sup-t1--base Tempora-Italic "AutoEnc_6rqc3dl7yggvrd4v27cbly7ouh ReEncodeFont" <[tmp_6rqc3d.enc <Tempora-Italic.pfb
Tempora-Italic-tosf-ot1 Tempora-Italic "AutoEnc_m6t7euhqet2ek5lkakzfugebwa ReEncodeFont" <[tmp_m6t7eu.enc <Tempora-Italic.pfb
Tempora-Italic-tosf-t1--base Tempora-Italic "AutoEnc_mdnuug5jinpf76yyeykixecrbe ReEncodeFont" <[tmp_mdnuug.enc <Tempora-Italic.pfb
Tempora-Italic-tosf-ts1--base Tempora-Italic "AutoEnc_ac5xuclcjy7dufevac5uyzclvh ReEncodeFont" <[tmp_ac5xuc.enc <Tempora-Italic.pfb
Tempora-Regular-tlf-ot1--base Tempora-Regular "AutoEnc_q3dzgco6vlb5rksus22pk2ojrh ReEncodeFont" <[tmp_q3dzgc.enc <Tempora-Regular.pfb
Tempora-Regular-tlf-ts1--base Tempora-Regular "AutoEnc_ac5xuclcjy7dufevac5uyzclvh ReEncodeFont" <[tmp_ac5xuc.enc <Tempora-Regular.pfb
Tempora-Regular-sup-ot1 Tempora-Regular "AutoEnc_xvqxbrvzbel6dtmulqn3erawzh ReEncodeFont" <[tmp_xvqxbr.enc <Tempora-Regular.pfb
Tempora-Regular-sup-t1--base Tempora-Regular "AutoEnc_6rqc3dl7yggvrd4v27cbly7ouh ReEncodeFont" <[tmp_6rqc3d.enc <Tempora-Regular.pfb
Tempora-Regular-tosf-ot1--base Tempora-Regular "AutoEnc_v6f3zefv2kotcor6cyvlepscab ReEncodeFont" <[tmp_v6f3ze.enc <Tempora-Regular.pfb
Tempora-Regular-tosf-ts1--base Tempora-Regular "AutoEnc_ac5xuclcjy7dufevac5uyzclvh ReEncodeFont" <[tmp_ac5xuc.enc <Tempora-Regular.pfb
Tempora-Bold-tosf-t1--base Tempora-Bold "AutoEnc_y4r4kmrqluyikkuenlaf45mi5d ReEncodeFont" <[tmp_y4r4km.enc <Tempora-Bold.pfb
Tempora-Bold-tlf-t1--base Tempora-Bold "AutoEnc_jglahmh57bhuq2nhyls2yv6l6a ReEncodeFont" <[tmp_jglahm.enc <Tempora-Bold.pfb
Tempora-BoldItalic-tosf-t1--base Tempora-BoldItalic "AutoEnc_y4r4kmrqluyikkuenlaf45mi5d ReEncodeFont" <[tmp_y4r4km.enc <Tempora-BoldItalic.pfb
Tempora-BoldItalic-tlf-t1--base Tempora-BoldItalic "AutoEnc_jglahmh57bhuq2nhyls2yv6l6a ReEncodeFont" <[tmp_jglahm.enc <Tempora-BoldItalic.pfb
Tempora-Regular-tosf-t1--base Tempora-Regular "AutoEnc_y4r4kmrqluyikkuenlaf45mi5d ReEncodeFont" <[tmp_y4r4km.enc <Tempora-Regular.pfb
Tempora-Regular-tlf-t1--base Tempora-Regular "AutoEnc_jglahmh57bhuq2nhyls2yv6l6a ReEncodeFont" <[tmp_jglahm.enc <Tempora-Regular.pfb
