t2b-anttr AntykwaTorunska-Regular "encantt-t2b ReEncodeFont" <antt-t2b.enc <anttr.pfb
t2b-anttb AntykwaTorunska-Bold "encantt-t2b ReEncodeFont" <antt-t2b.enc <anttb.pfb
t2b-anttl AntykwaTorunskaLight-Regular "encantt-t2b ReEncodeFont" <antt-t2b.enc <anttl.pfb
t2b-anttm AntykwaTorunskaMed-Regular "encantt-t2b ReEncodeFont" <antt-t2b.enc <anttm.pfb
t2b-anttbi AntykwaTorunska-BoldItalic "encantt-t2b ReEncodeFont" <antt-t2b.enc <anttbi.pfb
t2b-anttli AntykwaTorunskaLight-Italic "encantt-t2b ReEncodeFont" <antt-t2b.enc <anttli.pfb
t2b-anttmi AntykwaTorunskaMed-Italic "encantt-t2b ReEncodeFont" <antt-t2b.enc <anttmi.pfb
t2b-anttri AntykwaTorunska-Italic "encantt-t2b ReEncodeFont" <antt-t2b.enc <anttri.pfb
t2b-anttcr AntykwaTorunskaCond-Regular "encantt-t2b ReEncodeFont" <antt-t2b.enc <anttcr.pfb
t2b-anttcb AntykwaTorunskaCond-Bold "encantt-t2b ReEncodeFont" <antt-t2b.enc <anttcb.pfb
t2b-anttcm AntykwaTorunskaCondMed-Regular "encantt-t2b ReEncodeFont" <antt-t2b.enc <anttcm.pfb
t2b-anttcl AntykwaTorunskaCondLight-Regular "encantt-t2b ReEncodeFont" <antt-t2b.enc <anttcl.pfb
t2b-anttcri AntykwaTorunskaCond-Italic "encantt-t2b ReEncodeFont" <antt-t2b.enc <anttcri.pfb
t2b-anttcmi AntykwaTorunskaCondMed-Italic "encantt-t2b ReEncodeFont" <antt-t2b.enc <anttcmi.pfb
t2b-anttcli AntykwaTorunskaCondLight-Italic "encantt-t2b ReEncodeFont" <antt-t2b.enc <anttcli.pfb
t2b-anttcbi AntykwaTorunskaCond-BoldItalic "encantt-t2b ReEncodeFont" <antt-t2b.enc <anttcbi.pfb
