t2c-anttr AntykwaTorunska-Regular "encantt-t2c ReEncodeFont" <antt-t2c.enc <anttr.pfb
t2c-anttb AntykwaTorunska-Bold "encantt-t2c ReEncodeFont" <antt-t2c.enc <anttb.pfb
t2c-anttl AntykwaTorunskaLight-Regular "encantt-t2c ReEncodeFont" <antt-t2c.enc <anttl.pfb
t2c-anttm AntykwaTorunskaMed-Regular "encantt-t2c ReEncodeFont" <antt-t2c.enc <anttm.pfb
t2c-anttbi AntykwaTorunska-BoldItalic "encantt-t2c ReEncodeFont" <antt-t2c.enc <anttbi.pfb
t2c-anttli AntykwaTorunskaLight-Italic "encantt-t2c ReEncodeFont" <antt-t2c.enc <anttli.pfb
t2c-anttmi AntykwaTorunskaMed-Italic "encantt-t2c ReEncodeFont" <antt-t2c.enc <anttmi.pfb
t2c-anttri AntykwaTorunska-Italic "encantt-t2c ReEncodeFont" <antt-t2c.enc <anttri.pfb
t2c-anttcr AntykwaTorunskaCond-Regular "encantt-t2c ReEncodeFont" <antt-t2c.enc <anttcr.pfb
t2c-anttcb AntykwaTorunskaCond-Bold "encantt-t2c ReEncodeFont" <antt-t2c.enc <anttcb.pfb
t2c-anttcm AntykwaTorunskaCondMed-Regular "encantt-t2c ReEncodeFont" <antt-t2c.enc <anttcm.pfb
t2c-anttcl AntykwaTorunskaCondLight-Regular "encantt-t2c ReEncodeFont" <antt-t2c.enc <anttcl.pfb
t2c-anttcri AntykwaTorunskaCond-Italic "encantt-t2c ReEncodeFont" <antt-t2c.enc <anttcri.pfb
t2c-anttcmi AntykwaTorunskaCondMed-Italic "encantt-t2c ReEncodeFont" <antt-t2c.enc <anttcmi.pfb
t2c-anttcli AntykwaTorunskaCondLight-Italic "encantt-t2c ReEncodeFont" <antt-t2c.enc <anttcli.pfb
t2c-anttcbi AntykwaTorunskaCond-BoldItalic "encantt-t2c ReEncodeFont" <antt-t2c.enc <anttcbi.pfb
