qx-anttr AntykwaTorunska-Regular "encantt-qx ReEncodeFont" <antt-qx.enc <anttr.pfb
qx-anttb AntykwaTorunska-Bold "encantt-qx ReEncodeFont" <antt-qx.enc <anttb.pfb
qx-anttl AntykwaTorunskaLight-Regular "encantt-qx ReEncodeFont" <antt-qx.enc <anttl.pfb
qx-anttm AntykwaTorunskaMed-Regular "encantt-qx ReEncodeFont" <antt-qx.enc <anttm.pfb
qx-anttbi AntykwaTorunska-BoldItalic "encantt-qx ReEncodeFont" <antt-qx.enc <anttbi.pfb
qx-anttli AntykwaTorunskaLight-Italic "encantt-qx ReEncodeFont" <antt-qx.enc <anttli.pfb
qx-anttmi AntykwaTorunskaMed-Italic "encantt-qx ReEncodeFont" <antt-qx.enc <anttmi.pfb
qx-anttri AntykwaTorunska-Italic "encantt-qx ReEncodeFont" <antt-qx.enc <anttri.pfb
qx-anttcr AntykwaTorunskaCond-Regular "encantt-qx ReEncodeFont" <antt-qx.enc <anttcr.pfb
qx-anttcb AntykwaTorunskaCond-Bold "encantt-qx ReEncodeFont" <antt-qx.enc <anttcb.pfb
qx-anttcm AntykwaTorunskaCondMed-Regular "encantt-qx ReEncodeFont" <antt-qx.enc <anttcm.pfb
qx-anttcl AntykwaTorunskaCondLight-Regular "encantt-qx ReEncodeFont" <antt-qx.enc <anttcl.pfb
qx-anttcri AntykwaTorunskaCond-Italic "encantt-qx ReEncodeFont" <antt-qx.enc <anttcri.pfb
qx-anttcmi AntykwaTorunskaCondMed-Italic "encantt-qx ReEncodeFont" <antt-qx.enc <anttcmi.pfb
qx-anttcli AntykwaTorunskaCondLight-Italic "encantt-qx ReEncodeFont" <antt-qx.enc <anttcli.pfb
qx-anttcbi AntykwaTorunskaCond-BoldItalic "encantt-qx ReEncodeFont" <antt-qx.enc <anttcbi.pfb
qx-anttrcap AntykwaTorunska-Regular "encanttcap-qx ReEncodeFont" <anttcap-qx.enc <anttr.pfb
qx-anttbcap AntykwaTorunska-Bold "encanttcap-qx ReEncodeFont" <anttcap-qx.enc <anttb.pfb
qx-anttlcap AntykwaTorunskaLight-Regular "encanttcap-qx ReEncodeFont" <anttcap-qx.enc <anttl.pfb
qx-anttmcap AntykwaTorunskaMed-Regular "encanttcap-qx ReEncodeFont" <anttcap-qx.enc <anttm.pfb
qx-anttbicap AntykwaTorunska-BoldItalic "encanttcap-qx ReEncodeFont" <anttcap-qx.enc <anttbi.pfb
qx-anttlicap AntykwaTorunskaLight-Italic "encanttcap-qx ReEncodeFont" <anttcap-qx.enc <anttli.pfb
qx-anttmicap AntykwaTorunskaMed-Italic "encanttcap-qx ReEncodeFont" <anttcap-qx.enc <anttmi.pfb
qx-anttricap AntykwaTorunska-Italic "encanttcap-qx ReEncodeFont" <anttcap-qx.enc <anttri.pfb
qx-anttcrcap AntykwaTorunskaCond-Regular "encanttcap-qx ReEncodeFont" <anttcap-qx.enc <anttcr.pfb
qx-anttcbcap AntykwaTorunskaCond-Bold "encanttcap-qx ReEncodeFont" <anttcap-qx.enc <anttcb.pfb
qx-anttcmcap AntykwaTorunskaCondMed-Regular "encanttcap-qx ReEncodeFont" <anttcap-qx.enc <anttcm.pfb
qx-anttclcap AntykwaTorunskaCondLight-Regular "encanttcap-qx ReEncodeFont" <anttcap-qx.enc <anttcl.pfb
qx-anttcricap AntykwaTorunskaCond-Italic "encanttcap-qx ReEncodeFont" <anttcap-qx.enc <anttcri.pfb
qx-anttcmicap AntykwaTorunskaCondMed-Italic "encanttcap-qx ReEncodeFont" <anttcap-qx.enc <anttcmi.pfb
qx-anttclicap AntykwaTorunskaCondLight-Italic "encanttcap-qx ReEncodeFont" <anttcap-qx.enc <anttcli.pfb
qx-anttcbicap AntykwaTorunskaCond-BoldItalic "encanttcap-qx ReEncodeFont" <anttcap-qx.enc <anttcbi.pfb
