exp-anttr AntykwaTorunska-Regular "encantt-exp ReEncodeFont" <antt-exp.enc <anttr.pfb
exp-anttb AntykwaTorunska-Bold "encantt-exp ReEncodeFont" <antt-exp.enc <anttb.pfb
exp-anttl AntykwaTorunskaLight-Regular "encantt-exp ReEncodeFont" <antt-exp.enc <anttl.pfb
exp-anttm AntykwaTorunskaMed-Regular "encantt-exp ReEncodeFont" <antt-exp.enc <anttm.pfb
exp-anttbi AntykwaTorunska-BoldItalic "encantt-exp ReEncodeFont" <antt-exp.enc <anttbi.pfb
exp-anttli AntykwaTorunskaLight-Italic "encantt-exp ReEncodeFont" <antt-exp.enc <anttli.pfb
exp-anttmi AntykwaTorunskaMed-Italic "encantt-exp ReEncodeFont" <antt-exp.enc <anttmi.pfb
exp-anttri AntykwaTorunska-Italic "encantt-exp ReEncodeFont" <antt-exp.enc <anttri.pfb
exp-anttcr AntykwaTorunskaCond-Regular "encantt-exp ReEncodeFont" <antt-exp.enc <anttcr.pfb
exp-anttcb AntykwaTorunskaCond-Bold "encantt-exp ReEncodeFont" <antt-exp.enc <anttcb.pfb
exp-anttcm AntykwaTorunskaCondMed-Regular "encantt-exp ReEncodeFont" <antt-exp.enc <anttcm.pfb
exp-anttcl AntykwaTorunskaCondLight-Regular "encantt-exp ReEncodeFont" <antt-exp.enc <anttcl.pfb
exp-anttcri AntykwaTorunskaCond-Italic "encantt-exp ReEncodeFont" <antt-exp.enc <anttcri.pfb
exp-anttcmi AntykwaTorunskaCondMed-Italic "encantt-exp ReEncodeFont" <antt-exp.enc <anttcmi.pfb
exp-anttcli AntykwaTorunskaCondLight-Italic "encantt-exp ReEncodeFont" <antt-exp.enc <anttcli.pfb
exp-anttcbi AntykwaTorunskaCond-BoldItalic "encantt-exp ReEncodeFont" <antt-exp.enc <anttcbi.pfb
