t1-zi4r-0 Inconsolatazi4-Regular " zi4T1Encoding0 ReEncodeFont " <i4-t1-0.enc <Inconsolata-zi4r.pfb
t1-zi4r-1 Inconsolatazi4-Regular " zi4T1Encoding1 ReEncodeFont " <i4-t1-1.enc <Inconsolata-zi4r.pfb
t1-zi4r-2 Inconsolatazi4-Regular " zi4T1Encoding2 ReEncodeFont " <i4-t1-2.enc <Inconsolata-zi4r.pfb
t1-zi4r-3 Inconsolatazi4-Regular " zi4T1Encoding3 ReEncodeFont " <i4-t1-3.enc <Inconsolata-zi4r.pfb
t1-zi4r-4 Inconsolatazi4-Regular " zi4T1Encoding4 ReEncodeFont " <i4-t1-4.enc <Inconsolata-zi4r.pfb
t1-zi4r-5 Inconsolatazi4-Regular " zi4T1Encoding5 ReEncodeFont " <i4-t1-5.enc <Inconsolata-zi4r.pfb
t1-zi4r-6 Inconsolatazi4-Regular " zi4T1Encoding6 ReEncodeFont " <i4-t1-6.enc <Inconsolata-zi4r.pfb
t1-zi4r-7 Inconsolatazi4-Regular " zi4T1Encoding7 ReEncodeFont " <i4-t1-7.enc <Inconsolata-zi4r.pfb
t1-zi4b-0 Inconsolatazi4-Bold " zi4T1Encoding0 ReEncodeFont " <i4-t1-0.enc <Inconsolata-zi4b.pfb
t1-zi4b-1 Inconsolatazi4-Bold " zi4T1Encoding1 ReEncodeFont " <i4-t1-1.enc <Inconsolata-zi4b.pfb
t1-zi4b-2 Inconsolatazi4-Bold " zi4T1Encoding2 ReEncodeFont " <i4-t1-2.enc <Inconsolata-zi4b.pfb
t1-zi4b-3 Inconsolatazi4-Bold " zi4T1Encoding3 ReEncodeFont " <i4-t1-3.enc <Inconsolata-zi4b.pfb
t1-zi4b-4 Inconsolatazi4-Bold " zi4T1Encoding4 ReEncodeFont " <i4-t1-4.enc <Inconsolata-zi4b.pfb
t1-zi4b-5 Inconsolatazi4-Bold " zi4T1Encoding5 ReEncodeFont " <i4-t1-5.enc <Inconsolata-zi4b.pfb
t1-zi4b-6 Inconsolatazi4-Bold " zi4T1Encoding6 ReEncodeFont " <i4-t1-6.enc <Inconsolata-zi4b.pfb
t1-zi4b-7 Inconsolatazi4-Bold " zi4T1Encoding7 ReEncodeFont " <i4-t1-7.enc <Inconsolata-zi4b.pfb
ot1-zi4r-0 Inconsolatazi4-Regular " zi4OT1TypewriterEncoding0 ReEncodeFont " <i4-ot1-0.enc <Inconsolata-zi4r.pfb
ot1-zi4r-1 Inconsolatazi4-Regular " zi4OT1TypewriterEncoding1 ReEncodeFont " <i4-ot1-1.enc <Inconsolata-zi4r.pfb
ot1-zi4r-2 Inconsolatazi4-Regular " zi4OT1TypewriterEncoding2 ReEncodeFont " <i4-ot1-2.enc <Inconsolata-zi4r.pfb
ot1-zi4r-3 Inconsolatazi4-Regular " zi4OT1TypewriterEncoding3 ReEncodeFont " <i4-ot1-3.enc <Inconsolata-zi4r.pfb
ot1-zi4r-4 Inconsolatazi4-Regular " zi4OT1TypewriterEncoding4 ReEncodeFont " <i4-ot1-4.enc <Inconsolata-zi4r.pfb
ot1-zi4r-5 Inconsolatazi4-Regular " zi4OT1TypewriterEncoding5 ReEncodeFont " <i4-ot1-5.enc <Inconsolata-zi4r.pfb
ot1-zi4r-6 Inconsolatazi4-Regular " zi4OT1TypewriterEncoding6 ReEncodeFont " <i4-ot1-6.enc <Inconsolata-zi4r.pfb
ot1-zi4r-7 Inconsolatazi4-Regular " zi4OT1TypewriterEncoding7 ReEncodeFont " <i4-ot1-7.enc <Inconsolata-zi4r.pfb
ot1-zi4b-0 Inconsolatazi4-Bold " zi4OT1TypewriterEncoding0 ReEncodeFont " <i4-ot1-0.enc <Inconsolata-zi4b.pfb
ot1-zi4b-1 Inconsolatazi4-Bold " zi4OT1TypewriterEncoding1 ReEncodeFont " <i4-ot1-1.enc <Inconsolata-zi4b.pfb
ot1-zi4b-2 Inconsolatazi4-Bold " zi4OT1TypewriterEncoding2 ReEncodeFont " <i4-ot1-2.enc <Inconsolata-zi4b.pfb
ot1-zi4b-3 Inconsolatazi4-Bold " zi4OT1TypewriterEncoding3 ReEncodeFont " <i4-ot1-3.enc <Inconsolata-zi4b.pfb
ot1-zi4b-4 Inconsolatazi4-Bold " zi4OT1TypewriterEncoding4 ReEncodeFont " <i4-ot1-4.enc <Inconsolata-zi4b.pfb
ot1-zi4b-5 Inconsolatazi4-Bold " zi4OT1TypewriterEncoding5 ReEncodeFont " <i4-ot1-5.enc <Inconsolata-zi4b.pfb
ot1-zi4b-6 Inconsolatazi4-Bold " zi4OT1TypewriterEncoding6 ReEncodeFont " <i4-ot1-6.enc <Inconsolata-zi4b.pfb
ot1-zi4b-7 Inconsolatazi4-Bold " zi4OT1TypewriterEncoding7 ReEncodeFont " <i4-ot1-7.enc <Inconsolata-zi4b.pfb
ly1-zi4r-0 Inconsolatazi4-Regular " zi4LY1Encoding0 ReEncodeFont " <i4-ly1-0.enc <Inconsolata-zi4r.pfb
ly1-zi4r-1 Inconsolatazi4-Regular " zi4LY1Encoding1 ReEncodeFont " <i4-ly1-1.enc <Inconsolata-zi4r.pfb
ly1-zi4r-2 Inconsolatazi4-Regular " zi4LY1Encoding2 ReEncodeFont " <i4-ly1-2.enc <Inconsolata-zi4r.pfb
ly1-zi4r-3 Inconsolatazi4-Regular " zi4LY1Encoding3 ReEncodeFont " <i4-ly1-3.enc <Inconsolata-zi4r.pfb
ly1-zi4r-4 Inconsolatazi4-Regular " zi4LY1Encoding4 ReEncodeFont " <i4-ly1-4.enc <Inconsolata-zi4r.pfb
ly1-zi4r-5 Inconsolatazi4-Regular " zi4LY1Encoding5 ReEncodeFont " <i4-ly1-5.enc <Inconsolata-zi4r.pfb
ly1-zi4r-6 Inconsolatazi4-Regular " zi4LY1Encoding6 ReEncodeFont " <i4-ly1-6.enc <Inconsolata-zi4r.pfb
ly1-zi4r-7 Inconsolatazi4-Regular " zi4LY1Encoding7 ReEncodeFont " <i4-ly1-7.enc <Inconsolata-zi4r.pfb
ly1-zi4b-0 Inconsolatazi4-Bold " zi4LY1Encoding0 ReEncodeFont " <i4-ly1-0.enc <Inconsolata-zi4b.pfb
ly1-zi4b-1 Inconsolatazi4-Bold " zi4LY1Encoding1 ReEncodeFont " <i4-ly1-1.enc <Inconsolata-zi4b.pfb
ly1-zi4b-2 Inconsolatazi4-Bold " zi4LY1Encoding2 ReEncodeFont " <i4-ly1-2.enc <Inconsolata-zi4b.pfb
ly1-zi4b-3 Inconsolatazi4-Bold " zi4LY1Encoding3 ReEncodeFont " <i4-ly1-3.enc <Inconsolata-zi4b.pfb
ly1-zi4b-4 Inconsolatazi4-Bold " zi4LY1Encoding4 ReEncodeFont " <i4-ly1-4.enc <Inconsolata-zi4b.pfb
ly1-zi4b-5 Inconsolatazi4-Bold " zi4LY1Encoding5 ReEncodeFont " <i4-ly1-5.enc <Inconsolata-zi4b.pfb
ly1-zi4b-6 Inconsolatazi4-Bold " zi4LY1Encoding6 ReEncodeFont " <i4-ly1-6.enc <Inconsolata-zi4b.pfb
ly1-zi4b-7 Inconsolatazi4-Bold " zi4LY1Encoding7 ReEncodeFont " <i4-ly1-7.enc <Inconsolata-zi4b.pfb
qx-zi4r-0 Inconsolatazi4-Regular " zi4QXTTEncoding0 ReEncodeFont " <i4-qx-0.enc <Inconsolata-zi4r.pfb
qx-zi4r-1 Inconsolatazi4-Regular " zi4QXTTEncoding1 ReEncodeFont " <i4-qx-1.enc <Inconsolata-zi4r.pfb
qx-zi4r-2 Inconsolatazi4-Regular " zi4QXTTEncoding2 ReEncodeFont " <i4-qx-2.enc <Inconsolata-zi4r.pfb
qx-zi4r-3 Inconsolatazi4-Regular " zi4QXTTEncoding3 ReEncodeFont " <i4-qx-3.enc <Inconsolata-zi4r.pfb
qx-zi4r-4 Inconsolatazi4-Regular " zi4QXTTEncoding4 ReEncodeFont " <i4-qx-4.enc <Inconsolata-zi4r.pfb
qx-zi4r-5 Inconsolatazi4-Regular " zi4QXTTEncoding5 ReEncodeFont " <i4-qx-5.enc <Inconsolata-zi4r.pfb
qx-zi4r-6 Inconsolatazi4-Regular " zi4QXTTEncoding6 ReEncodeFont " <i4-qx-6.enc <Inconsolata-zi4r.pfb
qx-zi4r-7 Inconsolatazi4-Regular " zi4QXTTEncoding7 ReEncodeFont " <i4-qx-7.enc <Inconsolata-zi4r.pfb
qx-zi4b-0 Inconsolatazi4-Bold " zi4QXTTEncoding0 ReEncodeFont " <i4-qx-0.enc <Inconsolata-zi4b.pfb
qx-zi4b-1 Inconsolatazi4-Bold " zi4QXTTEncoding1 ReEncodeFont " <i4-qx-1.enc <Inconsolata-zi4b.pfb
qx-zi4b-2 Inconsolatazi4-Bold " zi4QXTTEncoding2 ReEncodeFont " <i4-qx-2.enc <Inconsolata-zi4b.pfb
qx-zi4b-3 Inconsolatazi4-Bold " zi4QXTTEncoding3 ReEncodeFont " <i4-qx-3.enc <Inconsolata-zi4b.pfb
qx-zi4b-4 Inconsolatazi4-Bold " zi4QXTTEncoding4 ReEncodeFont " <i4-qx-4.enc <Inconsolata-zi4b.pfb
qx-zi4b-5 Inconsolatazi4-Bold " zi4QXTTEncoding5 ReEncodeFont " <i4-qx-5.enc <Inconsolata-zi4b.pfb
qx-zi4b-6 Inconsolatazi4-Bold " zi4QXTTEncoding6 ReEncodeFont " <i4-qx-6.enc <Inconsolata-zi4b.pfb
qx-zi4b-7 Inconsolatazi4-Bold " zi4QXTTEncoding7 ReEncodeFont " <i4-qx-7.enc <Inconsolata-zi4b.pfb
ts1-zi4r Inconsolatazi4-Regular " zi4TS1Encoding ReEncodeFont " <i4-ts1.enc <Inconsolata-zi4r.pfb
ts1-zi4b Inconsolatazi4-Bold " zi4TS1Encoding ReEncodeFont " <i4-ts1.enc <Inconsolata-zi4b.pfb
