
mdxcir7t CharterITCStd-Regular "AutoEnc_e65dz637o7cqwvyygpiptkfqoc ReEncodeFont" <[a_e65dz6.enc <<CharterITCStd-Regular.otf
mdxciri7t CharterITCStd-Italic "AutoEnc_e65dz637o7cqwvyygpiptkfqoc ReEncodeFont" <[a_e65dz6.enc <<CharterITCStd-Italic.otf
mdxcic7t CharterITCStd-Black "AutoEnc_e65dz637o7cqwvyygpiptkfqoc ReEncodeFont" <[a_e65dz6.enc <<CharterITCStd-Black.otf
mdxcici7t CharterITCStd-BlackItalic "AutoEnc_e65dz637o7cqwvyygpiptkfqoc ReEncodeFont" <[a_e65dz6.enc <<CharterITCStd-BlackItalic.otf
mdxcib7t CharterITCStd-Bold "AutoEnc_e65dz637o7cqwvyygpiptkfqoc ReEncodeFont" <[a_e65dz6.enc <<CharterITCStd-Bold.otf
mdxcibi7t CharterITCStd-BoldItalic "AutoEnc_e65dz637o7cqwvyygpiptkfqoc ReEncodeFont" <[a_e65dz6.enc <<CharterITCStd-BoldItalic.otf
mdwcir8t CharterITCStd-Regular "AutoEnc_yezm6gkiomk6g4ibrgjtv7r5nb ReEncodeFont" <[a_yezm6g.enc <<CharterITCStd-Regular.otf
mdwciri8t CharterITCStd-Italic "AutoEnc_yezm6gkiomk6g4ibrgjtv7r5nb ReEncodeFont" <[a_yezm6g.enc <<CharterITCStd-Italic.otf
mdwcic8t CharterITCStd-Black "AutoEnc_yezm6gkiomk6g4ibrgjtv7r5nb ReEncodeFont" <[a_yezm6g.enc <<CharterITCStd-Black.otf
mdwcici8t CharterITCStd-BlackItalic "AutoEnc_yezm6gkiomk6g4ibrgjtv7r5nb ReEncodeFont" <[a_yezm6g.enc <<CharterITCStd-BlackItalic.otf
mdwcib8t CharterITCStd-Bold "AutoEnc_yezm6gkiomk6g4ibrgjtv7r5nb ReEncodeFont" <[a_yezm6g.enc <<CharterITCStd-Bold.otf
mdwcibi8t CharterITCStd-BoldItalic "AutoEnc_yezm6gkiomk6g4ibrgjtv7r5nb ReEncodeFont" <[a_yezm6g.enc <<CharterITCStd-BoldItalic.otf
mdwcirc8t CharterITCStd-Regular "AutoEnc_mdpn2kkihc7m3orgc2u6d6djmf ReEncodeFont" <[a_mdpn2k.enc <<CharterITCStd-Regular.otf
mdwciric8t CharterITCStd-Italic "AutoEnc_g47ck75qhccfvn2qnetc7njwfe ReEncodeFont" <[a_g47ck7.enc <<CharterITCStd-Italic.otf
mdwcicc8t CharterITCStd-Black "AutoEnc_g47ck75qhccfvn2qnetc7njwfe ReEncodeFont" <[a_g47ck7.enc <<CharterITCStd-Black.otf
mdwcicic8t CharterITCStd-BlackItalic "AutoEnc_g47ck75qhccfvn2qnetc7njwfe ReEncodeFont" <[a_g47ck7.enc <<CharterITCStd-BlackItalic.otf
mdwcibc8t CharterITCStd-Bold "AutoEnc_mdpn2kkihc7m3orgc2u6d6djmf ReEncodeFont" <[a_mdpn2k.enc <<CharterITCStd-Bold.otf
mdwcibic8t CharterITCStd-BoldItalic "AutoEnc_g47ck75qhccfvn2qnetc7njwfe ReEncodeFont" <[a_g47ck7.enc <<CharterITCStd-BoldItalic.otf
mdwcir7m CharterITCStd-Regular "AutoEnc_57soyvhaplkw2znwmcja6yvwjb ReEncodeFont" <[a_57soyv.enc <<CharterITCStd-Regular.otf
mdwciri7m CharterITCStd-Italic "AutoEnc_57soyvhaplkw2znwmcja6yvwjb ReEncodeFont" <[a_57soyv.enc <<CharterITCStd-Italic.otf
mdwcic7m CharterITCStd-Black "AutoEnc_57soyvhaplkw2znwmcja6yvwjb ReEncodeFont" <[a_57soyv.enc <<CharterITCStd-Black.otf
mdwcici7m CharterITCStd-BlackItalic "AutoEnc_57soyvhaplkw2znwmcja6yvwjb ReEncodeFont" <[a_57soyv.enc <<CharterITCStd-BlackItalic.otf
mdwcib7m CharterITCStd-Bold "AutoEnc_57soyvhaplkw2znwmcja6yvwjb ReEncodeFont" <[a_57soyv.enc <<CharterITCStd-Bold.otf
mdwcibi7m CharterITCStd-BoldItalic "AutoEnc_57soyvhaplkw2znwmcja6yvwjb ReEncodeFont" <[a_57soyv.enc <<CharterITCStd-BoldItalic.otf
mdwcir7y CharterITCStd-Regular "AutoEnc_2dncezzlgsotmj25c5upfsfdih ReEncodeFont" <[a_2dncez.enc <<CharterITCStd-Regular.otf
mdwciri7y CharterITCStd-Italic "AutoEnc_2dncezzlgsotmj25c5upfsfdih ReEncodeFont" <[a_2dncez.enc <<CharterITCStd-Italic.otf
mdwcic7y CharterITCStd-Black "AutoEnc_2dncezzlgsotmj25c5upfsfdih ReEncodeFont" <[a_2dncez.enc <<CharterITCStd-Black.otf
mdwcici7y CharterITCStd-BlackItalic "AutoEnc_2dncezzlgsotmj25c5upfsfdih ReEncodeFont" <[a_2dncez.enc <<CharterITCStd-BlackItalic.otf
mdwcib7y CharterITCStd-Bold "AutoEnc_2dncezzlgsotmj25c5upfsfdih ReEncodeFont" <[a_2dncez.enc <<CharterITCStd-Bold.otf
mdwcibi7y CharterITCStd-BoldItalic "AutoEnc_2dncezzlgsotmj25c5upfsfdih ReEncodeFont" <[a_2dncez.enc <<CharterITCStd-BoldItalic.otf
md-cir7m MathDesign-CI-Regular-MathItalic-10  <md-cir7m.pfb
md-ciri7m MathDesign-CI-Regular-Italic-MathItalic-10  <md-ciri7m.pfb
md-cirmb MathDesign-CI-Regular-MathDesignSymbolB-10  <md-cirmb.pfb
md-cirma MathDesign-CI-Regular-MathDesignSymbolA-10  <md-cirma.pfb
md-cir8t MathDesign-CI-Regular-T1-10  <md-cir8t.pfb
md-ciri8t MathDesign-CI-Regular-Italic-T1-10  <md-ciri8t.pfb
md-cir7y MathDesign-CI-Regular-Symbol-10  <md-cir7y.pfb
md-cir7t MathDesign-CI-Regular-OT1-10  <md-cir7t.pfb
md-ciri7t MathDesign-CI-Regular-Italic-OT1-10  <md-ciri7t.pfb
md-cir7v MathDesign-CI-Regular-Extension-10  <md-cir7v.pfb
md-cir8c MathDesign-CI-Regular-TS1-10  <md-cir8c.pfb
md-ciri8c MathDesign-CI-Regular-Italic-TS1-10  <md-ciri8c.pfb
md-cib7m MathDesign-CI-Bold-MathItalic-10  <md-cib7m.pfb
md-cibi7m MathDesign-CI-Bold-Italic-MathItalic-10  <md-cibi7m.pfb
md-cibmb MathDesign-CI-Bold-MathDesignSymbolB-10  <md-cibmb.pfb
md-cibma MathDesign-CI-Bold-MathDesignSymbolA-10  <md-cibma.pfb
md-cib8t MathDesign-CI-Bold-T1-10  <md-cib8t.pfb
md-cibi8t MathDesign-CI-Bold-Italic-T1-10  <md-cibi8t.pfb
md-cib7y MathDesign-CI-Bold-Symbol-10  <md-cib7y.pfb
md-cib7t MathDesign-CI-Bold-OT1-10  <md-cib7t.pfb
md-cibi7t MathDesign-CI-Bold-Italic-OT1-10  <md-cibi7t.pfb
md-cib7v MathDesign-CI-Bold-Extension-10  <md-cib7v.pfb
md-cib8c MathDesign-CI-Bold-TS1-10  <md-cib8c.pfb
md-cibi8c MathDesign-CI-Bold-Italic-TS1-10  <md-cibi8c.pfb
