md-gmr8y GaramondNo8-Reg "TeXnANSIEncoding ReEncodeFont" <texnansi.enc <ugmr8a.pfb
md-gmro8y  GaramondNo8-Reg "0.287 SlantFont TeXnANSIEncoding ReEncodeFont" <texnansi.enc <ugmr8a.pfb
md-gmmi8y GaramondNo8-MedIta "TeXnANSIEncoding ReEncodeFont" <texnansi.enc <ugmmi8a.pfb
md-gmri8y GaramondNo8-Ita "TeXnANSIEncoding ReEncodeFont" <texnansi.enc <ugmri8a.pfb
md-gmm8y GaramondNo8-Med "TeXnANSIEncoding ReEncodeFont" <texnansi.enc <ugmm8a.pfb
md-gmmo8y  GaramondNo8-Med "0.287 SlantFont TeXnANSIEncoding ReEncodeFont" <texnansi.enc <ugmm8a.pfb
md-gmr7m MathDesign-GM-Regular-MathItalic-10  <md-gmr7m.pfb
md-gmri7m MathDesign-GM-Regular-Italic-MathItalic-10  <md-gmri7m.pfb
md-gmrmb MathDesign-GM-Regular-MathDesignSymbolB-10  <md-gmrmb.pfb
md-gmrma MathDesign-GM-Regular-MathDesignSymbolA-10  <md-gmrma.pfb
md-gmr8t MathDesign-GM-Regular-T1-10  <md-gmr8t.pfb
md-gmri8t MathDesign-GM-Regular-Italic-T1-10  <md-gmri8t.pfb
md-gmro8t MathDesign-GM-Regular-Slanted-T1-10 "0.287 SlantFont "<md-gmr8t.pfb
md-gmr7y MathDesign-GM-Regular-Symbol-10  <md-gmr7y.pfb
md-gmr7t MathDesign-GM-Regular-OT1-10  <md-gmr7t.pfb
md-gmri7t MathDesign-GM-Regular-Italic-OT1-10  <md-gmri7t.pfb
md-gmro7t MathDesign-GM-Regular-Slanted-OT1-10 "0.287 SlantFont "<md-gmr7t.pfb
md-gmr7v MathDesign-GM-Regular-Extension-10  <md-gmr7v.pfb
md-gmr8c MathDesign-GM-Regular-TS1-10  <md-gmr8c.pfb
md-gmri8c MathDesign-GM-Regular-Italic-TS1-10  <md-gmri8c.pfb
md-gmro8c MathDesign-GM-Regular-Slanted-TS1-10 "0.287 SlantFont "<md-gmr8c.pfb
md-gmm7m MathDesign-GM-Medium-MathItalic-10  <md-gmm7m.pfb
md-gmmi7m MathDesign-GM-Medium-Italic-MathItalic-10  <md-gmmi7m.pfb
md-gmmmb MathDesign-GM-Medium-MathDesignSymbolB-10  <md-gmmmb.pfb
md-gmmma MathDesign-GM-Medium-MathDesignSymbolA-10  <md-gmmma.pfb
md-gmm8t MathDesign-GM-Medium-T1-10  <md-gmm8t.pfb
md-gmmi8t MathDesign-GM-Medium-Italic-T1-10  <md-gmmi8t.pfb
md-gmmo8t MathDesign-GM-Medium-Slanted-T1-10 "0.287 SlantFont "<md-gmm8t.pfb
md-gmm7y MathDesign-GM-Medium-Symbol-10  <md-gmm7y.pfb
md-gmm7t MathDesign-GM-Medium-OT1-10  <md-gmm7t.pfb
md-gmmi7t MathDesign-GM-Medium-Italic-OT1-10  <md-gmmi7t.pfb
md-gmmo7t MathDesign-GM-Medium-Slanted-OT1-10 "0.287 SlantFont "<md-gmm7t.pfb
md-gmm7v MathDesign-GM-Medium-Extension-10  <md-gmm7v.pfb
md-gmm8c MathDesign-GM-Medium-TS1-10  <md-gmm8c.pfb
md-gmmi8c MathDesign-GM-Medium-Italic-TS1-10  <md-gmmi8c.pfb
md-gmmo8c MathDesign-GM-Medium-Slanted-TS1-10 "0.287 SlantFont "<md-gmm8c.pfb
