% (Public domain) Support for PL fonts (based on CM fonts) in Type1 format 
% available from CTAN:language/polish/plpsfont
% this is the main set of text fonts
plb10 PLRomanDemi10-Regular "encplrm ReEncodeFont" <plrm.enc <plb10.pfb
plbx10 PLRoman10-Bold "encplrm ReEncodeFont" <plrm.enc <plbx10.pfb
plbx12 PLRoman12-Bold "encplrm ReEncodeFont" <plrm.enc <plbx12.pfb
plbx5 PLRoman5-Bold "encplrm ReEncodeFont" <plrm.enc <plbx5.pfb
plbx6 PLRoman6-Bold "encplrm ReEncodeFont" <plrm.enc <plbx6.pfb
plbx7 PLRoman7-Bold "encplrm ReEncodeFont" <plrm.enc <plbx7.pfb
plbx8 PLRoman8-Bold "encplrm ReEncodeFont" <plrm.enc <plbx8.pfb
plbx9 PLRoman9-Bold "encplrm ReEncodeFont" <plrm.enc <plbx9.pfb
plbxsl10 PLSlanted10-BoldItalic "encplrm ReEncodeFont" <plrm.enc <plbxsl10.pfb
plbxti10 PLRoman10-BoldItalic "encplit ReEncodeFont" <plit.enc <plbxti10.pfb
plcsc10 PLCaps10-Regular "encplsc ReEncodeFont" <plsc.enc <plcsc10.pfb
plinch PLInch-Regular "encplin ReEncodeFont" <plin.enc <plinch.pfb
plitt10 PLTypewriter10-Italic "encplitt ReEncodeFont" <plitt.enc <plitt10.pfb
plr10 PLRoman10-Regular "encplrm ReEncodeFont" <plrm.enc <plr10.pfb
plr12 PLRoman12-Regular "encplrm ReEncodeFont" <plrm.enc <plr12.pfb
plr17 PLRoman17-Regular "encplrm ReEncodeFont" <plrm.enc <plr17.pfb
plr5 PLRoman5-Regular "encplsc ReEncodeFont" <plsc.enc <plr5.pfb
plr6 PLRoman6-Regular "encplrm ReEncodeFont" <plrm.enc <plr6.pfb
plr7 PLRoman7-Regular "encplrm ReEncodeFont" <plrm.enc <plr7.pfb
plr8 PLRoman8-Regular "encplrm ReEncodeFont" <plrm.enc <plr8.pfb
plr9 PLRoman9-Regular "encplrm ReEncodeFont" <plrm.enc <plr9.pfb
plsl10 PLSlanted10-Italic "encplrm ReEncodeFont" <plrm.enc <plsl10.pfb
plsl12 PLSlanted12-Italic "encplrm ReEncodeFont" <plrm.enc <plsl12.pfb
plsl8 PLSlanted8-Italic "encplrm ReEncodeFont" <plrm.enc <plsl8.pfb
plsl9 PLSlanted9-Italic "encplrm ReEncodeFont" <plrm.enc <plsl9.pfb
plsltt10 PLTypewriterSlanted10-Italic "encpltt ReEncodeFont" <pltt.enc <plsltt10.pfb
plss10 PLSans10-Regular "encplrm ReEncodeFont" <plrm.enc <plss10.pfb
plss12 PLSans12-Regular "encplrm ReEncodeFont" <plrm.enc <plss12.pfb
plss17 PLSans17-Regular "encplrm ReEncodeFont" <plrm.enc <plss17.pfb
plss8 PLSans8-Regular "encplrm ReEncodeFont" <plrm.enc <plss8.pfb
plss9 PLSans9-Regular "encplrm ReEncodeFont" <plrm.enc <plss9.pfb
plssbi10 PLSans10-BoldItalic "encplrm ReEncodeFont" <plrm.enc <plssbi10.pfb
plssbx10 PLSans10-Bold "encplrm ReEncodeFont" <plrm.enc <plssbx10.pfb
plssdc10 PLSansDemiCond10-Regular "encplrm ReEncodeFont" <plrm.enc <plssdc10.pfb
plssi10 PLSans10-Italic "encplrm ReEncodeFont" <plrm.enc <plssi10.pfb
plssi12 PLSans12-Italic "encplrm ReEncodeFont" <plrm.enc <plssi12.pfb
plssi17 PLSans17-Italic "encplrm ReEncodeFont" <plrm.enc <plssi17.pfb
plssi8 PLSans8-Italic "encplrm ReEncodeFont" <plrm.enc <plssi8.pfb
plssi9 PLSans9-Italic "encplrm ReEncodeFont" <plrm.enc <plssi9.pfb
plssq8 PLSansQuotation8-Regular "encplrm ReEncodeFont" <plrm.enc <plssq8.pfb
plssqi8 PLSansQuotation8-Italic "encplrm ReEncodeFont" <plrm.enc <plssqi8.pfb
pltcsc10 PLTypewriterCaps10-Regular "encpltt ReEncodeFont" <pltt.enc <pltcsc10.pfb
plti10 PLRoman10-Italic "encplit ReEncodeFont" <plit.enc <plti10.pfb
plti12 PLRoman12-Italic "encplit ReEncodeFont" <plit.enc <plti12.pfb
plti7 PLRoman7-Italic "encplit ReEncodeFont" <plit.enc <plti7.pfb
plti8 PLRoman8-Italic "encplit ReEncodeFont" <plit.enc <plti8.pfb
plti9 PLRoman9-Italic "encplit ReEncodeFont" <plit.enc <plti9.pfb
pltt10 PLTypewriter10-Regular "encpltt ReEncodeFont" <pltt.enc <pltt10.pfb
pltt12 PLTypewriter12-Regular "encpltt ReEncodeFont" <pltt.enc <pltt12.pfb
pltt8 PLTypewriter8-Regular "encpltt ReEncodeFont" <pltt.enc <pltt8.pfb
pltt9 PLTypewriter9-Regular "encpltt ReEncodeFont" <pltt.enc <pltt9.pfb
plu10 PLUnslanted10-Regular "encplit ReEncodeFont" <plit.enc <plu10.pfb
plvtt10 PLTypewriterVarWd10-Regular "encplrm ReEncodeFont" <plrm.enc <plvtt10.pfb
