bkaiu00 bkaiu00 <bkaiu00.pfb
bkaiu02 bkaiu02 <bkaiu02.pfb
bkaiu03 bkaiu03 <bkaiu03.pfb
bkaiu20 bkaiu20 <bkaiu20.pfb
bkaiu21 bkaiu21 <bkaiu21.pfb
bkaiu22 bkaiu22 <bkaiu22.pfb
bkaiu25 bkaiu25 <bkaiu25.pfb
bkaiu26 bkaiu26 <bkaiu26.pfb
bkaiu30 bkaiu30 <bkaiu30.pfb
bkaiu31 bkaiu31 <bkaiu31.pfb
bkaiu32 bkaiu32 <bkaiu32.pfb
bkaiu33 bkaiu33 <bkaiu33.pfb
bkaiu4e bkaiu4e <bkaiu4e.pfb
bkaiu4f bkaiu4f <bkaiu4f.pfb
bkaiu50 bkaiu50 <bkaiu50.pfb
bkaiu51 bkaiu51 <bkaiu51.pfb
bkaiu52 bkaiu52 <bkaiu52.pfb
bkaiu53 bkaiu53 <bkaiu53.pfb
bkaiu54 bkaiu54 <bkaiu54.pfb
bkaiu55 bkaiu55 <bkaiu55.pfb
bkaiu56 bkaiu56 <bkaiu56.pfb
bkaiu57 bkaiu57 <bkaiu57.pfb
bkaiu58 bkaiu58 <bkaiu58.pfb
bkaiu59 bkaiu59 <bkaiu59.pfb
bkaiu5a bkaiu5a <bkaiu5a.pfb
bkaiu5b bkaiu5b <bkaiu5b.pfb
bkaiu5c bkaiu5c <bkaiu5c.pfb
bkaiu5d bkaiu5d <bkaiu5d.pfb
bkaiu5e bkaiu5e <bkaiu5e.pfb
bkaiu5f bkaiu5f <bkaiu5f.pfb
bkaiu60 bkaiu60 <bkaiu60.pfb
bkaiu61 bkaiu61 <bkaiu61.pfb
bkaiu62 bkaiu62 <bkaiu62.pfb
bkaiu63 bkaiu63 <bkaiu63.pfb
bkaiu64 bkaiu64 <bkaiu64.pfb
bkaiu65 bkaiu65 <bkaiu65.pfb
bkaiu66 bkaiu66 <bkaiu66.pfb
bkaiu67 bkaiu67 <bkaiu67.pfb
bkaiu68 bkaiu68 <bkaiu68.pfb
bkaiu69 bkaiu69 <bkaiu69.pfb
bkaiu6a bkaiu6a <bkaiu6a.pfb
bkaiu6b bkaiu6b <bkaiu6b.pfb
bkaiu6c bkaiu6c <bkaiu6c.pfb
bkaiu6d bkaiu6d <bkaiu6d.pfb
bkaiu6e bkaiu6e <bkaiu6e.pfb
bkaiu6f bkaiu6f <bkaiu6f.pfb
bkaiu70 bkaiu70 <bkaiu70.pfb
bkaiu71 bkaiu71 <bkaiu71.pfb
bkaiu72 bkaiu72 <bkaiu72.pfb
bkaiu73 bkaiu73 <bkaiu73.pfb
bkaiu74 bkaiu74 <bkaiu74.pfb
bkaiu75 bkaiu75 <bkaiu75.pfb
bkaiu76 bkaiu76 <bkaiu76.pfb
bkaiu77 bkaiu77 <bkaiu77.pfb
bkaiu78 bkaiu78 <bkaiu78.pfb
bkaiu79 bkaiu79 <bkaiu79.pfb
bkaiu7a bkaiu7a <bkaiu7a.pfb
bkaiu7b bkaiu7b <bkaiu7b.pfb
bkaiu7c bkaiu7c <bkaiu7c.pfb
bkaiu7d bkaiu7d <bkaiu7d.pfb
bkaiu7e bkaiu7e <bkaiu7e.pfb
bkaiu7f bkaiu7f <bkaiu7f.pfb
bkaiu80 bkaiu80 <bkaiu80.pfb
bkaiu81 bkaiu81 <bkaiu81.pfb
bkaiu82 bkaiu82 <bkaiu82.pfb
bkaiu83 bkaiu83 <bkaiu83.pfb
bkaiu84 bkaiu84 <bkaiu84.pfb
bkaiu85 bkaiu85 <bkaiu85.pfb
bkaiu86 bkaiu86 <bkaiu86.pfb
bkaiu87 bkaiu87 <bkaiu87.pfb
bkaiu88 bkaiu88 <bkaiu88.pfb
bkaiu89 bkaiu89 <bkaiu89.pfb
bkaiu8a bkaiu8a <bkaiu8a.pfb
bkaiu8b bkaiu8b <bkaiu8b.pfb
bkaiu8c bkaiu8c <bkaiu8c.pfb
bkaiu8d bkaiu8d <bkaiu8d.pfb
bkaiu8e bkaiu8e <bkaiu8e.pfb
bkaiu8f bkaiu8f <bkaiu8f.pfb
bkaiu90 bkaiu90 <bkaiu90.pfb
bkaiu91 bkaiu91 <bkaiu91.pfb
bkaiu92 bkaiu92 <bkaiu92.pfb
bkaiu93 bkaiu93 <bkaiu93.pfb
bkaiu94 bkaiu94 <bkaiu94.pfb
bkaiu95 bkaiu95 <bkaiu95.pfb
bkaiu96 bkaiu96 <bkaiu96.pfb
bkaiu97 bkaiu97 <bkaiu97.pfb
bkaiu98 bkaiu98 <bkaiu98.pfb
bkaiu99 bkaiu99 <bkaiu99.pfb
bkaiu9a bkaiu9a <bkaiu9a.pfb
bkaiu9b bkaiu9b <bkaiu9b.pfb
bkaiu9c bkaiu9c <bkaiu9c.pfb
bkaiu9d bkaiu9d <bkaiu9d.pfb
bkaiu9e bkaiu9e <bkaiu9e.pfb
bkaiu9f bkaiu9f <bkaiu9f.pfb
bkaiuee bkaiuee <bkaiuee.pfb
bkaiuf6 bkaiuf6 <bkaiuf6.pfb
bkaiuf7 bkaiuf7 <bkaiuf7.pfb
bkaiuf8 bkaiuf8 <bkaiuf8.pfb
bkaiufa bkaiufa <bkaiufa.pfb
bkaiufe bkaiufe <bkaiufe.pfb
bkaiuff bkaiuff <bkaiuff.pfb
bkaiuv bkaiuv <bkaiuv.pfb
