gkaiu00 gkaiu00 <gkaiu00.pfb
gkaiu01 gkaiu01 <gkaiu01.pfb
gkaiu02 gkaiu02 <gkaiu02.pfb
gkaiu03 gkaiu03 <gkaiu03.pfb
gkaiu04 gkaiu04 <gkaiu04.pfb
gkaiu20 gkaiu20 <gkaiu20.pfb
gkaiu21 gkaiu21 <gkaiu21.pfb
gkaiu22 gkaiu22 <gkaiu22.pfb
gkaiu23 gkaiu23 <gkaiu23.pfb
gkaiu24 gkaiu24 <gkaiu24.pfb
gkaiu25 gkaiu25 <gkaiu25.pfb
gkaiu26 gkaiu26 <gkaiu26.pfb
gkaiu30 gkaiu30 <gkaiu30.pfb
gkaiu31 gkaiu31 <gkaiu31.pfb
gkaiu32 gkaiu32 <gkaiu32.pfb
gkaiu4e gkaiu4e <gkaiu4e.pfb
gkaiu4f gkaiu4f <gkaiu4f.pfb
gkaiu50 gkaiu50 <gkaiu50.pfb
gkaiu51 gkaiu51 <gkaiu51.pfb
gkaiu52 gkaiu52 <gkaiu52.pfb
gkaiu53 gkaiu53 <gkaiu53.pfb
gkaiu54 gkaiu54 <gkaiu54.pfb
gkaiu55 gkaiu55 <gkaiu55.pfb
gkaiu56 gkaiu56 <gkaiu56.pfb
gkaiu57 gkaiu57 <gkaiu57.pfb
gkaiu58 gkaiu58 <gkaiu58.pfb
gkaiu59 gkaiu59 <gkaiu59.pfb
gkaiu5a gkaiu5a <gkaiu5a.pfb
gkaiu5b gkaiu5b <gkaiu5b.pfb
gkaiu5c gkaiu5c <gkaiu5c.pfb
gkaiu5d gkaiu5d <gkaiu5d.pfb
gkaiu5e gkaiu5e <gkaiu5e.pfb
gkaiu5f gkaiu5f <gkaiu5f.pfb
gkaiu60 gkaiu60 <gkaiu60.pfb
gkaiu61 gkaiu61 <gkaiu61.pfb
gkaiu62 gkaiu62 <gkaiu62.pfb
gkaiu63 gkaiu63 <gkaiu63.pfb
gkaiu64 gkaiu64 <gkaiu64.pfb
gkaiu65 gkaiu65 <gkaiu65.pfb
gkaiu66 gkaiu66 <gkaiu66.pfb
gkaiu67 gkaiu67 <gkaiu67.pfb
gkaiu68 gkaiu68 <gkaiu68.pfb
gkaiu69 gkaiu69 <gkaiu69.pfb
gkaiu6a gkaiu6a <gkaiu6a.pfb
gkaiu6b gkaiu6b <gkaiu6b.pfb
gkaiu6c gkaiu6c <gkaiu6c.pfb
gkaiu6d gkaiu6d <gkaiu6d.pfb
gkaiu6e gkaiu6e <gkaiu6e.pfb
gkaiu6f gkaiu6f <gkaiu6f.pfb
gkaiu70 gkaiu70 <gkaiu70.pfb
gkaiu71 gkaiu71 <gkaiu71.pfb
gkaiu72 gkaiu72 <gkaiu72.pfb
gkaiu73 gkaiu73 <gkaiu73.pfb
gkaiu74 gkaiu74 <gkaiu74.pfb
gkaiu75 gkaiu75 <gkaiu75.pfb
gkaiu76 gkaiu76 <gkaiu76.pfb
gkaiu77 gkaiu77 <gkaiu77.pfb
gkaiu78 gkaiu78 <gkaiu78.pfb
gkaiu79 gkaiu79 <gkaiu79.pfb
gkaiu7a gkaiu7a <gkaiu7a.pfb
gkaiu7b gkaiu7b <gkaiu7b.pfb
gkaiu7c gkaiu7c <gkaiu7c.pfb
gkaiu7d gkaiu7d <gkaiu7d.pfb
gkaiu7e gkaiu7e <gkaiu7e.pfb
gkaiu7f gkaiu7f <gkaiu7f.pfb
gkaiu80 gkaiu80 <gkaiu80.pfb
gkaiu81 gkaiu81 <gkaiu81.pfb
gkaiu82 gkaiu82 <gkaiu82.pfb
gkaiu83 gkaiu83 <gkaiu83.pfb
gkaiu84 gkaiu84 <gkaiu84.pfb
gkaiu85 gkaiu85 <gkaiu85.pfb
gkaiu86 gkaiu86 <gkaiu86.pfb
gkaiu87 gkaiu87 <gkaiu87.pfb
gkaiu88 gkaiu88 <gkaiu88.pfb
gkaiu89 gkaiu89 <gkaiu89.pfb
gkaiu8a gkaiu8a <gkaiu8a.pfb
gkaiu8b gkaiu8b <gkaiu8b.pfb
gkaiu8c gkaiu8c <gkaiu8c.pfb
gkaiu8d gkaiu8d <gkaiu8d.pfb
gkaiu8e gkaiu8e <gkaiu8e.pfb
gkaiu8f gkaiu8f <gkaiu8f.pfb
gkaiu90 gkaiu90 <gkaiu90.pfb
gkaiu91 gkaiu91 <gkaiu91.pfb
gkaiu92 gkaiu92 <gkaiu92.pfb
gkaiu93 gkaiu93 <gkaiu93.pfb
gkaiu94 gkaiu94 <gkaiu94.pfb
gkaiu95 gkaiu95 <gkaiu95.pfb
gkaiu96 gkaiu96 <gkaiu96.pfb
gkaiu97 gkaiu97 <gkaiu97.pfb
gkaiu98 gkaiu98 <gkaiu98.pfb
gkaiu99 gkaiu99 <gkaiu99.pfb
gkaiu9a gkaiu9a <gkaiu9a.pfb
gkaiu9b gkaiu9b <gkaiu9b.pfb
gkaiu9c gkaiu9c <gkaiu9c.pfb
gkaiu9e gkaiu9e <gkaiu9e.pfb
gkaiu9f gkaiu9f <gkaiu9f.pfb
gkaiufe gkaiufe <gkaiufe.pfb
gkaiuff gkaiuff <gkaiuff.pfb
