% The line below is a special comment, respected by tracemap.sh.
%vvv UniqueID=4500001

% vvv TIPA font series
tipa10   TeX-tipa10 <tipa10.pfb
tipa12   TeX-tipa12 <tipa12.pfb
tipa17   TeX-tipa17 <tipa17.pfb
tipa8    TeX-tipa8 <tipa8.pfb
tipa9    TeX-tipa9 <tipa9.pfb
tipab10  TeX-tipab10 <tipab10.pfb
tipabs10 TeX-tipabs10 <tipabs10.pfb
tipabx10 TeX-tipabx10 <tipabx10.pfb
tipabx12 TeX-tipabx12 <tipabx12.pfb
tipabx8  TeX-tipabx8 <tipabx8.pfb
tipabx9  TeX-tipabx9 <tipabx9.pfb
tipasb10 TeX-tipasb10 <tipasb10.pfb
tipasi10 TeX-tipasi10 <tipasi10.pfb
tipasl10 TeX-tipasl10 <tipasl10.pfb
tipasl12 TeX-tipasl12 <tipasl12.pfb
tipasl8  TeX-tipasl8 <tipasl8.pfb
tipasl9  TeX-tipasl9 <tipasl9.pfb
tipass10 TeX-tipass10 <tipass10.pfb
tipass12 TeX-tipass12 <tipass12.pfb
tipass17 TeX-tipass17 <tipass17.pfb
tipass8  TeX-tipass8 <tipass8.pfb
tipass9  TeX-tipass9 <tipass9.pfb
tipatt8  TeX-tipatt8 <tipatt8.pfb
tipatt9  TeX-tipatt9 <tipatt9.pfb
tipatt10 TeX-tipatt10 <tipatt10.pfb
tipatt12 TeX-tipatt12 <tipatt12.pfb
tipats10 TeX-tipats10 <tipats10.pfb
tipx10   TeX-tipx10 <tipx10.pfb
tipx12   TeX-tipx12 <tipx12.pfb
tipx17   TeX-tipx17 <tipx17.pfb
tipx8    TeX-tipx8 <tipx8.pfb
tipx9    TeX-tipx9 <tipx9.pfb
tipxb10  TeX-tipxb10 <tipxb10.pfb
tipxbs10 TeX-tipxbs10 <tipxbs10.pfb
tipxbx10 TeX-tipxbx10 <tipxbx10.pfb
tipxbx12 TeX-tipxbx12 <tipxbx12.pfb
tipxbx8  TeX-tipxbx8 <tipxbx8.pfb
tipxbx9  TeX-tipxbx9 <tipxbx9.pfb
tipxsb10 TeX-tipxsb10 <tipxsb10.pfb
tipxsi10 TeX-tipxsi10 <tipxsi10.pfb
tipxsl10 TeX-tipxsl10 <tipxsl10.pfb
tipxsl12 TeX-tipxsl12 <tipxsl12.pfb
tipxsl8  TeX-tipxsl8 <tipxsl8.pfb
tipxsl9  TeX-tipxsl9 <tipxsl9.pfb
tipxss10 TeX-tipxss10 <tipxss10.pfb
tipxss12 TeX-tipxss12 <tipxss12.pfb
tipxss17 TeX-tipxss17 <tipxss17.pfb
tipxss8  TeX-tipxss8 <tipxss8.pfb
tipxss9  TeX-tipxss9 <tipxss9.pfb
tipxtt8  TeX-tipxtt8 <tipxtt8.pfb
tipxtt9  TeX-tipxtt9 <tipxtt9.pfb
tipxtt10 TeX-tipxtt10 <tipxtt10.pfb
tipxtt12 TeX-tipxtt12 <tipxtt12.pfb
tipxts10 TeX-tipxts10 <tipxts10.pfb
xipa10   TeX-xipa10 <xipa10.pfb
xipab10  TeX-xipab10 <xipab10.pfb
xipabs10 TeX-xipabs10 <xipabs10.pfb
xipasl10 TeX-xipasl10 <xipasl10.pfb
xipass10 TeX-xipass10 <xipass10.pfb
xipasi10 TeX-xipasi10 <xipasi10.pfb
xipasb10 TeX-xipasb10 <xipasb10.pfb
xipx10   TeX-xipx10 <xipx10.pfb
xipxb10  TeX-xipxb10 <xipxb10.pfb
xipxbs10 TeX-xipxbs10 <xipxbs10.pfb
xipxsl10 TeX-xipxsl10 <xipxsl10.pfb
xipxss10 TeX-xipxss10 <xipxss10.pfb
xipxsi10 TeX-xipxsi10 <xipxsi10.pfb
xipxsb10 TeX-xipxsb10 <xipxsb10.pfb
