cs-iwonal IwonaLight-Regular "enccs-iwona ReEncodeFont" <cs-iwona.enc <iwonal.pfb
cs-iwonar Iwona-Regular "enccs-iwona ReEncodeFont" <cs-iwona.enc <iwonar.pfb
cs-iwonam IwonaMedium-Regular "enccs-iwona ReEncodeFont" <cs-iwona.enc <iwonam.pfb
cs-iwonab Iwona-Bold "enccs-iwona ReEncodeFont" <cs-iwona.enc <iwonab.pfb
cs-iwonah IwonaHeavy-Regular "enccs-iwona ReEncodeFont" <cs-iwona.enc <iwonah.pfb
cs-iwonali IwonaLight-Italic "enccs-iwona ReEncodeFont" <cs-iwona.enc <iwonali.pfb
cs-iwonari Iwona-Italic "enccs-iwona ReEncodeFont" <cs-iwona.enc <iwonari.pfb
cs-iwonami IwonaMedium-Italic "enccs-iwona ReEncodeFont" <cs-iwona.enc <iwonami.pfb
cs-iwonabi Iwona-BoldItalic "enccs-iwona ReEncodeFont" <cs-iwona.enc <iwonabi.pfb
cs-iwonahi IwonaHeavy-Italic "enccs-iwona ReEncodeFont" <cs-iwona.enc <iwonahi.pfb
cs-iwonacl IwonaCondLight-Regular "enccs-iwona ReEncodeFont" <cs-iwona.enc <iwonacl.pfb
cs-iwonacr IwonaCond-Regular "enccs-iwona ReEncodeFont" <cs-iwona.enc <iwonacr.pfb
cs-iwonacm IwonaCondMedium-Regular "enccs-iwona ReEncodeFont" <cs-iwona.enc <iwonacm.pfb
cs-iwonacb IwonaCond-Bold "enccs-iwona ReEncodeFont" <cs-iwona.enc <iwonacb.pfb
cs-iwonach IwonaCondHeavy-Regular "enccs-iwona ReEncodeFont" <cs-iwona.enc <iwonach.pfb
cs-iwonacli IwonaCondLight-Italic "enccs-iwona ReEncodeFont" <cs-iwona.enc <iwonacli.pfb
cs-iwonacri IwonaCond-Italic "enccs-iwona ReEncodeFont" <cs-iwona.enc <iwonacri.pfb
cs-iwonacmi IwonaCondMedium-Italic "enccs-iwona ReEncodeFont" <cs-iwona.enc <iwonacmi.pfb
cs-iwonacbi IwonaCond-BoldItalic "enccs-iwona ReEncodeFont" <cs-iwona.enc <iwonacbi.pfb
cs-iwonachi IwonaCondHeavy-Italic "enccs-iwona ReEncodeFont" <cs-iwona.enc <iwonachi.pfb
cs-iwonal-sc IwonaLight-Regular "enccs-iwona-sc ReEncodeFont" <cs-iwona-sc.enc <iwonal.pfb
cs-iwonar-sc Iwona-Regular "enccs-iwona-sc ReEncodeFont" <cs-iwona-sc.enc <iwonar.pfb
cs-iwonam-sc IwonaMedium-Regular "enccs-iwona-sc ReEncodeFont" <cs-iwona-sc.enc <iwonam.pfb
cs-iwonab-sc Iwona-Bold "enccs-iwona-sc ReEncodeFont" <cs-iwona-sc.enc <iwonab.pfb
cs-iwonah-sc IwonaHeavy-Regular "enccs-iwona-sc ReEncodeFont" <cs-iwona-sc.enc <iwonah.pfb
cs-iwonali-sc IwonaLight-Italic "enccs-iwona-sc ReEncodeFont" <cs-iwona-sc.enc <iwonali.pfb
cs-iwonari-sc Iwona-Italic "enccs-iwona-sc ReEncodeFont" <cs-iwona-sc.enc <iwonari.pfb
cs-iwonami-sc IwonaMedium-Italic "enccs-iwona-sc ReEncodeFont" <cs-iwona-sc.enc <iwonami.pfb
cs-iwonabi-sc Iwona-BoldItalic "enccs-iwona-sc ReEncodeFont" <cs-iwona-sc.enc <iwonabi.pfb
cs-iwonahi-sc IwonaHeavy-Italic "enccs-iwona-sc ReEncodeFont" <cs-iwona-sc.enc <iwonahi.pfb
cs-iwonacl-sc IwonaCondLight-Regular "enccs-iwona-sc ReEncodeFont" <cs-iwona-sc.enc <iwonacl.pfb
cs-iwonacr-sc IwonaCond-Regular "enccs-iwona-sc ReEncodeFont" <cs-iwona-sc.enc <iwonacr.pfb
cs-iwonacm-sc IwonaCondMedium-Regular "enccs-iwona-sc ReEncodeFont" <cs-iwona-sc.enc <iwonacm.pfb
cs-iwonacb-sc IwonaCond-Bold "enccs-iwona-sc ReEncodeFont" <cs-iwona-sc.enc <iwonacb.pfb
cs-iwonach-sc IwonaCondHeavy-Regular "enccs-iwona-sc ReEncodeFont" <cs-iwona-sc.enc <iwonach.pfb
cs-iwonacli-sc IwonaCondLight-Italic "enccs-iwona-sc ReEncodeFont" <cs-iwona-sc.enc <iwonacli.pfb
cs-iwonacri-sc IwonaCond-Italic "enccs-iwona-sc ReEncodeFont" <cs-iwona-sc.enc <iwonacri.pfb
cs-iwonacmi-sc IwonaCondMedium-Italic "enccs-iwona-sc ReEncodeFont" <cs-iwona-sc.enc <iwonacmi.pfb
cs-iwonacbi-sc IwonaCond-BoldItalic "enccs-iwona-sc ReEncodeFont" <cs-iwona-sc.enc <iwonacbi.pfb
cs-iwonachi-sc IwonaCondHeavy-Italic "enccs-iwona-sc ReEncodeFont" <cs-iwona-sc.enc <iwonachi.pfb
