neohellenicrg9r GFSNeohellenic-Regular " neohellenicec ReEncodeFont " <neohellenicec.enc <GFSNeohellenic-Regular.pfb
neohellenicrg8r GFSNeohellenic-Regular " neohellenic ReEncodeFont " <neohellenic.enc <GFSNeohellenic-Regular.pfb
neohellenico9r GFSNeohellenic-Regular " 0.168 SlantFont neohellenicec ReEncodeFont " <neohellenicec.enc <GFSNeohellenic-Regular.pfb
neohellenico8r GFSNeohellenic-Regular " 0.168 SlantFont neohellenic ReEncodeFont " <neohellenic.enc <GFSNeohellenic-Regular.pfb
neohellenicb9r GFSNeohellenic-Bold " neohellenicec ReEncodeFont " <neohellenicec.enc <GFSNeohellenic-Bold.pfb
neohellenicb8r GFSNeohellenic-Bold " neohellenic ReEncodeFont " <neohellenic.enc <GFSNeohellenic-Bold.pfb
neohellenicbo9r GFSNeohellenic-Bold " 0.168 SlantFont neohellenicec ReEncodeFont " <neohellenicec.enc <GFSNeohellenic-Bold.pfb
neohellenicbo8r GFSNeohellenic-Bold " 0.168 SlantFont neohellenic ReEncodeFont " <neohellenic.enc <GFSNeohellenic-Bold.pfb
neohellenici9r GFSNeohellenic-Italic " neohellenicec ReEncodeFont " <neohellenicec.enc <GFSNeohellenic-Italic.pfb
neohellenici8r GFSNeohellenic-Italic " neohellenic ReEncodeFont " <neohellenic.enc <GFSNeohellenic-Italic.pfb
neohellenicbi9r GFSNeohellenic-BoldItalic " neohellenicec ReEncodeFont " <neohellenicec.enc <GFSNeohellenic-BoldItalic.pfb
neohellenicbi8r GFSNeohellenic-BoldItalic " neohellenic ReEncodeFont " <neohellenic.enc <GFSNeohellenic-BoldItalic.pfb
neohellenicsc8r GFSNeohellenic-Regular " neohellenicsc ReEncodeFont " <neohellenicsc.enc <GFSNeohellenic-Regular.pfb
neohellenicsc9r GFSNeohellenic-Regular " neohellenicecsc ReEncodeFont " <neohellenicecsc.enc <GFSNeohellenic-Regular.pfb
neohellenicsco8r GFSNeohellenic-Regular " 0.168 SlantFont neohellenicsc ReEncodeFont " <neohellenicsc.enc <GFSNeohellenic-Regular.pfb
neohellenicsco9r GFSNeohellenic-Regular " 0.168 SlantFont neohellenicecsc ReEncodeFont " <neohellenicecsc.enc <GFSNeohellenic-Regular.pfb
neohellenictabnums8r GFSNeohellenic-Regular " neohellenictabnums ReEncodeFont " <neohellenictabnums.enc <GFSNeohellenic-Regular.pfb
neohellenicnumnums8r GFSNeohellenic-Regular " neohellenicnumnums ReEncodeFont " <neohellenicnumnums.enc <GFSNeohellenic-Regular.pfb
neohellenicdenomnums8r GFSNeohellenic-Regular " neohellenicdenomnums ReEncodeFont " <neohellenicdenomnums.enc <GFSNeohellenic-Regular.pfb
gneohellenicrg6r GFSNeohellenic-Regular " neohellenicel ReEncodeFont " <neohellenicel.enc <GFSNeohellenic-Regular.pfb
gneohellenicb6r GFSNeohellenic-Bold " neohellenicel ReEncodeFont " <neohellenicel.enc <GFSNeohellenic-Bold.pfb
gneohellenicbi6r GFSNeohellenic-BoldItalic " neohellenicel ReEncodeFont " <neohellenicel.enc <GFSNeohellenic-BoldItalic.pfb
gneohellenici6r GFSNeohellenic-Italic " neohellenicel ReEncodeFont " <neohellenicel.enc <GFSNeohellenic-Italic.pfb
gneohellenico6r GFSNeohellenic-Regular " 0.168 SlantFont neohellenicel ReEncodeFont " <neohellenicel.enc <GFSNeohellenic-Regular.pfb
gneohellenicbo6r GFSNeohellenic-Bold " 0.168 SlantFont neohellenicel ReEncodeFont " <neohellenicel.enc <GFSNeohellenic-Bold.pfb
gneohellenicsc6r GFSNeohellenic-Regular " neohellenicelsc ReEncodeFont " <neohellenicelsc.enc <GFSNeohellenic-Regular.pfb
gneohellenicsco6r GFSNeohellenic-Regular " 0.168 SlantFont neohellenicelsc ReEncodeFont " <neohellenicelsc.enc <GFSNeohellenic-Regular.pfb
gfsneohellenicmath8r GFSNeohellenic-Italic " neohellenicmath ReEncodeFont " <neohellenicmath.enc <GFSNeohellenic-Italic.pfb

CMBRMI10 <hfbrmi10.pfb

