umjc00 Umj00 " .75 ExtendFont " <umj00.pfb
umjc01 Umj01 " .75 ExtendFont " <umj01.pfb
umjc02 Umj02 " .75 ExtendFont " <umj02.pfb
umjc03 Umj03 " .75 ExtendFont " <umj03.pfb
umjc04 Umj04 " .75 ExtendFont " <umj04.pfb
umjc05 Umj05 " .75 ExtendFont " <umj05.pfb
umjco00 Umj00 " .167 SlantFont .75 ExtendFont " <umj00.pfb
umjco01 Umj01 " .167 SlantFont .75 ExtendFont " <umj01.pfb
umjco02 Umj02 " .167 SlantFont .75 ExtendFont " <umj02.pfb
umjco03 Umj03 " .167 SlantFont .75 ExtendFont " <umj03.pfb
umjco04 Umj04 " .167 SlantFont .75 ExtendFont " <umj04.pfb
umjco05 Umj05 " .167 SlantFont .75 ExtendFont " <umj05.pfb
umj00 Umj00 <umj00.pfb
umj01 Umj01 <umj01.pfb
umj02 Umj02 <umj02.pfb
umj03 Umj03 <umj03.pfb
umj04 Umj04 <umj04.pfb
umj05 Umj05 <umj05.pfb
umjo00 Umj00 " .167 SlantFont " <umj00.pfb
umjo01 Umj01 " .167 SlantFont " <umj01.pfb
umjo02 Umj02 " .167 SlantFont " <umj02.pfb
umjo03 Umj03 " .167 SlantFont " <umj03.pfb
umjo04 Umj04 " .167 SlantFont " <umj04.pfb
umjo05 Umj05 " .167 SlantFont " <umj05.pfb
umjx00 Umj00 " 1.25 ExtendFont " <umj00.pfb
umjx01 Umj01 " 1.25 ExtendFont " <umj01.pfb
umjx02 Umj02 " 1.25 ExtendFont " <umj02.pfb
umjx03 Umj03 " 1.25 ExtendFont " <umj03.pfb
umjx04 Umj04 " 1.25 ExtendFont " <umj04.pfb
umjx05 Umj05 " 1.25 ExtendFont " <umj05.pfb
umjxo00 Umj00 " .167 SlantFont 1.25 ExtendFont " <umj00.pfb
umjxo01 Umj01 " .167 SlantFont 1.25 ExtendFont " <umj01.pfb
umjxo02 Umj02 " .167 SlantFont 1.25 ExtendFont " <umj02.pfb
umjxo03 Umj03 " .167 SlantFont 1.25 ExtendFont " <umj03.pfb
umjxo04 Umj04 " .167 SlantFont 1.25 ExtendFont " <umj04.pfb
umjxo05 Umj05 " .167 SlantFont 1.25 ExtendFont " <umj05.pfb
umju00 Umj00 " 1.999 ExtendFont " <umj00.pfb
umju01 Umj01 " 1.999 ExtendFont " <umj01.pfb
umju02 Umj02 " 1.999 ExtendFont " <umj02.pfb
umju03 Umj03 " 1.999 ExtendFont " <umj03.pfb
umju04 Umj04 " 1.999 ExtendFont " <umj04.pfb
umju05 Umj05 " 1.999 ExtendFont " <umj05.pfb
umjuo00 Umj00 " .167 SlantFont 1.999 ExtendFont " <umj00.pfb
umjuo01 Umj01 " .167 SlantFont 1.999 ExtendFont " <umj01.pfb
umjuo02 Umj02 " .167 SlantFont 1.999 ExtendFont " <umj02.pfb
umjuo03 Umj03 " .167 SlantFont 1.999 ExtendFont " <umj03.pfb
umjuo04 Umj04 " .167 SlantFont 1.999 ExtendFont " <umj04.pfb
umjuo05 Umj05 " .167 SlantFont 1.999 ExtendFont " <umj05.pfb
umjc10 Umj10 " .75 ExtendFont " <umj10.pfb
umjc11 Umj11 " .75 ExtendFont " <umj11.pfb
umjc12 Umj12 " .75 ExtendFont " <umj12.pfb
umjc13 Umj13 " .75 ExtendFont " <umj13.pfb
umjc14 Umj14 " .75 ExtendFont " <umj14.pfb
umjc15 Umj15 " .75 ExtendFont " <umj15.pfb
umjc16 Umj16 " .75 ExtendFont " <umj16.pfb
umjc17 Umj17 " .75 ExtendFont " <umj17.pfb
umjc20 Umj20 " .75 ExtendFont " <umj20.pfb
umjc21 Umj21 " .75 ExtendFont " <umj21.pfb
umjc22 Umj22 " .75 ExtendFont " <umj22.pfb
umjc23 Umj23 " .75 ExtendFont " <umj23.pfb
umjc24 Umj24 " .75 ExtendFont " <umj24.pfb
umjc25 Umj25 " .75 ExtendFont " <umj25.pfb
umjc26 Umj26 " .75 ExtendFont " <umj26.pfb
umjc27 Umj27 " .75 ExtendFont " <umj27.pfb
umjc28 Umj28 " .75 ExtendFont " <umj28.pfb
umjc29 Umj29 " .75 ExtendFont " <umj29.pfb
umjc30 Umj30 " .75 ExtendFont " <umj30.pfb
umjc31 Umj31 " .75 ExtendFont " <umj31.pfb
umjc32 Umj32 " .75 ExtendFont " <umj32.pfb
umjc33 Umj33 " .75 ExtendFont " <umj33.pfb
umjc34 Umj34 " .75 ExtendFont " <umj34.pfb
umjc35 Umj35 " .75 ExtendFont " <umj35.pfb
umjc36 Umj36 " .75 ExtendFont " <umj36.pfb
umjc37 Umj37 " .75 ExtendFont " <umj37.pfb
umjc38 Umj38 " .75 ExtendFont " <umj38.pfb
umjco10 Umj10 " .167 SlantFont .75 ExtendFont " <umj10.pfb
umjco11 Umj11 " .167 SlantFont .75 ExtendFont " <umj11.pfb
umjco12 Umj12 " .167 SlantFont .75 ExtendFont " <umj12.pfb
umjco13 Umj13 " .167 SlantFont .75 ExtendFont " <umj13.pfb
umjco14 Umj14 " .167 SlantFont .75 ExtendFont " <umj14.pfb
umjco15 Umj15 " .167 SlantFont .75 ExtendFont " <umj15.pfb
umjco16 Umj16 " .167 SlantFont .75 ExtendFont " <umj16.pfb
umjco17 Umj17 " .167 SlantFont .75 ExtendFont " <umj17.pfb
umjco20 Umj20 " .167 SlantFont .75 ExtendFont " <umj20.pfb
umjco21 Umj21 " .167 SlantFont .75 ExtendFont " <umj21.pfb
umjco22 Umj22 " .167 SlantFont .75 ExtendFont " <umj22.pfb
umjco23 Umj23 " .167 SlantFont .75 ExtendFont " <umj23.pfb
umjco24 Umj24 " .167 SlantFont .75 ExtendFont " <umj24.pfb
umjco25 Umj25 " .167 SlantFont .75 ExtendFont " <umj25.pfb
umjco26 Umj26 " .167 SlantFont .75 ExtendFont " <umj26.pfb
umjco27 Umj27 " .167 SlantFont .75 ExtendFont " <umj27.pfb
umjco28 Umj28 " .167 SlantFont .75 ExtendFont " <umj28.pfb
umjco29 Umj29 " .167 SlantFont .75 ExtendFont " <umj29.pfb
umjco30 Umj30 " .167 SlantFont .75 ExtendFont " <umj30.pfb
umjco31 Umj31 " .167 SlantFont .75 ExtendFont " <umj31.pfb
umjco32 Umj32 " .167 SlantFont .75 ExtendFont " <umj32.pfb
umjco33 Umj33 " .167 SlantFont .75 ExtendFont " <umj33.pfb
umjco34 Umj34 " .167 SlantFont .75 ExtendFont " <umj34.pfb
umjco35 Umj35 " .167 SlantFont .75 ExtendFont " <umj35.pfb
umjco36 Umj36 " .167 SlantFont .75 ExtendFont " <umj36.pfb
umjco37 Umj37 " .167 SlantFont .75 ExtendFont " <umj37.pfb
umjco38 Umj38 " .167 SlantFont .75 ExtendFont " <umj38.pfb
umj10 Umj10 <umj10.pfb
umj11 Umj11 <umj11.pfb
umj12 Umj12 <umj12.pfb
umj13 Umj13 <umj13.pfb
umj14 Umj14 <umj14.pfb
umj15 Umj15 <umj15.pfb
umj16 Umj16 <umj16.pfb
umj17 Umj17 <umj17.pfb
umj20 Umj20 <umj20.pfb
umj21 Umj21 <umj21.pfb
umj22 Umj22 <umj22.pfb
umj23 Umj23 <umj23.pfb
umj24 Umj24 <umj24.pfb
umj25 Umj25 <umj25.pfb
umj26 Umj26 <umj26.pfb
umj27 Umj27 <umj27.pfb
umj28 Umj28 <umj28.pfb
umj29 Umj29 <umj29.pfb
umj30 Umj30 <umj30.pfb
umj31 Umj31 <umj31.pfb
umj32 Umj32 <umj32.pfb
umj33 Umj33 <umj33.pfb
umj34 Umj34 <umj34.pfb
umj35 Umj35 <umj35.pfb
umj36 Umj36 <umj36.pfb
umj37 Umj37 <umj37.pfb
umj38 Umj38 <umj38.pfb
umjo10 Umj10 " .167 SlantFont " <umj10.pfb
umjo11 Umj11 " .167 SlantFont " <umj11.pfb
umjo12 Umj12 " .167 SlantFont " <umj12.pfb
umjo13 Umj13 " .167 SlantFont " <umj13.pfb
umjo14 Umj14 " .167 SlantFont " <umj14.pfb
umjo15 Umj15 " .167 SlantFont " <umj15.pfb
umjo16 Umj16 " .167 SlantFont " <umj16.pfb
umjo17 Umj17 " .167 SlantFont " <umj17.pfb
umjo20 Umj20 " .167 SlantFont " <umj20.pfb
umjo21 Umj21 " .167 SlantFont " <umj21.pfb
umjo22 Umj22 " .167 SlantFont " <umj22.pfb
umjo23 Umj23 " .167 SlantFont " <umj23.pfb
umjo24 Umj24 " .167 SlantFont " <umj24.pfb
umjo25 Umj25 " .167 SlantFont " <umj25.pfb
umjo26 Umj26 " .167 SlantFont " <umj26.pfb
umjo27 Umj27 " .167 SlantFont " <umj27.pfb
umjo28 Umj28 " .167 SlantFont " <umj28.pfb
umjo29 Umj29 " .167 SlantFont " <umj29.pfb
umjo30 Umj30 " .167 SlantFont " <umj30.pfb
umjo31 Umj31 " .167 SlantFont " <umj31.pfb
umjo32 Umj32 " .167 SlantFont " <umj32.pfb
umjo33 Umj33 " .167 SlantFont " <umj33.pfb
umjo34 Umj34 " .167 SlantFont " <umj34.pfb
umjo35 Umj35 " .167 SlantFont " <umj35.pfb
umjo36 Umj36 " .167 SlantFont " <umj36.pfb
umjo37 Umj37 " .167 SlantFont " <umj37.pfb
umjo38 Umj38 " .167 SlantFont " <umj38.pfb
umjx10 Umj10 " 1.25 ExtendFont " <umj10.pfb
umjx11 Umj11 " 1.25 ExtendFont " <umj11.pfb
umjx12 Umj12 " 1.25 ExtendFont " <umj12.pfb
umjx13 Umj13 " 1.25 ExtendFont " <umj13.pfb
umjx14 Umj14 " 1.25 ExtendFont " <umj14.pfb
umjx15 Umj15 " 1.25 ExtendFont " <umj15.pfb
umjx16 Umj16 " 1.25 ExtendFont " <umj16.pfb
umjx17 Umj17 " 1.25 ExtendFont " <umj17.pfb
umjx20 Umj20 " 1.25 ExtendFont " <umj20.pfb
umjx21 Umj21 " 1.25 ExtendFont " <umj21.pfb
umjx22 Umj22 " 1.25 ExtendFont " <umj22.pfb
umjx23 Umj23 " 1.25 ExtendFont " <umj23.pfb
umjx24 Umj24 " 1.25 ExtendFont " <umj24.pfb
umjx25 Umj25 " 1.25 ExtendFont " <umj25.pfb
umjx26 Umj26 " 1.25 ExtendFont " <umj26.pfb
umjx27 Umj27 " 1.25 ExtendFont " <umj27.pfb
umjx28 Umj28 " 1.25 ExtendFont " <umj28.pfb
umjx29 Umj29 " 1.25 ExtendFont " <umj29.pfb
umjx30 Umj30 " 1.25 ExtendFont " <umj30.pfb
umjx31 Umj31 " 1.25 ExtendFont " <umj31.pfb
umjx32 Umj32 " 1.25 ExtendFont " <umj32.pfb
umjx33 Umj33 " 1.25 ExtendFont " <umj33.pfb
umjx34 Umj34 " 1.25 ExtendFont " <umj34.pfb
umjx35 Umj35 " 1.25 ExtendFont " <umj35.pfb
umjx36 Umj36 " 1.25 ExtendFont " <umj36.pfb
umjx37 Umj37 " 1.25 ExtendFont " <umj37.pfb
umjx38 Umj38 " 1.25 ExtendFont " <umj38.pfb
umjxo10 Umj10 " .167 SlantFont 1.25 ExtendFont " <umj10.pfb
umjxo11 Umj11 " .167 SlantFont 1.25 ExtendFont " <umj11.pfb
umjxo12 Umj12 " .167 SlantFont 1.25 ExtendFont " <umj12.pfb
umjxo13 Umj13 " .167 SlantFont 1.25 ExtendFont " <umj13.pfb
umjxo14 Umj14 " .167 SlantFont 1.25 ExtendFont " <umj14.pfb
umjxo15 Umj15 " .167 SlantFont 1.25 ExtendFont " <umj15.pfb
umjxo16 Umj16 " .167 SlantFont 1.25 ExtendFont " <umj16.pfb
umjxo17 Umj17 " .167 SlantFont 1.25 ExtendFont " <umj17.pfb
umjxo20 Umj20 " .167 SlantFont 1.25 ExtendFont " <umj20.pfb
umjxo21 Umj21 " .167 SlantFont 1.25 ExtendFont " <umj21.pfb
umjxo22 Umj22 " .167 SlantFont 1.25 ExtendFont " <umj22.pfb
umjxo23 Umj23 " .167 SlantFont 1.25 ExtendFont " <umj23.pfb
umjxo24 Umj24 " .167 SlantFont 1.25 ExtendFont " <umj24.pfb
umjxo25 Umj25 " .167 SlantFont 1.25 ExtendFont " <umj25.pfb
umjxo26 Umj26 " .167 SlantFont 1.25 ExtendFont " <umj26.pfb
umjxo27 Umj27 " .167 SlantFont 1.25 ExtendFont " <umj27.pfb
umjxo28 Umj28 " .167 SlantFont 1.25 ExtendFont " <umj28.pfb
umjxo29 Umj29 " .167 SlantFont 1.25 ExtendFont " <umj29.pfb
umjxo30 Umj30 " .167 SlantFont 1.25 ExtendFont " <umj30.pfb
umjxo31 Umj31 " .167 SlantFont 1.25 ExtendFont " <umj31.pfb
umjxo32 Umj32 " .167 SlantFont 1.25 ExtendFont " <umj32.pfb
umjxo33 Umj33 " .167 SlantFont 1.25 ExtendFont " <umj33.pfb
umjxo34 Umj34 " .167 SlantFont 1.25 ExtendFont " <umj34.pfb
umjxo35 Umj35 " .167 SlantFont 1.25 ExtendFont " <umj35.pfb
umjxo36 Umj36 " .167 SlantFont 1.25 ExtendFont " <umj36.pfb
umjxo37 Umj37 " .167 SlantFont 1.25 ExtendFont " <umj37.pfb
umjxo38 Umj38 " .167 SlantFont 1.25 ExtendFont " <umj38.pfb
umju10 Umj10 " 1.999 ExtendFont " <umj10.pfb
umju11 Umj11 " 1.999 ExtendFont " <umj11.pfb
umju12 Umj12 " 1.999 ExtendFont " <umj12.pfb
umju13 Umj13 " 1.999 ExtendFont " <umj13.pfb
umju14 Umj14 " 1.999 ExtendFont " <umj14.pfb
umju15 Umj15 " 1.999 ExtendFont " <umj15.pfb
umju16 Umj16 " 1.999 ExtendFont " <umj16.pfb
umju17 Umj17 " 1.999 ExtendFont " <umj17.pfb
umju20 Umj20 " 1.999 ExtendFont " <umj20.pfb
umju21 Umj21 " 1.999 ExtendFont " <umj21.pfb
umju22 Umj22 " 1.999 ExtendFont " <umj22.pfb
umju23 Umj23 " 1.999 ExtendFont " <umj23.pfb
umju24 Umj24 " 1.999 ExtendFont " <umj24.pfb
umju25 Umj25 " 1.999 ExtendFont " <umj25.pfb
umju26 Umj26 " 1.999 ExtendFont " <umj26.pfb
umju27 Umj27 " 1.999 ExtendFont " <umj27.pfb
umju28 Umj28 " 1.999 ExtendFont " <umj28.pfb
umju29 Umj29 " 1.999 ExtendFont " <umj29.pfb
umju30 Umj30 " 1.999 ExtendFont " <umj30.pfb
umju31 Umj31 " 1.999 ExtendFont " <umj31.pfb
umju32 Umj32 " 1.999 ExtendFont " <umj32.pfb
umju33 Umj33 " 1.999 ExtendFont " <umj33.pfb
umju34 Umj34 " 1.999 ExtendFont " <umj34.pfb
umju35 Umj35 " 1.999 ExtendFont " <umj35.pfb
umju36 Umj36 " 1.999 ExtendFont " <umj36.pfb
umju37 Umj37 " 1.999 ExtendFont " <umj37.pfb
umju38 Umj38 " 1.999 ExtendFont " <umj38.pfb
umjuo10 Umj10 " .167 SlantFont 1.999 ExtendFont " <umj10.pfb
umjuo11 Umj11 " .167 SlantFont 1.999 ExtendFont " <umj11.pfb
umjuo12 Umj12 " .167 SlantFont 1.999 ExtendFont " <umj12.pfb
umjuo13 Umj13 " .167 SlantFont 1.999 ExtendFont " <umj13.pfb
umjuo14 Umj14 " .167 SlantFont 1.999 ExtendFont " <umj14.pfb
umjuo15 Umj15 " .167 SlantFont 1.999 ExtendFont " <umj15.pfb
umjuo16 Umj16 " .167 SlantFont 1.999 ExtendFont " <umj16.pfb
umjuo17 Umj17 " .167 SlantFont 1.999 ExtendFont " <umj17.pfb
umjuo20 Umj20 " .167 SlantFont 1.999 ExtendFont " <umj20.pfb
umjuo21 Umj21 " .167 SlantFont 1.999 ExtendFont " <umj21.pfb
umjuo22 Umj22 " .167 SlantFont 1.999 ExtendFont " <umj22.pfb
umjuo23 Umj23 " .167 SlantFont 1.999 ExtendFont " <umj23.pfb
umjuo24 Umj24 " .167 SlantFont 1.999 ExtendFont " <umj24.pfb
umjuo25 Umj25 " .167 SlantFont 1.999 ExtendFont " <umj25.pfb
umjuo26 Umj26 " .167 SlantFont 1.999 ExtendFont " <umj26.pfb
umjuo27 Umj27 " .167 SlantFont 1.999 ExtendFont " <umj27.pfb
umjuo28 Umj28 " .167 SlantFont 1.999 ExtendFont " <umj28.pfb
umjuo29 Umj29 " .167 SlantFont 1.999 ExtendFont " <umj29.pfb
umjuo30 Umj30 " .167 SlantFont 1.999 ExtendFont " <umj30.pfb
umjuo31 Umj31 " .167 SlantFont 1.999 ExtendFont " <umj31.pfb
umjuo32 Umj32 " .167 SlantFont 1.999 ExtendFont " <umj32.pfb
umjuo33 Umj33 " .167 SlantFont 1.999 ExtendFont " <umj33.pfb
umjuo34 Umj34 " .167 SlantFont 1.999 ExtendFont " <umj34.pfb
umjuo35 Umj35 " .167 SlantFont 1.999 ExtendFont " <umj35.pfb
umjuo36 Umj36 " .167 SlantFont 1.999 ExtendFont " <umj36.pfb
umjuo37 Umj37 " .167 SlantFont 1.999 ExtendFont " <umj37.pfb
umjuo38 Umj38 " .167 SlantFont 1.999 ExtendFont " <umj38.pfb
