wncy-kurierl KurierLight-Regular "encwncy-kurier ReEncodeFont" <wncy-kurier.enc <kurierl.pfb
wncy-kurierr Kurier-Regular "encwncy-kurier ReEncodeFont" <wncy-kurier.enc <kurierr.pfb
wncy-kurierm KurierMedium-Regular "encwncy-kurier ReEncodeFont" <wncy-kurier.enc <kurierm.pfb
wncy-kurierb Kurier-Bold "encwncy-kurier ReEncodeFont" <wncy-kurier.enc <kurierb.pfb
wncy-kurierh KurierHeavy-Regular "encwncy-kurier ReEncodeFont" <wncy-kurier.enc <kurierh.pfb
wncy-kurierli KurierLight-Italic "encwncy-kurier ReEncodeFont" <wncy-kurier.enc <kurierli.pfb
wncy-kurierri Kurier-Italic "encwncy-kurier ReEncodeFont" <wncy-kurier.enc <kurierri.pfb
wncy-kuriermi KurierMedium-Italic "encwncy-kurier ReEncodeFont" <wncy-kurier.enc <kuriermi.pfb
wncy-kurierbi Kurier-BoldItalic "encwncy-kurier ReEncodeFont" <wncy-kurier.enc <kurierbi.pfb
wncy-kurierhi KurierHeavy-Italic "encwncy-kurier ReEncodeFont" <wncy-kurier.enc <kurierhi.pfb
wncy-kuriercl KurierCondLight-Regular "encwncy-kurier ReEncodeFont" <wncy-kurier.enc <kuriercl.pfb
wncy-kuriercr KurierCond-Regular "encwncy-kurier ReEncodeFont" <wncy-kurier.enc <kuriercr.pfb
wncy-kuriercm KurierCondMedium-Regular "encwncy-kurier ReEncodeFont" <wncy-kurier.enc <kuriercm.pfb
wncy-kuriercb KurierCond-Bold "encwncy-kurier ReEncodeFont" <wncy-kurier.enc <kuriercb.pfb
wncy-kurierch KurierCondHeavy-Regular "encwncy-kurier ReEncodeFont" <wncy-kurier.enc <kurierch.pfb
wncy-kuriercli KurierCondLight-Italic "encwncy-kurier ReEncodeFont" <wncy-kurier.enc <kuriercli.pfb
wncy-kuriercri KurierCond-Italic "encwncy-kurier ReEncodeFont" <wncy-kurier.enc <kuriercri.pfb
wncy-kuriercmi KurierCondMedium-Italic "encwncy-kurier ReEncodeFont" <wncy-kurier.enc <kuriercmi.pfb
wncy-kuriercbi KurierCond-BoldItalic "encwncy-kurier ReEncodeFont" <wncy-kurier.enc <kuriercbi.pfb
wncy-kurierchi KurierCondHeavy-Italic "encwncy-kurier ReEncodeFont" <wncy-kurier.enc <kurierchi.pfb
wncy-kurierch KurierCondHeavy-Regular "encwncy-kurier ReEncodeFont" <wncy-kurier.enc <kurierch.pfb
wncy-kurierchi KurierCondHeavy-Italic "encwncy-kurier ReEncodeFont" <wncy-kurier.enc <kurierchi.pfb
