ts1-kurierl KurierLight-Regular "encts1-kurier ReEncodeFont" <ts1-kurier.enc <kurierl.pfb
ts1-kurierr Kurier-Regular "encts1-kurier ReEncodeFont" <ts1-kurier.enc <kurierr.pfb
ts1-kurierm KurierMedium-Regular "encts1-kurier ReEncodeFont" <ts1-kurier.enc <kurierm.pfb
ts1-kurierb Kurier-Bold "encts1-kurier ReEncodeFont" <ts1-kurier.enc <kurierb.pfb
ts1-kurierh KurierHeavy-Regular "encts1-kurier ReEncodeFont" <ts1-kurier.enc <kurierh.pfb
ts1-kurierli KurierLight-Italic "encts1-kurier ReEncodeFont" <ts1-kurier.enc <kurierli.pfb
ts1-kurierri Kurier-Italic "encts1-kurier ReEncodeFont" <ts1-kurier.enc <kurierri.pfb
ts1-kuriermi KurierMedium-Italic "encts1-kurier ReEncodeFont" <ts1-kurier.enc <kuriermi.pfb
ts1-kurierbi Kurier-BoldItalic "encts1-kurier ReEncodeFont" <ts1-kurier.enc <kurierbi.pfb
ts1-kurierhi KurierHeavy-Italic "encts1-kurier ReEncodeFont" <ts1-kurier.enc <kurierhi.pfb
ts1-kuriercl KurierCondLight-Regular "encts1-kurier ReEncodeFont" <ts1-kurier.enc <kuriercl.pfb
ts1-kuriercr KurierCond-Regular "encts1-kurier ReEncodeFont" <ts1-kurier.enc <kuriercr.pfb
ts1-kuriercm KurierCondMedium-Regular "encts1-kurier ReEncodeFont" <ts1-kurier.enc <kuriercm.pfb
ts1-kuriercb KurierCond-Bold "encts1-kurier ReEncodeFont" <ts1-kurier.enc <kuriercb.pfb
ts1-kurierch KurierCondHeavy-Regular "encts1-kurier ReEncodeFont" <ts1-kurier.enc <kurierch.pfb
ts1-kuriercli KurierCondLight-Italic "encts1-kurier ReEncodeFont" <ts1-kurier.enc <kuriercli.pfb
ts1-kuriercri KurierCond-Italic "encts1-kurier ReEncodeFont" <ts1-kurier.enc <kuriercri.pfb
ts1-kuriercmi KurierCondMedium-Italic "encts1-kurier ReEncodeFont" <ts1-kurier.enc <kuriercmi.pfb
ts1-kuriercbi KurierCond-BoldItalic "encts1-kurier ReEncodeFont" <ts1-kurier.enc <kuriercbi.pfb
ts1-kurierchi KurierCondHeavy-Italic "encts1-kurier ReEncodeFont" <ts1-kurier.enc <kurierchi.pfb
ts1-kurierch KurierCondHeavy-Regular "encts1-kurier ReEncodeFont" <ts1-kurier.enc <kurierch.pfb
ts1-kurierchi KurierCondHeavy-Italic "encts1-kurier ReEncodeFont" <ts1-kurier.enc <kurierchi.pfb
