cs-kurierl KurierLight-Regular "enccs-kurier ReEncodeFont" <cs-kurier.enc <kurierl.pfb
cs-kurierr Kurier-Regular "enccs-kurier ReEncodeFont" <cs-kurier.enc <kurierr.pfb
cs-kurierm KurierMedium-Regular "enccs-kurier ReEncodeFont" <cs-kurier.enc <kurierm.pfb
cs-kurierb Kurier-Bold "enccs-kurier ReEncodeFont" <cs-kurier.enc <kurierb.pfb
cs-kurierh KurierHeavy-Regular "enccs-kurier ReEncodeFont" <cs-kurier.enc <kurierh.pfb
cs-kurierli KurierLight-Italic "enccs-kurier ReEncodeFont" <cs-kurier.enc <kurierli.pfb
cs-kurierri Kurier-Italic "enccs-kurier ReEncodeFont" <cs-kurier.enc <kurierri.pfb
cs-kuriermi KurierMedium-Italic "enccs-kurier ReEncodeFont" <cs-kurier.enc <kuriermi.pfb
cs-kurierbi Kurier-BoldItalic "enccs-kurier ReEncodeFont" <cs-kurier.enc <kurierbi.pfb
cs-kurierhi KurierHeavy-Italic "enccs-kurier ReEncodeFont" <cs-kurier.enc <kurierhi.pfb
cs-kuriercl KurierCondLight-Regular "enccs-kurier ReEncodeFont" <cs-kurier.enc <kuriercl.pfb
cs-kuriercr KurierCond-Regular "enccs-kurier ReEncodeFont" <cs-kurier.enc <kuriercr.pfb
cs-kuriercm KurierCondMedium-Regular "enccs-kurier ReEncodeFont" <cs-kurier.enc <kuriercm.pfb
cs-kuriercb KurierCond-Bold "enccs-kurier ReEncodeFont" <cs-kurier.enc <kuriercb.pfb
cs-kurierch KurierCondHeavy-Regular "enccs-kurier ReEncodeFont" <cs-kurier.enc <kurierch.pfb
cs-kuriercli KurierCondLight-Italic "enccs-kurier ReEncodeFont" <cs-kurier.enc <kuriercli.pfb
cs-kuriercri KurierCond-Italic "enccs-kurier ReEncodeFont" <cs-kurier.enc <kuriercri.pfb
cs-kuriercmi KurierCondMedium-Italic "enccs-kurier ReEncodeFont" <cs-kurier.enc <kuriercmi.pfb
cs-kuriercbi KurierCond-BoldItalic "enccs-kurier ReEncodeFont" <cs-kurier.enc <kuriercbi.pfb
cs-kurierchi KurierCondHeavy-Italic "enccs-kurier ReEncodeFont" <cs-kurier.enc <kurierchi.pfb
cs-kurierch KurierCondHeavy-Regular "enccs-kurier ReEncodeFont" <cs-kurier.enc <kurierch.pfb
cs-kurierchi KurierCondHeavy-Italic "enccs-kurier ReEncodeFont" <cs-kurier.enc <kurierchi.pfb
cs-kurierl-sc KurierLight-Regular "enccs-kurier-sc ReEncodeFont" <cs-kurier-sc.enc <kurierl.pfb
cs-kurierr-sc Kurier-Regular "enccs-kurier-sc ReEncodeFont" <cs-kurier-sc.enc <kurierr.pfb
cs-kurierm-sc KurierMedium-Regular "enccs-kurier-sc ReEncodeFont" <cs-kurier-sc.enc <kurierm.pfb
cs-kurierb-sc Kurier-Bold "enccs-kurier-sc ReEncodeFont" <cs-kurier-sc.enc <kurierb.pfb
cs-kurierh-sc KurierHeavy-Regular "enccs-kurier-sc ReEncodeFont" <cs-kurier-sc.enc <kurierh.pfb
cs-kurierli-sc KurierLight-Italic "enccs-kurier-sc ReEncodeFont" <cs-kurier-sc.enc <kurierli.pfb
cs-kurierri-sc Kurier-Italic "enccs-kurier-sc ReEncodeFont" <cs-kurier-sc.enc <kurierri.pfb
cs-kuriermi-sc KurierMedium-Italic "enccs-kurier-sc ReEncodeFont" <cs-kurier-sc.enc <kuriermi.pfb
cs-kurierbi-sc Kurier-BoldItalic "enccs-kurier-sc ReEncodeFont" <cs-kurier-sc.enc <kurierbi.pfb
cs-kurierhi-sc KurierHeavy-Italic "enccs-kurier-sc ReEncodeFont" <cs-kurier-sc.enc <kurierhi.pfb
cs-kuriercl-sc KurierCondLight-Regular "enccs-kurier-sc ReEncodeFont" <cs-kurier-sc.enc <kuriercl.pfb
cs-kuriercr-sc KurierCond-Regular "enccs-kurier-sc ReEncodeFont" <cs-kurier-sc.enc <kuriercr.pfb
cs-kuriercm-sc KurierCondMedium-Regular "enccs-kurier-sc ReEncodeFont" <cs-kurier-sc.enc <kuriercm.pfb
cs-kuriercb-sc KurierCond-Bold "enccs-kurier-sc ReEncodeFont" <cs-kurier-sc.enc <kuriercb.pfb
cs-kurierch-sc KurierCondHeavy-Regular "enccs-kurier-sc ReEncodeFont" <cs-kurier-sc.enc <kurierch.pfb
cs-kuriercli-sc KurierCondLight-Italic "enccs-kurier-sc ReEncodeFont" <cs-kurier-sc.enc <kuriercli.pfb
cs-kuriercri-sc KurierCond-Italic "enccs-kurier-sc ReEncodeFont" <cs-kurier-sc.enc <kuriercri.pfb
cs-kuriercmi-sc KurierCondMedium-Italic "enccs-kurier-sc ReEncodeFont" <cs-kurier-sc.enc <kuriercmi.pfb
cs-kuriercbi-sc KurierCond-BoldItalic "enccs-kurier-sc ReEncodeFont" <cs-kurier-sc.enc <kuriercbi.pfb
cs-kurierchi-sc KurierCondHeavy-Italic "enccs-kurier-sc ReEncodeFont" <cs-kurier-sc.enc <kurierchi.pfb
cs-kurierch-sc KurierCondHeavy-Regular "enccs-kurier-sc ReEncodeFont" <cs-kurier-sc.enc <kurierch.pfb
cs-kurierchi-sc KurierCondHeavy-Italic "enccs-kurier-sc ReEncodeFont" <cs-kurier-sc.enc <kurierchi.pfb
ec-kurierl KurierLight-Regular "encec-kurier ReEncodeFont" <ec-kurier.enc <kurierl.pfb
ec-kurierr Kurier-Regular "encec-kurier ReEncodeFont" <ec-kurier.enc <kurierr.pfb
ec-kurierm KurierMedium-Regular "encec-kurier ReEncodeFont" <ec-kurier.enc <kurierm.pfb
ec-kurierb Kurier-Bold "encec-kurier ReEncodeFont" <ec-kurier.enc <kurierb.pfb
ec-kurierh KurierHeavy-Regular "encec-kurier ReEncodeFont" <ec-kurier.enc <kurierh.pfb
ec-kurierli KurierLight-Italic "encec-kurier ReEncodeFont" <ec-kurier.enc <kurierli.pfb
ec-kurierri Kurier-Italic "encec-kurier ReEncodeFont" <ec-kurier.enc <kurierri.pfb
ec-kuriermi KurierMedium-Italic "encec-kurier ReEncodeFont" <ec-kurier.enc <kuriermi.pfb
ec-kurierbi Kurier-BoldItalic "encec-kurier ReEncodeFont" <ec-kurier.enc <kurierbi.pfb
ec-kurierhi KurierHeavy-Italic "encec-kurier ReEncodeFont" <ec-kurier.enc <kurierhi.pfb
ec-kuriercl KurierCondLight-Regular "encec-kurier ReEncodeFont" <ec-kurier.enc <kuriercl.pfb
ec-kuriercr KurierCond-Regular "encec-kurier ReEncodeFont" <ec-kurier.enc <kuriercr.pfb
ec-kuriercm KurierCondMedium-Regular "encec-kurier ReEncodeFont" <ec-kurier.enc <kuriercm.pfb
ec-kuriercb KurierCond-Bold "encec-kurier ReEncodeFont" <ec-kurier.enc <kuriercb.pfb
ec-kurierch KurierCondHeavy-Regular "encec-kurier ReEncodeFont" <ec-kurier.enc <kurierch.pfb
ec-kuriercli KurierCondLight-Italic "encec-kurier ReEncodeFont" <ec-kurier.enc <kuriercli.pfb
ec-kuriercri KurierCond-Italic "encec-kurier ReEncodeFont" <ec-kurier.enc <kuriercri.pfb
ec-kuriercmi KurierCondMedium-Italic "encec-kurier ReEncodeFont" <ec-kurier.enc <kuriercmi.pfb
ec-kuriercbi KurierCond-BoldItalic "encec-kurier ReEncodeFont" <ec-kurier.enc <kuriercbi.pfb
ec-kurierchi KurierCondHeavy-Italic "encec-kurier ReEncodeFont" <ec-kurier.enc <kurierchi.pfb
ec-kurierch KurierCondHeavy-Regular "encec-kurier ReEncodeFont" <ec-kurier.enc <kurierch.pfb
ec-kurierchi KurierCondHeavy-Italic "encec-kurier ReEncodeFont" <ec-kurier.enc <kurierchi.pfb
ec-kurierl-sc KurierLight-Regular "encec-kurier-sc ReEncodeFont" <ec-kurier-sc.enc <kurierl.pfb
ec-kurierr-sc Kurier-Regular "encec-kurier-sc ReEncodeFont" <ec-kurier-sc.enc <kurierr.pfb
ec-kurierm-sc KurierMedium-Regular "encec-kurier-sc ReEncodeFont" <ec-kurier-sc.enc <kurierm.pfb
ec-kurierb-sc Kurier-Bold "encec-kurier-sc ReEncodeFont" <ec-kurier-sc.enc <kurierb.pfb
ec-kurierh-sc KurierHeavy-Regular "encec-kurier-sc ReEncodeFont" <ec-kurier-sc.enc <kurierh.pfb
ec-kurierli-sc KurierLight-Italic "encec-kurier-sc ReEncodeFont" <ec-kurier-sc.enc <kurierli.pfb
ec-kurierri-sc Kurier-Italic "encec-kurier-sc ReEncodeFont" <ec-kurier-sc.enc <kurierri.pfb
ec-kuriermi-sc KurierMedium-Italic "encec-kurier-sc ReEncodeFont" <ec-kurier-sc.enc <kuriermi.pfb
ec-kurierbi-sc Kurier-BoldItalic "encec-kurier-sc ReEncodeFont" <ec-kurier-sc.enc <kurierbi.pfb
ec-kurierhi-sc KurierHeavy-Italic "encec-kurier-sc ReEncodeFont" <ec-kurier-sc.enc <kurierhi.pfb
ec-kuriercl-sc KurierCondLight-Regular "encec-kurier-sc ReEncodeFont" <ec-kurier-sc.enc <kuriercl.pfb
ec-kuriercr-sc KurierCond-Regular "encec-kurier-sc ReEncodeFont" <ec-kurier-sc.enc <kuriercr.pfb
ec-kuriercm-sc KurierCondMedium-Regular "encec-kurier-sc ReEncodeFont" <ec-kurier-sc.enc <kuriercm.pfb
ec-kuriercb-sc KurierCond-Bold "encec-kurier-sc ReEncodeFont" <ec-kurier-sc.enc <kuriercb.pfb
ec-kurierch-sc KurierCondHeavy-Regular "encec-kurier-sc ReEncodeFont" <ec-kurier-sc.enc <kurierch.pfb
ec-kuriercli-sc KurierCondLight-Italic "encec-kurier-sc ReEncodeFont" <ec-kurier-sc.enc <kuriercli.pfb
ec-kuriercri-sc KurierCond-Italic "encec-kurier-sc ReEncodeFont" <ec-kurier-sc.enc <kuriercri.pfb
ec-kuriercmi-sc KurierCondMedium-Italic "encec-kurier-sc ReEncodeFont" <ec-kurier-sc.enc <kuriercmi.pfb
ec-kuriercbi-sc KurierCond-BoldItalic "encec-kurier-sc ReEncodeFont" <ec-kurier-sc.enc <kuriercbi.pfb
ec-kurierchi-sc KurierCondHeavy-Italic "encec-kurier-sc ReEncodeFont" <ec-kurier-sc.enc <kurierchi.pfb
ec-kurierch-sc KurierCondHeavy-Regular "encec-kurier-sc ReEncodeFont" <ec-kurier-sc.enc <kurierch.pfb
ec-kurierchi-sc KurierCondHeavy-Italic "encec-kurier-sc ReEncodeFont" <ec-kurier-sc.enc <kurierchi.pfb
l7x-kurierl KurierLight-Regular "encl7x-kurier ReEncodeFont" <l7x-kurier.enc <kurierl.pfb
l7x-kurierr Kurier-Regular "encl7x-kurier ReEncodeFont" <l7x-kurier.enc <kurierr.pfb
l7x-kurierm KurierMedium-Regular "encl7x-kurier ReEncodeFont" <l7x-kurier.enc <kurierm.pfb
l7x-kurierb Kurier-Bold "encl7x-kurier ReEncodeFont" <l7x-kurier.enc <kurierb.pfb
l7x-kurierh KurierHeavy-Regular "encl7x-kurier ReEncodeFont" <l7x-kurier.enc <kurierh.pfb
l7x-kurierli KurierLight-Italic "encl7x-kurier ReEncodeFont" <l7x-kurier.enc <kurierli.pfb
l7x-kurierri Kurier-Italic "encl7x-kurier ReEncodeFont" <l7x-kurier.enc <kurierri.pfb
l7x-kuriermi KurierMedium-Italic "encl7x-kurier ReEncodeFont" <l7x-kurier.enc <kuriermi.pfb
l7x-kurierbi Kurier-BoldItalic "encl7x-kurier ReEncodeFont" <l7x-kurier.enc <kurierbi.pfb
l7x-kurierhi KurierHeavy-Italic "encl7x-kurier ReEncodeFont" <l7x-kurier.enc <kurierhi.pfb
l7x-kuriercl KurierCondLight-Regular "encl7x-kurier ReEncodeFont" <l7x-kurier.enc <kuriercl.pfb
l7x-kuriercr KurierCond-Regular "encl7x-kurier ReEncodeFont" <l7x-kurier.enc <kuriercr.pfb
l7x-kuriercm KurierCondMedium-Regular "encl7x-kurier ReEncodeFont" <l7x-kurier.enc <kuriercm.pfb
l7x-kuriercb KurierCond-Bold "encl7x-kurier ReEncodeFont" <l7x-kurier.enc <kuriercb.pfb
l7x-kurierch KurierCondHeavy-Regular "encl7x-kurier ReEncodeFont" <l7x-kurier.enc <kurierch.pfb
l7x-kuriercli KurierCondLight-Italic "encl7x-kurier ReEncodeFont" <l7x-kurier.enc <kuriercli.pfb
l7x-kuriercri KurierCond-Italic "encl7x-kurier ReEncodeFont" <l7x-kurier.enc <kuriercri.pfb
l7x-kuriercmi KurierCondMedium-Italic "encl7x-kurier ReEncodeFont" <l7x-kurier.enc <kuriercmi.pfb
l7x-kuriercbi KurierCond-BoldItalic "encl7x-kurier ReEncodeFont" <l7x-kurier.enc <kuriercbi.pfb
l7x-kurierchi KurierCondHeavy-Italic "encl7x-kurier ReEncodeFont" <l7x-kurier.enc <kurierchi.pfb
l7x-kurierch KurierCondHeavy-Regular "encl7x-kurier ReEncodeFont" <l7x-kurier.enc <kurierch.pfb
l7x-kurierchi KurierCondHeavy-Italic "encl7x-kurier ReEncodeFont" <l7x-kurier.enc <kurierchi.pfb
l7x-kurierl-sc KurierLight-Regular "encl7x-kurier-sc ReEncodeFont" <l7x-kurier-sc.enc <kurierl.pfb
l7x-kurierr-sc Kurier-Regular "encl7x-kurier-sc ReEncodeFont" <l7x-kurier-sc.enc <kurierr.pfb
l7x-kurierm-sc KurierMedium-Regular "encl7x-kurier-sc ReEncodeFont" <l7x-kurier-sc.enc <kurierm.pfb
l7x-kurierb-sc Kurier-Bold "encl7x-kurier-sc ReEncodeFont" <l7x-kurier-sc.enc <kurierb.pfb
l7x-kurierh-sc KurierHeavy-Regular "encl7x-kurier-sc ReEncodeFont" <l7x-kurier-sc.enc <kurierh.pfb
l7x-kurierli-sc KurierLight-Italic "encl7x-kurier-sc ReEncodeFont" <l7x-kurier-sc.enc <kurierli.pfb
l7x-kurierri-sc Kurier-Italic "encl7x-kurier-sc ReEncodeFont" <l7x-kurier-sc.enc <kurierri.pfb
l7x-kuriermi-sc KurierMedium-Italic "encl7x-kurier-sc ReEncodeFont" <l7x-kurier-sc.enc <kuriermi.pfb
l7x-kurierbi-sc Kurier-BoldItalic "encl7x-kurier-sc ReEncodeFont" <l7x-kurier-sc.enc <kurierbi.pfb
l7x-kurierhi-sc KurierHeavy-Italic "encl7x-kurier-sc ReEncodeFont" <l7x-kurier-sc.enc <kurierhi.pfb
l7x-kuriercl-sc KurierCondLight-Regular "encl7x-kurier-sc ReEncodeFont" <l7x-kurier-sc.enc <kuriercl.pfb
l7x-kuriercr-sc KurierCond-Regular "encl7x-kurier-sc ReEncodeFont" <l7x-kurier-sc.enc <kuriercr.pfb
l7x-kuriercm-sc KurierCondMedium-Regular "encl7x-kurier-sc ReEncodeFont" <l7x-kurier-sc.enc <kuriercm.pfb
l7x-kuriercb-sc KurierCond-Bold "encl7x-kurier-sc ReEncodeFont" <l7x-kurier-sc.enc <kuriercb.pfb
l7x-kurierch-sc KurierCondHeavy-Regular "encl7x-kurier-sc ReEncodeFont" <l7x-kurier-sc.enc <kurierch.pfb
l7x-kuriercli-sc KurierCondLight-Italic "encl7x-kurier-sc ReEncodeFont" <l7x-kurier-sc.enc <kuriercli.pfb
l7x-kuriercri-sc KurierCond-Italic "encl7x-kurier-sc ReEncodeFont" <l7x-kurier-sc.enc <kuriercri.pfb
l7x-kuriercmi-sc KurierCondMedium-Italic "encl7x-kurier-sc ReEncodeFont" <l7x-kurier-sc.enc <kuriercmi.pfb
l7x-kuriercbi-sc KurierCond-BoldItalic "encl7x-kurier-sc ReEncodeFont" <l7x-kurier-sc.enc <kuriercbi.pfb
l7x-kurierchi-sc KurierCondHeavy-Italic "encl7x-kurier-sc ReEncodeFont" <l7x-kurier-sc.enc <kurierchi.pfb
l7x-kurierch-sc KurierCondHeavy-Regular "encl7x-kurier-sc ReEncodeFont" <l7x-kurier-sc.enc <kurierch.pfb
l7x-kurierchi-sc KurierCondHeavy-Italic "encl7x-kurier-sc ReEncodeFont" <l7x-kurier-sc.enc <kurierchi.pfb
texnansi-kurierl KurierLight-Regular "enctexnansi-kurier ReEncodeFont" <texnansi-kurier.enc <kurierl.pfb
texnansi-kurierr Kurier-Regular "enctexnansi-kurier ReEncodeFont" <texnansi-kurier.enc <kurierr.pfb
texnansi-kurierm KurierMedium-Regular "enctexnansi-kurier ReEncodeFont" <texnansi-kurier.enc <kurierm.pfb
texnansi-kurierb Kurier-Bold "enctexnansi-kurier ReEncodeFont" <texnansi-kurier.enc <kurierb.pfb
texnansi-kurierh KurierHeavy-Regular "enctexnansi-kurier ReEncodeFont" <texnansi-kurier.enc <kurierh.pfb
texnansi-kurierli KurierLight-Italic "enctexnansi-kurier ReEncodeFont" <texnansi-kurier.enc <kurierli.pfb
texnansi-kurierri Kurier-Italic "enctexnansi-kurier ReEncodeFont" <texnansi-kurier.enc <kurierri.pfb
texnansi-kuriermi KurierMedium-Italic "enctexnansi-kurier ReEncodeFont" <texnansi-kurier.enc <kuriermi.pfb
texnansi-kurierbi Kurier-BoldItalic "enctexnansi-kurier ReEncodeFont" <texnansi-kurier.enc <kurierbi.pfb
texnansi-kurierhi KurierHeavy-Italic "enctexnansi-kurier ReEncodeFont" <texnansi-kurier.enc <kurierhi.pfb
texnansi-kuriercl KurierCondLight-Regular "enctexnansi-kurier ReEncodeFont" <texnansi-kurier.enc <kuriercl.pfb
texnansi-kuriercr KurierCond-Regular "enctexnansi-kurier ReEncodeFont" <texnansi-kurier.enc <kuriercr.pfb
texnansi-kuriercm KurierCondMedium-Regular "enctexnansi-kurier ReEncodeFont" <texnansi-kurier.enc <kuriercm.pfb
texnansi-kuriercb KurierCond-Bold "enctexnansi-kurier ReEncodeFont" <texnansi-kurier.enc <kuriercb.pfb
texnansi-kurierch KurierCondHeavy-Regular "enctexnansi-kurier ReEncodeFont" <texnansi-kurier.enc <kurierch.pfb
texnansi-kuriercli KurierCondLight-Italic "enctexnansi-kurier ReEncodeFont" <texnansi-kurier.enc <kuriercli.pfb
texnansi-kuriercri KurierCond-Italic "enctexnansi-kurier ReEncodeFont" <texnansi-kurier.enc <kuriercri.pfb
texnansi-kuriercmi KurierCondMedium-Italic "enctexnansi-kurier ReEncodeFont" <texnansi-kurier.enc <kuriercmi.pfb
texnansi-kuriercbi KurierCond-BoldItalic "enctexnansi-kurier ReEncodeFont" <texnansi-kurier.enc <kuriercbi.pfb
texnansi-kurierchi KurierCondHeavy-Italic "enctexnansi-kurier ReEncodeFont" <texnansi-kurier.enc <kurierchi.pfb
texnansi-kurierch KurierCondHeavy-Regular "enctexnansi-kurier ReEncodeFont" <texnansi-kurier.enc <kurierch.pfb
texnansi-kurierchi KurierCondHeavy-Italic "enctexnansi-kurier ReEncodeFont" <texnansi-kurier.enc <kurierchi.pfb
texnansi-kurierl-sc KurierLight-Regular "enctexnansi-kurier-sc ReEncodeFont" <texnansi-kurier-sc.enc <kurierl.pfb
texnansi-kurierr-sc Kurier-Regular "enctexnansi-kurier-sc ReEncodeFont" <texnansi-kurier-sc.enc <kurierr.pfb
texnansi-kurierm-sc KurierMedium-Regular "enctexnansi-kurier-sc ReEncodeFont" <texnansi-kurier-sc.enc <kurierm.pfb
texnansi-kurierb-sc Kurier-Bold "enctexnansi-kurier-sc ReEncodeFont" <texnansi-kurier-sc.enc <kurierb.pfb
texnansi-kurierh-sc KurierHeavy-Regular "enctexnansi-kurier-sc ReEncodeFont" <texnansi-kurier-sc.enc <kurierh.pfb
texnansi-kurierli-sc KurierLight-Italic "enctexnansi-kurier-sc ReEncodeFont" <texnansi-kurier-sc.enc <kurierli.pfb
texnansi-kurierri-sc Kurier-Italic "enctexnansi-kurier-sc ReEncodeFont" <texnansi-kurier-sc.enc <kurierri.pfb
texnansi-kuriermi-sc KurierMedium-Italic "enctexnansi-kurier-sc ReEncodeFont" <texnansi-kurier-sc.enc <kuriermi.pfb
texnansi-kurierbi-sc Kurier-BoldItalic "enctexnansi-kurier-sc ReEncodeFont" <texnansi-kurier-sc.enc <kurierbi.pfb
texnansi-kurierhi-sc KurierHeavy-Italic "enctexnansi-kurier-sc ReEncodeFont" <texnansi-kurier-sc.enc <kurierhi.pfb
texnansi-kuriercl-sc KurierCondLight-Regular "enctexnansi-kurier-sc ReEncodeFont" <texnansi-kurier-sc.enc <kuriercl.pfb
texnansi-kuriercr-sc KurierCond-Regular "enctexnansi-kurier-sc ReEncodeFont" <texnansi-kurier-sc.enc <kuriercr.pfb
texnansi-kuriercm-sc KurierCondMedium-Regular "enctexnansi-kurier-sc ReEncodeFont" <texnansi-kurier-sc.enc <kuriercm.pfb
texnansi-kuriercb-sc KurierCond-Bold "enctexnansi-kurier-sc ReEncodeFont" <texnansi-kurier-sc.enc <kuriercb.pfb
texnansi-kurierch-sc KurierCondHeavy-Regular "enctexnansi-kurier-sc ReEncodeFont" <texnansi-kurier-sc.enc <kurierch.pfb
texnansi-kuriercli-sc KurierCondLight-Italic "enctexnansi-kurier-sc ReEncodeFont" <texnansi-kurier-sc.enc <kuriercli.pfb
texnansi-kuriercri-sc KurierCond-Italic "enctexnansi-kurier-sc ReEncodeFont" <texnansi-kurier-sc.enc <kuriercri.pfb
texnansi-kuriercmi-sc KurierCondMedium-Italic "enctexnansi-kurier-sc ReEncodeFont" <texnansi-kurier-sc.enc <kuriercmi.pfb
texnansi-kuriercbi-sc KurierCond-BoldItalic "enctexnansi-kurier-sc ReEncodeFont" <texnansi-kurier-sc.enc <kuriercbi.pfb
texnansi-kurierchi-sc KurierCondHeavy-Italic "enctexnansi-kurier-sc ReEncodeFont" <texnansi-kurier-sc.enc <kurierchi.pfb
texnansi-kurierch-sc KurierCondHeavy-Regular "enctexnansi-kurier-sc ReEncodeFont" <texnansi-kurier-sc.enc <kurierch.pfb
texnansi-kurierchi-sc KurierCondHeavy-Italic "enctexnansi-kurier-sc ReEncodeFont" <texnansi-kurier-sc.enc <kurierchi.pfb
qx-kurierl KurierLight-Regular "encqx-kurier ReEncodeFont" <qx-kurier.enc <kurierl.pfb
qx-kurierr Kurier-Regular "encqx-kurier ReEncodeFont" <qx-kurier.enc <kurierr.pfb
qx-kurierm KurierMedium-Regular "encqx-kurier ReEncodeFont" <qx-kurier.enc <kurierm.pfb
qx-kurierb Kurier-Bold "encqx-kurier ReEncodeFont" <qx-kurier.enc <kurierb.pfb
qx-kurierh KurierHeavy-Regular "encqx-kurier ReEncodeFont" <qx-kurier.enc <kurierh.pfb
qx-kurierli KurierLight-Italic "encqx-kurier ReEncodeFont" <qx-kurier.enc <kurierli.pfb
qx-kurierri Kurier-Italic "encqx-kurier ReEncodeFont" <qx-kurier.enc <kurierri.pfb
qx-kuriermi KurierMedium-Italic "encqx-kurier ReEncodeFont" <qx-kurier.enc <kuriermi.pfb
qx-kurierbi Kurier-BoldItalic "encqx-kurier ReEncodeFont" <qx-kurier.enc <kurierbi.pfb
qx-kurierhi KurierHeavy-Italic "encqx-kurier ReEncodeFont" <qx-kurier.enc <kurierhi.pfb
qx-kuriercl KurierCondLight-Regular "encqx-kurier ReEncodeFont" <qx-kurier.enc <kuriercl.pfb
qx-kuriercr KurierCond-Regular "encqx-kurier ReEncodeFont" <qx-kurier.enc <kuriercr.pfb
qx-kuriercm KurierCondMedium-Regular "encqx-kurier ReEncodeFont" <qx-kurier.enc <kuriercm.pfb
qx-kuriercb KurierCond-Bold "encqx-kurier ReEncodeFont" <qx-kurier.enc <kuriercb.pfb
qx-kurierch KurierCondHeavy-Regular "encqx-kurier ReEncodeFont" <qx-kurier.enc <kurierch.pfb
qx-kuriercli KurierCondLight-Italic "encqx-kurier ReEncodeFont" <qx-kurier.enc <kuriercli.pfb
qx-kuriercri KurierCond-Italic "encqx-kurier ReEncodeFont" <qx-kurier.enc <kuriercri.pfb
qx-kuriercmi KurierCondMedium-Italic "encqx-kurier ReEncodeFont" <qx-kurier.enc <kuriercmi.pfb
qx-kuriercbi KurierCond-BoldItalic "encqx-kurier ReEncodeFont" <qx-kurier.enc <kuriercbi.pfb
qx-kurierchi KurierCondHeavy-Italic "encqx-kurier ReEncodeFont" <qx-kurier.enc <kurierchi.pfb
qx-kurierch KurierCondHeavy-Regular "encqx-kurier ReEncodeFont" <qx-kurier.enc <kurierch.pfb
qx-kurierchi KurierCondHeavy-Italic "encqx-kurier ReEncodeFont" <qx-kurier.enc <kurierchi.pfb
qx-kurierl-sc KurierLight-Regular "encqx-kurier-sc ReEncodeFont" <qx-kurier-sc.enc <kurierl.pfb
qx-kurierr-sc Kurier-Regular "encqx-kurier-sc ReEncodeFont" <qx-kurier-sc.enc <kurierr.pfb
qx-kurierm-sc KurierMedium-Regular "encqx-kurier-sc ReEncodeFont" <qx-kurier-sc.enc <kurierm.pfb
qx-kurierb-sc Kurier-Bold "encqx-kurier-sc ReEncodeFont" <qx-kurier-sc.enc <kurierb.pfb
qx-kurierh-sc KurierHeavy-Regular "encqx-kurier-sc ReEncodeFont" <qx-kurier-sc.enc <kurierh.pfb
qx-kurierli-sc KurierLight-Italic "encqx-kurier-sc ReEncodeFont" <qx-kurier-sc.enc <kurierli.pfb
qx-kurierri-sc Kurier-Italic "encqx-kurier-sc ReEncodeFont" <qx-kurier-sc.enc <kurierri.pfb
qx-kuriermi-sc KurierMedium-Italic "encqx-kurier-sc ReEncodeFont" <qx-kurier-sc.enc <kuriermi.pfb
qx-kurierbi-sc Kurier-BoldItalic "encqx-kurier-sc ReEncodeFont" <qx-kurier-sc.enc <kurierbi.pfb
qx-kurierhi-sc KurierHeavy-Italic "encqx-kurier-sc ReEncodeFont" <qx-kurier-sc.enc <kurierhi.pfb
qx-kuriercl-sc KurierCondLight-Regular "encqx-kurier-sc ReEncodeFont" <qx-kurier-sc.enc <kuriercl.pfb
qx-kuriercr-sc KurierCond-Regular "encqx-kurier-sc ReEncodeFont" <qx-kurier-sc.enc <kuriercr.pfb
qx-kuriercm-sc KurierCondMedium-Regular "encqx-kurier-sc ReEncodeFont" <qx-kurier-sc.enc <kuriercm.pfb
qx-kuriercb-sc KurierCond-Bold "encqx-kurier-sc ReEncodeFont" <qx-kurier-sc.enc <kuriercb.pfb
qx-kurierch-sc KurierCondHeavy-Regular "encqx-kurier-sc ReEncodeFont" <qx-kurier-sc.enc <kurierch.pfb
qx-kuriercli-sc KurierCondLight-Italic "encqx-kurier-sc ReEncodeFont" <qx-kurier-sc.enc <kuriercli.pfb
qx-kuriercri-sc KurierCond-Italic "encqx-kurier-sc ReEncodeFont" <qx-kurier-sc.enc <kuriercri.pfb
qx-kuriercmi-sc KurierCondMedium-Italic "encqx-kurier-sc ReEncodeFont" <qx-kurier-sc.enc <kuriercmi.pfb
qx-kuriercbi-sc KurierCond-BoldItalic "encqx-kurier-sc ReEncodeFont" <qx-kurier-sc.enc <kuriercbi.pfb
qx-kurierchi-sc KurierCondHeavy-Italic "encqx-kurier-sc ReEncodeFont" <qx-kurier-sc.enc <kurierchi.pfb
qx-kurierch-sc KurierCondHeavy-Regular "encqx-kurier-sc ReEncodeFont" <qx-kurier-sc.enc <kurierch.pfb
qx-kurierchi-sc KurierCondHeavy-Italic "encqx-kurier-sc ReEncodeFont" <qx-kurier-sc.enc <kurierchi.pfb
rm-kurierl KurierLight-Regular "encrm-kurier ReEncodeFont" <rm-kurier.enc <kurierl.pfb
rm-kurierr Kurier-Regular "encrm-kurier ReEncodeFont" <rm-kurier.enc <kurierr.pfb
rm-kurierm KurierMedium-Regular "encrm-kurier ReEncodeFont" <rm-kurier.enc <kurierm.pfb
rm-kurierb Kurier-Bold "encrm-kurier ReEncodeFont" <rm-kurier.enc <kurierb.pfb
rm-kurierh KurierHeavy-Regular "encrm-kurier ReEncodeFont" <rm-kurier.enc <kurierh.pfb
rm-kurierli KurierLight-Italic "encrm-kurier ReEncodeFont" <rm-kurier.enc <kurierli.pfb
rm-kurierri Kurier-Italic "encrm-kurier ReEncodeFont" <rm-kurier.enc <kurierri.pfb
rm-kuriermi KurierMedium-Italic "encrm-kurier ReEncodeFont" <rm-kurier.enc <kuriermi.pfb
rm-kurierbi Kurier-BoldItalic "encrm-kurier ReEncodeFont" <rm-kurier.enc <kurierbi.pfb
rm-kurierhi KurierHeavy-Italic "encrm-kurier ReEncodeFont" <rm-kurier.enc <kurierhi.pfb
rm-kuriercl KurierCondLight-Regular "encrm-kurier ReEncodeFont" <rm-kurier.enc <kuriercl.pfb
rm-kuriercr KurierCond-Regular "encrm-kurier ReEncodeFont" <rm-kurier.enc <kuriercr.pfb
rm-kuriercm KurierCondMedium-Regular "encrm-kurier ReEncodeFont" <rm-kurier.enc <kuriercm.pfb
rm-kuriercb KurierCond-Bold "encrm-kurier ReEncodeFont" <rm-kurier.enc <kuriercb.pfb
rm-kurierch KurierCondHeavy-Regular "encrm-kurier ReEncodeFont" <rm-kurier.enc <kurierch.pfb
rm-kuriercli KurierCondLight-Italic "encrm-kurier ReEncodeFont" <rm-kurier.enc <kuriercli.pfb
rm-kuriercri KurierCond-Italic "encrm-kurier ReEncodeFont" <rm-kurier.enc <kuriercri.pfb
rm-kuriercmi KurierCondMedium-Italic "encrm-kurier ReEncodeFont" <rm-kurier.enc <kuriercmi.pfb
rm-kuriercbi KurierCond-BoldItalic "encrm-kurier ReEncodeFont" <rm-kurier.enc <kuriercbi.pfb
rm-kurierchi KurierCondHeavy-Italic "encrm-kurier ReEncodeFont" <rm-kurier.enc <kurierchi.pfb
rm-kurierch KurierCondHeavy-Regular "encrm-kurier ReEncodeFont" <rm-kurier.enc <kurierch.pfb
rm-kurierchi KurierCondHeavy-Italic "encrm-kurier ReEncodeFont" <rm-kurier.enc <kurierchi.pfb
rm-kurierl-sc KurierLight-Regular "encrm-kurier-sc ReEncodeFont" <rm-kurier-sc.enc <kurierl.pfb
rm-kurierr-sc Kurier-Regular "encrm-kurier-sc ReEncodeFont" <rm-kurier-sc.enc <kurierr.pfb
rm-kurierm-sc KurierMedium-Regular "encrm-kurier-sc ReEncodeFont" <rm-kurier-sc.enc <kurierm.pfb
rm-kurierb-sc Kurier-Bold "encrm-kurier-sc ReEncodeFont" <rm-kurier-sc.enc <kurierb.pfb
rm-kurierh-sc KurierHeavy-Regular "encrm-kurier-sc ReEncodeFont" <rm-kurier-sc.enc <kurierh.pfb
rm-kurierli-sc KurierLight-Italic "encrm-kurier-sc ReEncodeFont" <rm-kurier-sc.enc <kurierli.pfb
rm-kurierri-sc Kurier-Italic "encrm-kurier-sc ReEncodeFont" <rm-kurier-sc.enc <kurierri.pfb
rm-kuriermi-sc KurierMedium-Italic "encrm-kurier-sc ReEncodeFont" <rm-kurier-sc.enc <kuriermi.pfb
rm-kurierbi-sc Kurier-BoldItalic "encrm-kurier-sc ReEncodeFont" <rm-kurier-sc.enc <kurierbi.pfb
rm-kurierhi-sc KurierHeavy-Italic "encrm-kurier-sc ReEncodeFont" <rm-kurier-sc.enc <kurierhi.pfb
rm-kuriercl-sc KurierCondLight-Regular "encrm-kurier-sc ReEncodeFont" <rm-kurier-sc.enc <kuriercl.pfb
rm-kuriercr-sc KurierCond-Regular "encrm-kurier-sc ReEncodeFont" <rm-kurier-sc.enc <kuriercr.pfb
rm-kuriercm-sc KurierCondMedium-Regular "encrm-kurier-sc ReEncodeFont" <rm-kurier-sc.enc <kuriercm.pfb
rm-kuriercb-sc KurierCond-Bold "encrm-kurier-sc ReEncodeFont" <rm-kurier-sc.enc <kuriercb.pfb
rm-kurierch-sc KurierCondHeavy-Regular "encrm-kurier-sc ReEncodeFont" <rm-kurier-sc.enc <kurierch.pfb
rm-kuriercli-sc KurierCondLight-Italic "encrm-kurier-sc ReEncodeFont" <rm-kurier-sc.enc <kuriercli.pfb
rm-kuriercri-sc KurierCond-Italic "encrm-kurier-sc ReEncodeFont" <rm-kurier-sc.enc <kuriercri.pfb
rm-kuriercmi-sc KurierCondMedium-Italic "encrm-kurier-sc ReEncodeFont" <rm-kurier-sc.enc <kuriercmi.pfb
rm-kuriercbi-sc KurierCond-BoldItalic "encrm-kurier-sc ReEncodeFont" <rm-kurier-sc.enc <kuriercbi.pfb
rm-kurierchi-sc KurierCondHeavy-Italic "encrm-kurier-sc ReEncodeFont" <rm-kurier-sc.enc <kurierchi.pfb
rm-kurierch-sc KurierCondHeavy-Regular "encrm-kurier-sc ReEncodeFont" <rm-kurier-sc.enc <kurierch.pfb
rm-kurierchi-sc KurierCondHeavy-Italic "encrm-kurier-sc ReEncodeFont" <rm-kurier-sc.enc <kurierchi.pfb
t5-kurierl KurierLight-Regular "enct5-kurier ReEncodeFont" <t5-kurier.enc <kurierl.pfb
t5-kurierr Kurier-Regular "enct5-kurier ReEncodeFont" <t5-kurier.enc <kurierr.pfb
t5-kurierm KurierMedium-Regular "enct5-kurier ReEncodeFont" <t5-kurier.enc <kurierm.pfb
t5-kurierb Kurier-Bold "enct5-kurier ReEncodeFont" <t5-kurier.enc <kurierb.pfb
t5-kurierh KurierHeavy-Regular "enct5-kurier ReEncodeFont" <t5-kurier.enc <kurierh.pfb
t5-kurierli KurierLight-Italic "enct5-kurier ReEncodeFont" <t5-kurier.enc <kurierli.pfb
t5-kurierri Kurier-Italic "enct5-kurier ReEncodeFont" <t5-kurier.enc <kurierri.pfb
t5-kuriermi KurierMedium-Italic "enct5-kurier ReEncodeFont" <t5-kurier.enc <kuriermi.pfb
t5-kurierbi Kurier-BoldItalic "enct5-kurier ReEncodeFont" <t5-kurier.enc <kurierbi.pfb
t5-kurierhi KurierHeavy-Italic "enct5-kurier ReEncodeFont" <t5-kurier.enc <kurierhi.pfb
t5-kuriercl KurierCondLight-Regular "enct5-kurier ReEncodeFont" <t5-kurier.enc <kuriercl.pfb
t5-kuriercr KurierCond-Regular "enct5-kurier ReEncodeFont" <t5-kurier.enc <kuriercr.pfb
t5-kuriercm KurierCondMedium-Regular "enct5-kurier ReEncodeFont" <t5-kurier.enc <kuriercm.pfb
t5-kuriercb KurierCond-Bold "enct5-kurier ReEncodeFont" <t5-kurier.enc <kuriercb.pfb
t5-kurierch KurierCondHeavy-Regular "enct5-kurier ReEncodeFont" <t5-kurier.enc <kurierch.pfb
t5-kuriercli KurierCondLight-Italic "enct5-kurier ReEncodeFont" <t5-kurier.enc <kuriercli.pfb
t5-kuriercri KurierCond-Italic "enct5-kurier ReEncodeFont" <t5-kurier.enc <kuriercri.pfb
t5-kuriercmi KurierCondMedium-Italic "enct5-kurier ReEncodeFont" <t5-kurier.enc <kuriercmi.pfb
t5-kuriercbi KurierCond-BoldItalic "enct5-kurier ReEncodeFont" <t5-kurier.enc <kuriercbi.pfb
t5-kurierchi KurierCondHeavy-Italic "enct5-kurier ReEncodeFont" <t5-kurier.enc <kurierchi.pfb
t5-kurierch KurierCondHeavy-Regular "enct5-kurier ReEncodeFont" <t5-kurier.enc <kurierch.pfb
t5-kurierchi KurierCondHeavy-Italic "enct5-kurier ReEncodeFont" <t5-kurier.enc <kurierchi.pfb
t5-kurierl-sc KurierLight-Regular "enct5-kurier-sc ReEncodeFont" <t5-kurier-sc.enc <kurierl.pfb
t5-kurierr-sc Kurier-Regular "enct5-kurier-sc ReEncodeFont" <t5-kurier-sc.enc <kurierr.pfb
t5-kurierm-sc KurierMedium-Regular "enct5-kurier-sc ReEncodeFont" <t5-kurier-sc.enc <kurierm.pfb
t5-kurierb-sc Kurier-Bold "enct5-kurier-sc ReEncodeFont" <t5-kurier-sc.enc <kurierb.pfb
t5-kurierh-sc KurierHeavy-Regular "enct5-kurier-sc ReEncodeFont" <t5-kurier-sc.enc <kurierh.pfb
t5-kurierli-sc KurierLight-Italic "enct5-kurier-sc ReEncodeFont" <t5-kurier-sc.enc <kurierli.pfb
t5-kurierri-sc Kurier-Italic "enct5-kurier-sc ReEncodeFont" <t5-kurier-sc.enc <kurierri.pfb
t5-kuriermi-sc KurierMedium-Italic "enct5-kurier-sc ReEncodeFont" <t5-kurier-sc.enc <kuriermi.pfb
t5-kurierbi-sc Kurier-BoldItalic "enct5-kurier-sc ReEncodeFont" <t5-kurier-sc.enc <kurierbi.pfb
t5-kurierhi-sc KurierHeavy-Italic "enct5-kurier-sc ReEncodeFont" <t5-kurier-sc.enc <kurierhi.pfb
t5-kuriercl-sc KurierCondLight-Regular "enct5-kurier-sc ReEncodeFont" <t5-kurier-sc.enc <kuriercl.pfb
t5-kuriercr-sc KurierCond-Regular "enct5-kurier-sc ReEncodeFont" <t5-kurier-sc.enc <kuriercr.pfb
t5-kuriercm-sc KurierCondMedium-Regular "enct5-kurier-sc ReEncodeFont" <t5-kurier-sc.enc <kuriercm.pfb
t5-kuriercb-sc KurierCond-Bold "enct5-kurier-sc ReEncodeFont" <t5-kurier-sc.enc <kuriercb.pfb
t5-kurierch-sc KurierCondHeavy-Regular "enct5-kurier-sc ReEncodeFont" <t5-kurier-sc.enc <kurierch.pfb
t5-kuriercli-sc KurierCondLight-Italic "enct5-kurier-sc ReEncodeFont" <t5-kurier-sc.enc <kuriercli.pfb
t5-kuriercri-sc KurierCond-Italic "enct5-kurier-sc ReEncodeFont" <t5-kurier-sc.enc <kuriercri.pfb
t5-kuriercmi-sc KurierCondMedium-Italic "enct5-kurier-sc ReEncodeFont" <t5-kurier-sc.enc <kuriercmi.pfb
t5-kuriercbi-sc KurierCond-BoldItalic "enct5-kurier-sc ReEncodeFont" <t5-kurier-sc.enc <kuriercbi.pfb
t5-kurierchi-sc KurierCondHeavy-Italic "enct5-kurier-sc ReEncodeFont" <t5-kurier-sc.enc <kurierchi.pfb
t5-kurierch-sc KurierCondHeavy-Regular "enct5-kurier-sc ReEncodeFont" <t5-kurier-sc.enc <kurierch.pfb
t5-kurierchi-sc KurierCondHeavy-Italic "enct5-kurier-sc ReEncodeFont" <t5-kurier-sc.enc <kurierchi.pfb
t2a-kurierl KurierLight-Regular "enct2a-kurier ReEncodeFont" <t2a-kurier.enc <kurierl.pfb
t2a-kurierr Kurier-Regular "enct2a-kurier ReEncodeFont" <t2a-kurier.enc <kurierr.pfb
t2a-kurierm KurierMedium-Regular "enct2a-kurier ReEncodeFont" <t2a-kurier.enc <kurierm.pfb
t2a-kurierb Kurier-Bold "enct2a-kurier ReEncodeFont" <t2a-kurier.enc <kurierb.pfb
t2a-kurierh KurierHeavy-Regular "enct2a-kurier ReEncodeFont" <t2a-kurier.enc <kurierh.pfb
t2a-kurierli KurierLight-Italic "enct2a-kurier ReEncodeFont" <t2a-kurier.enc <kurierli.pfb
t2a-kurierri Kurier-Italic "enct2a-kurier ReEncodeFont" <t2a-kurier.enc <kurierri.pfb
t2a-kuriermi KurierMedium-Italic "enct2a-kurier ReEncodeFont" <t2a-kurier.enc <kuriermi.pfb
t2a-kurierbi Kurier-BoldItalic "enct2a-kurier ReEncodeFont" <t2a-kurier.enc <kurierbi.pfb
t2a-kurierhi KurierHeavy-Italic "enct2a-kurier ReEncodeFont" <t2a-kurier.enc <kurierhi.pfb
t2a-kuriercl KurierCondLight-Regular "enct2a-kurier ReEncodeFont" <t2a-kurier.enc <kuriercl.pfb
t2a-kuriercr KurierCond-Regular "enct2a-kurier ReEncodeFont" <t2a-kurier.enc <kuriercr.pfb
t2a-kuriercm KurierCondMedium-Regular "enct2a-kurier ReEncodeFont" <t2a-kurier.enc <kuriercm.pfb
t2a-kuriercb KurierCond-Bold "enct2a-kurier ReEncodeFont" <t2a-kurier.enc <kuriercb.pfb
t2a-kurierch KurierCondHeavy-Regular "enct2a-kurier ReEncodeFont" <t2a-kurier.enc <kurierch.pfb
t2a-kuriercli KurierCondLight-Italic "enct2a-kurier ReEncodeFont" <t2a-kurier.enc <kuriercli.pfb
t2a-kuriercri KurierCond-Italic "enct2a-kurier ReEncodeFont" <t2a-kurier.enc <kuriercri.pfb
t2a-kuriercmi KurierCondMedium-Italic "enct2a-kurier ReEncodeFont" <t2a-kurier.enc <kuriercmi.pfb
t2a-kuriercbi KurierCond-BoldItalic "enct2a-kurier ReEncodeFont" <t2a-kurier.enc <kuriercbi.pfb
t2a-kurierchi KurierCondHeavy-Italic "enct2a-kurier ReEncodeFont" <t2a-kurier.enc <kurierchi.pfb
t2a-kurierch KurierCondHeavy-Regular "enct2a-kurier ReEncodeFont" <t2a-kurier.enc <kurierch.pfb
t2a-kurierchi KurierCondHeavy-Italic "enct2a-kurier ReEncodeFont" <t2a-kurier.enc <kurierchi.pfb
t2b-kurierl KurierLight-Regular "enct2b-kurier ReEncodeFont" <t2b-kurier.enc <kurierl.pfb
t2b-kurierr Kurier-Regular "enct2b-kurier ReEncodeFont" <t2b-kurier.enc <kurierr.pfb
t2b-kurierm KurierMedium-Regular "enct2b-kurier ReEncodeFont" <t2b-kurier.enc <kurierm.pfb
t2b-kurierb Kurier-Bold "enct2b-kurier ReEncodeFont" <t2b-kurier.enc <kurierb.pfb
t2b-kurierh KurierHeavy-Regular "enct2b-kurier ReEncodeFont" <t2b-kurier.enc <kurierh.pfb
t2b-kurierli KurierLight-Italic "enct2b-kurier ReEncodeFont" <t2b-kurier.enc <kurierli.pfb
t2b-kurierri Kurier-Italic "enct2b-kurier ReEncodeFont" <t2b-kurier.enc <kurierri.pfb
t2b-kuriermi KurierMedium-Italic "enct2b-kurier ReEncodeFont" <t2b-kurier.enc <kuriermi.pfb
t2b-kurierbi Kurier-BoldItalic "enct2b-kurier ReEncodeFont" <t2b-kurier.enc <kurierbi.pfb
t2b-kurierhi KurierHeavy-Italic "enct2b-kurier ReEncodeFont" <t2b-kurier.enc <kurierhi.pfb
t2b-kuriercl KurierCondLight-Regular "enct2b-kurier ReEncodeFont" <t2b-kurier.enc <kuriercl.pfb
t2b-kuriercr KurierCond-Regular "enct2b-kurier ReEncodeFont" <t2b-kurier.enc <kuriercr.pfb
t2b-kuriercm KurierCondMedium-Regular "enct2b-kurier ReEncodeFont" <t2b-kurier.enc <kuriercm.pfb
t2b-kuriercb KurierCond-Bold "enct2b-kurier ReEncodeFont" <t2b-kurier.enc <kuriercb.pfb
t2b-kurierch KurierCondHeavy-Regular "enct2b-kurier ReEncodeFont" <t2b-kurier.enc <kurierch.pfb
t2b-kuriercli KurierCondLight-Italic "enct2b-kurier ReEncodeFont" <t2b-kurier.enc <kuriercli.pfb
t2b-kuriercri KurierCond-Italic "enct2b-kurier ReEncodeFont" <t2b-kurier.enc <kuriercri.pfb
t2b-kuriercmi KurierCondMedium-Italic "enct2b-kurier ReEncodeFont" <t2b-kurier.enc <kuriercmi.pfb
t2b-kuriercbi KurierCond-BoldItalic "enct2b-kurier ReEncodeFont" <t2b-kurier.enc <kuriercbi.pfb
t2b-kurierchi KurierCondHeavy-Italic "enct2b-kurier ReEncodeFont" <t2b-kurier.enc <kurierchi.pfb
t2b-kurierch KurierCondHeavy-Regular "enct2b-kurier ReEncodeFont" <t2b-kurier.enc <kurierch.pfb
t2b-kurierchi KurierCondHeavy-Italic "enct2b-kurier ReEncodeFont" <t2b-kurier.enc <kurierchi.pfb
t2c-kurierl KurierLight-Regular "enct2c-kurier ReEncodeFont" <t2c-kurier.enc <kurierl.pfb
t2c-kurierr Kurier-Regular "enct2c-kurier ReEncodeFont" <t2c-kurier.enc <kurierr.pfb
t2c-kurierm KurierMedium-Regular "enct2c-kurier ReEncodeFont" <t2c-kurier.enc <kurierm.pfb
t2c-kurierb Kurier-Bold "enct2c-kurier ReEncodeFont" <t2c-kurier.enc <kurierb.pfb
t2c-kurierh KurierHeavy-Regular "enct2c-kurier ReEncodeFont" <t2c-kurier.enc <kurierh.pfb
t2c-kurierli KurierLight-Italic "enct2c-kurier ReEncodeFont" <t2c-kurier.enc <kurierli.pfb
t2c-kurierri Kurier-Italic "enct2c-kurier ReEncodeFont" <t2c-kurier.enc <kurierri.pfb
t2c-kuriermi KurierMedium-Italic "enct2c-kurier ReEncodeFont" <t2c-kurier.enc <kuriermi.pfb
t2c-kurierbi Kurier-BoldItalic "enct2c-kurier ReEncodeFont" <t2c-kurier.enc <kurierbi.pfb
t2c-kurierhi KurierHeavy-Italic "enct2c-kurier ReEncodeFont" <t2c-kurier.enc <kurierhi.pfb
t2c-kuriercl KurierCondLight-Regular "enct2c-kurier ReEncodeFont" <t2c-kurier.enc <kuriercl.pfb
t2c-kuriercr KurierCond-Regular "enct2c-kurier ReEncodeFont" <t2c-kurier.enc <kuriercr.pfb
t2c-kuriercm KurierCondMedium-Regular "enct2c-kurier ReEncodeFont" <t2c-kurier.enc <kuriercm.pfb
t2c-kuriercb KurierCond-Bold "enct2c-kurier ReEncodeFont" <t2c-kurier.enc <kuriercb.pfb
t2c-kurierch KurierCondHeavy-Regular "enct2c-kurier ReEncodeFont" <t2c-kurier.enc <kurierch.pfb
t2c-kuriercli KurierCondLight-Italic "enct2c-kurier ReEncodeFont" <t2c-kurier.enc <kuriercli.pfb
t2c-kuriercri KurierCond-Italic "enct2c-kurier ReEncodeFont" <t2c-kurier.enc <kuriercri.pfb
t2c-kuriercmi KurierCondMedium-Italic "enct2c-kurier ReEncodeFont" <t2c-kurier.enc <kuriercmi.pfb
t2c-kuriercbi KurierCond-BoldItalic "enct2c-kurier ReEncodeFont" <t2c-kurier.enc <kuriercbi.pfb
t2c-kurierchi KurierCondHeavy-Italic "enct2c-kurier ReEncodeFont" <t2c-kurier.enc <kurierchi.pfb
t2c-kurierch KurierCondHeavy-Regular "enct2c-kurier ReEncodeFont" <t2c-kurier.enc <kurierch.pfb
t2c-kurierchi KurierCondHeavy-Italic "enct2c-kurier ReEncodeFont" <t2c-kurier.enc <kurierchi.pfb
ts1-kurierl KurierLight-Regular "encts1-kurier ReEncodeFont" <ts1-kurier.enc <kurierl.pfb
ts1-kurierr Kurier-Regular "encts1-kurier ReEncodeFont" <ts1-kurier.enc <kurierr.pfb
ts1-kurierm KurierMedium-Regular "encts1-kurier ReEncodeFont" <ts1-kurier.enc <kurierm.pfb
ts1-kurierb Kurier-Bold "encts1-kurier ReEncodeFont" <ts1-kurier.enc <kurierb.pfb
ts1-kurierh KurierHeavy-Regular "encts1-kurier ReEncodeFont" <ts1-kurier.enc <kurierh.pfb
ts1-kurierli KurierLight-Italic "encts1-kurier ReEncodeFont" <ts1-kurier.enc <kurierli.pfb
ts1-kurierri Kurier-Italic "encts1-kurier ReEncodeFont" <ts1-kurier.enc <kurierri.pfb
ts1-kuriermi KurierMedium-Italic "encts1-kurier ReEncodeFont" <ts1-kurier.enc <kuriermi.pfb
ts1-kurierbi Kurier-BoldItalic "encts1-kurier ReEncodeFont" <ts1-kurier.enc <kurierbi.pfb
ts1-kurierhi KurierHeavy-Italic "encts1-kurier ReEncodeFont" <ts1-kurier.enc <kurierhi.pfb
ts1-kuriercl KurierCondLight-Regular "encts1-kurier ReEncodeFont" <ts1-kurier.enc <kuriercl.pfb
ts1-kuriercr KurierCond-Regular "encts1-kurier ReEncodeFont" <ts1-kurier.enc <kuriercr.pfb
ts1-kuriercm KurierCondMedium-Regular "encts1-kurier ReEncodeFont" <ts1-kurier.enc <kuriercm.pfb
ts1-kuriercb KurierCond-Bold "encts1-kurier ReEncodeFont" <ts1-kurier.enc <kuriercb.pfb
ts1-kurierch KurierCondHeavy-Regular "encts1-kurier ReEncodeFont" <ts1-kurier.enc <kurierch.pfb
ts1-kuriercli KurierCondLight-Italic "encts1-kurier ReEncodeFont" <ts1-kurier.enc <kuriercli.pfb
ts1-kuriercri KurierCond-Italic "encts1-kurier ReEncodeFont" <ts1-kurier.enc <kuriercri.pfb
ts1-kuriercmi KurierCondMedium-Italic "encts1-kurier ReEncodeFont" <ts1-kurier.enc <kuriercmi.pfb
ts1-kuriercbi KurierCond-BoldItalic "encts1-kurier ReEncodeFont" <ts1-kurier.enc <kuriercbi.pfb
ts1-kurierchi KurierCondHeavy-Italic "encts1-kurier ReEncodeFont" <ts1-kurier.enc <kurierchi.pfb
ts1-kurierch KurierCondHeavy-Regular "encts1-kurier ReEncodeFont" <ts1-kurier.enc <kurierch.pfb
ts1-kurierchi KurierCondHeavy-Italic "encts1-kurier ReEncodeFont" <ts1-kurier.enc <kurierchi.pfb
greek-kurierl KurierLight-Regular "encgreek-kurier ReEncodeFont" <greek-kurier.enc <kurierl.pfb
greek-kurierr Kurier-Regular "encgreek-kurier ReEncodeFont" <greek-kurier.enc <kurierr.pfb
greek-kurierm KurierMedium-Regular "encgreek-kurier ReEncodeFont" <greek-kurier.enc <kurierm.pfb
greek-kurierb Kurier-Bold "encgreek-kurier ReEncodeFont" <greek-kurier.enc <kurierb.pfb
greek-kurierh KurierHeavy-Regular "encgreek-kurier ReEncodeFont" <greek-kurier.enc <kurierh.pfb
greek-kurierli KurierLight-Italic "encgreek-kurier ReEncodeFont" <greek-kurier.enc <kurierli.pfb
greek-kurierri Kurier-Italic "encgreek-kurier ReEncodeFont" <greek-kurier.enc <kurierri.pfb
greek-kuriermi KurierMedium-Italic "encgreek-kurier ReEncodeFont" <greek-kurier.enc <kuriermi.pfb
greek-kurierbi Kurier-BoldItalic "encgreek-kurier ReEncodeFont" <greek-kurier.enc <kurierbi.pfb
greek-kurierhi KurierHeavy-Italic "encgreek-kurier ReEncodeFont" <greek-kurier.enc <kurierhi.pfb
greek-kuriercl KurierCondLight-Regular "encgreek-kurier ReEncodeFont" <greek-kurier.enc <kuriercl.pfb
greek-kuriercr KurierCond-Regular "encgreek-kurier ReEncodeFont" <greek-kurier.enc <kuriercr.pfb
greek-kuriercm KurierCondMedium-Regular "encgreek-kurier ReEncodeFont" <greek-kurier.enc <kuriercm.pfb
greek-kuriercb KurierCond-Bold "encgreek-kurier ReEncodeFont" <greek-kurier.enc <kuriercb.pfb
greek-kurierch KurierCondHeavy-Regular "encgreek-kurier ReEncodeFont" <greek-kurier.enc <kurierch.pfb
greek-kuriercli KurierCondLight-Italic "encgreek-kurier ReEncodeFont" <greek-kurier.enc <kuriercli.pfb
greek-kuriercri KurierCond-Italic "encgreek-kurier ReEncodeFont" <greek-kurier.enc <kuriercri.pfb
greek-kuriercmi KurierCondMedium-Italic "encgreek-kurier ReEncodeFont" <greek-kurier.enc <kuriercmi.pfb
greek-kuriercbi KurierCond-BoldItalic "encgreek-kurier ReEncodeFont" <greek-kurier.enc <kuriercbi.pfb
greek-kurierchi KurierCondHeavy-Italic "encgreek-kurier ReEncodeFont" <greek-kurier.enc <kurierchi.pfb
greek-kurierch KurierCondHeavy-Regular "encgreek-kurier ReEncodeFont" <greek-kurier.enc <kurierch.pfb
greek-kurierchi KurierCondHeavy-Italic "encgreek-kurier ReEncodeFont" <greek-kurier.enc <kurierchi.pfb
mi-kurierli KurierLight-Italic "encmi-kurier ReEncodeFont" <mi-kurier.enc <kurierli.pfb
mi-kurierri Kurier-Italic "encmi-kurier ReEncodeFont" <mi-kurier.enc <kurierri.pfb
mi-kuriermi KurierMedium-Italic "encmi-kurier ReEncodeFont" <mi-kurier.enc <kuriermi.pfb
mi-kurierbi Kurier-BoldItalic "encmi-kurier ReEncodeFont" <mi-kurier.enc <kurierbi.pfb
mi-kurierhi KurierHeavy-Italic "encmi-kurier ReEncodeFont" <mi-kurier.enc <kurierhi.pfb
mi-kuriercli KurierCondLight-Italic "encmi-kurier ReEncodeFont" <mi-kurier.enc <kuriercli.pfb
mi-kuriercri KurierCond-Italic "encmi-kurier ReEncodeFont" <mi-kurier.enc <kuriercri.pfb
mi-kuriercmi KurierCondMedium-Italic "encmi-kurier ReEncodeFont" <mi-kurier.enc <kuriercmi.pfb
mi-kuriercbi KurierCond-BoldItalic "encmi-kurier ReEncodeFont" <mi-kurier.enc <kuriercbi.pfb
mi-kurierchi KurierCondHeavy-Italic "encmi-kurier ReEncodeFont" <mi-kurier.enc <kurierchi.pfb
mi-kurierchi KurierCondHeavy-Italic "encmi-kurier ReEncodeFont" <mi-kurier.enc <kurierchi.pfb
sy-kurierlz KurierLight-Italic "encsy-kurier ReEncodeFont" <sy-kurier.enc <kurierli.pfb
sy-kurierrz Kurier-Italic "encsy-kurier ReEncodeFont" <sy-kurier.enc <kurierri.pfb
sy-kuriermz KurierMedium-Italic "encsy-kurier ReEncodeFont" <sy-kurier.enc <kuriermi.pfb
sy-kurierbz Kurier-BoldItalic "encsy-kurier ReEncodeFont" <sy-kurier.enc <kurierbi.pfb
sy-kurierhz KurierHeavy-Italic "encsy-kurier ReEncodeFont" <sy-kurier.enc <kurierhi.pfb
sy-kurierclz KurierCondLight-Italic "encsy-kurier ReEncodeFont" <sy-kurier.enc <kuriercli.pfb
sy-kuriercrz KurierCond-Italic "encsy-kurier ReEncodeFont" <sy-kurier.enc <kuriercri.pfb
sy-kuriercmz KurierCondMedium-Italic "encsy-kurier ReEncodeFont" <sy-kurier.enc <kuriercmi.pfb
sy-kuriercbz KurierCond-BoldItalic "encsy-kurier ReEncodeFont" <sy-kurier.enc <kuriercbi.pfb
sy-kurierchz KurierCondHeavy-Italic "encsy-kurier ReEncodeFont" <sy-kurier.enc <kurierchi.pfb
sy-kurierchz KurierCondHeavy-Italic "encsy-kurier ReEncodeFont" <sy-kurier.enc <kurierchi.pfb
wncy-kurierl KurierLight-Regular "encwncy-kurier ReEncodeFont" <wncy-kurier.enc <kurierl.pfb
wncy-kurierr Kurier-Regular "encwncy-kurier ReEncodeFont" <wncy-kurier.enc <kurierr.pfb
wncy-kurierm KurierMedium-Regular "encwncy-kurier ReEncodeFont" <wncy-kurier.enc <kurierm.pfb
wncy-kurierb Kurier-Bold "encwncy-kurier ReEncodeFont" <wncy-kurier.enc <kurierb.pfb
wncy-kurierh KurierHeavy-Regular "encwncy-kurier ReEncodeFont" <wncy-kurier.enc <kurierh.pfb
wncy-kurierli KurierLight-Italic "encwncy-kurier ReEncodeFont" <wncy-kurier.enc <kurierli.pfb
wncy-kurierri Kurier-Italic "encwncy-kurier ReEncodeFont" <wncy-kurier.enc <kurierri.pfb
wncy-kuriermi KurierMedium-Italic "encwncy-kurier ReEncodeFont" <wncy-kurier.enc <kuriermi.pfb
wncy-kurierbi Kurier-BoldItalic "encwncy-kurier ReEncodeFont" <wncy-kurier.enc <kurierbi.pfb
wncy-kurierhi KurierHeavy-Italic "encwncy-kurier ReEncodeFont" <wncy-kurier.enc <kurierhi.pfb
wncy-kuriercl KurierCondLight-Regular "encwncy-kurier ReEncodeFont" <wncy-kurier.enc <kuriercl.pfb
wncy-kuriercr KurierCond-Regular "encwncy-kurier ReEncodeFont" <wncy-kurier.enc <kuriercr.pfb
wncy-kuriercm KurierCondMedium-Regular "encwncy-kurier ReEncodeFont" <wncy-kurier.enc <kuriercm.pfb
wncy-kuriercb KurierCond-Bold "encwncy-kurier ReEncodeFont" <wncy-kurier.enc <kuriercb.pfb
wncy-kurierch KurierCondHeavy-Regular "encwncy-kurier ReEncodeFont" <wncy-kurier.enc <kurierch.pfb
wncy-kuriercli KurierCondLight-Italic "encwncy-kurier ReEncodeFont" <wncy-kurier.enc <kuriercli.pfb
wncy-kuriercri KurierCond-Italic "encwncy-kurier ReEncodeFont" <wncy-kurier.enc <kuriercri.pfb
wncy-kuriercmi KurierCondMedium-Italic "encwncy-kurier ReEncodeFont" <wncy-kurier.enc <kuriercmi.pfb
wncy-kuriercbi KurierCond-BoldItalic "encwncy-kurier ReEncodeFont" <wncy-kurier.enc <kuriercbi.pfb
wncy-kurierchi KurierCondHeavy-Italic "encwncy-kurier ReEncodeFont" <wncy-kurier.enc <kurierchi.pfb
wncy-kurierch KurierCondHeavy-Regular "encwncy-kurier ReEncodeFont" <wncy-kurier.enc <kurierch.pfb
wncy-kurierchi KurierCondHeavy-Italic "encwncy-kurier ReEncodeFont" <wncy-kurier.enc <kurierchi.pfb
ex-kurierl KurierLight-Regular "encex-kurier ReEncodeFont" <ex-kurier.enc <kurierl.pfb
ex-kurierr Kurier-Regular "encex-kurier ReEncodeFont" <ex-kurier.enc <kurierr.pfb
ex-kurierm KurierMedium-Regular "encex-kurier ReEncodeFont" <ex-kurier.enc <kurierm.pfb
ex-kurierb Kurier-Bold "encex-kurier ReEncodeFont" <ex-kurier.enc <kurierb.pfb
ex-kurierh KurierHeavy-Regular "encex-kurier ReEncodeFont" <ex-kurier.enc <kurierh.pfb
ex-kuriercl KurierCondLight-Regular "encex-kurier ReEncodeFont" <ex-kurier.enc <kuriercl.pfb
ex-kuriercr KurierCond-Regular "encex-kurier ReEncodeFont" <ex-kurier.enc <kuriercr.pfb
ex-kuriercm KurierCondMedium-Regular "encex-kurier ReEncodeFont" <ex-kurier.enc <kuriercm.pfb
ex-kuriercb KurierCond-Bold "encex-kurier ReEncodeFont" <ex-kurier.enc <kuriercb.pfb
ex-kurierch KurierCondHeavy-Regular "encex-kurier ReEncodeFont" <ex-kurier.enc <kurierch.pfb
ex-kurierch KurierCondHeavy-Regular "encex-kurier ReEncodeFont" <ex-kurier.enc <kurierch.pfb
