Elfica32			TengwarElfica " TengwarEncoding ReEncodeFont" <tengwarscript.enc		<Elfica32.ttf
TengwarGothika050		TengwarGothika " TengwarEncoding ReEncodeFont" <tengwarscript.enc		<TengwarGothika050.ttf
Parmaite			TengwarParmaite " TengwarEncoding ReEncodeFont" <tengwarscript.enc		<Parmaite.ttf
Parmaite_alt			TengwarParmaiteAlt " TengwarAltEncoding ReEncodeFont" <tengwaralt.enc		<Parmaite_alt.ttf
TengwarFormal12			TengwarFormal12 " TengwarEncoding ReEncodeFont" <tengwarscript.enc		<TengwarFormal12.ttf
TengwarFormalA12		TengwarFormalA12 " TengwarAltEncoding ReEncodeFont" <tengwaralt.enc		<TengwarFormalA12.ttf
TengwarNoldor			TengwarNoldor " TengwarEncoding ReEncodeFont" <tengwarscript.enc		<TengwarNoldor.ttf
TengwarNoldorAlt		TengwarNoldorA " TengwarAltEncoding ReEncodeFont" <tengwaralt.enc		<TengwarNoldorAlt.ttf
TengwarNoldorCapitals1		TengwarNoldor1 " TengwarCapEncoding ReEncodeFont" <tengwarcap.enc		<TengwarNoldorCapitals1.ttf
TengwarNoldorCapitals2		TengwarNoldor2 " TengwarCapEncoding ReEncodeFont" <tengwarcap.enc		<TengwarNoldorCapitals2.ttf
TengwarQuenya			TengwarQuenya " TengwarEncoding ReEncodeFont" <tengwarscript.enc		<TengwarQuenya.ttf
TengwarQuenyaAlt		TengwarQuenyaA " TengwarAltEncoding ReEncodeFont" <tengwaralt.enc		<TengwarQuenyaAlt.ttf
TengwarQuenyaCapitals1		TengwarQuenya1 " TengwarCapEncoding ReEncodeFont" <tengwarcap.enc		<TengwarQuenyaCapitals1.ttf
TengwarQuenyaCapitals2		TengwarQuenya2 " TengwarCapEncoding ReEncodeFont" <tengwarcap.enc		<TengwarQuenyaCapitals2.ttf
TengwarSindarin			TengwarSindarin " TengwarEncoding ReEncodeFont" <tengwarscript.enc		<TengwarSindarin.ttf
TengwarSindarinAlt		TengwarSindarinA " TengwarAltEncoding ReEncodeFont" <tengwaralt.enc		<TengwarSindarinAlt.ttf
TengwarSindarinCapitals1	TengwarSindarin1 " TengwarCapEncoding ReEncodeFont" <tengwarcap.enc		<TengwarSindarinCapitals1.ttf
TengwarSindarinCapitals2	TengwarSindarin2 " TengwarCapEncoding ReEncodeFont" <tengwarcap.enc		<TengwarSindarinCapitals2.ttf
TengwarTelerin			Tengwar-Teleri " TengwarEncoding ReEncodeFont" <tengwarscript.enc		<TengwarTelerin.ttf
tngan				TengwarAnnatar " TengwarEncoding ReEncodeFont" <tengwarscript.enc		<tngan.ttf
tngana				TengwarAnnatarAlt " TengwarAltEncoding ReEncodeFont" <tengwaralt.enc		<tngana.ttf
tnganb				TengwarAnnatar-Bold " TengwarEncoding ReEncodeFont" <tengwarscript.enc		<tnganb.ttf
tnganab				TengwarAnnatarAlt-Bold " TengwarAltEncoding ReEncodeFont" <tengwaralt.enc	<tnganab.ttf
tngani				TengwarAnnatar-Italic " TengwarEncoding ReEncodeFont" <tengwarscript.enc	<tngani.ttf
tnganai				TengwarAnnatarAlt-Italic " TengwarAltEncoding ReEncodeFont" <tengwaralt.enc	<tnganai.ttf
tnganbi				TengwarAnnatar-BoldItalic " TengwarEncoding ReEncodeFont" <tengwarscript.enc	<tnganbi.ttf
tnganabi			TengwarAnnatarAlt-BoldItalic " TengwarAltEncoding ReEncodeFont" <tengwaralt.enc	<tnganabi.ttf
UnicodeParmaite			TengwarParmaite									<UnicodeParmaite.pfb
