
IM_FELL_English_Italic-tlf-ot1--lcdfj IM_FELL_English_ItalicLCDFJ "" <IM_FELL_English_ItalicLCDFJ.pfb
IM_FELL_English_Italic-tlf-ot1--base IM_FELL_English_Italic "AutoEnc_cycd4j45pve4iykzomd26xstmg ReEncodeFont" <[imfe_cycd4j.enc <IM_FELL_English_Italic.pfb
IM_FELL_English_Italic-tlf-t1--lcdfj IM_FELL_English_ItalicLCDFJ "" <IM_FELL_English_ItalicLCDFJ.pfb
IM_FELL_English_Italic-tlf-t1--base IM_FELL_English_Italic "AutoEnc_s6atnxhwwbbpjeu7t43zomd43a ReEncodeFont" <[imfe_s6atnx.enc <IM_FELL_English_Italic.pfb
IM_FELL_English_Italic-tlf-ly1--lcdfj IM_FELL_English_ItalicLCDFJ "" <IM_FELL_English_ItalicLCDFJ.pfb
IM_FELL_English_Italic-tlf-ly1--base IM_FELL_English_Italic "AutoEnc_wnjo6utidjvoe2jj2kndcttkcf ReEncodeFont" <[imfe_wnjo6u.enc <IM_FELL_English_Italic.pfb
IM_FELL_English_Italic-tlf-ts1--base IM_FELL_English_Italic "AutoEnc_5cupvvqaglhsy2r7rxial7tlpb ReEncodeFont" <[imfe_5cupvv.enc <IM_FELL_English_Italic.pfb
IM_FELL_English_Roman-tlf-ot1--lcdfj IM_FELL_English_RomanLCDFJ "" <IM_FELL_English_RomanLCDFJ.pfb
IM_FELL_English_Roman-tlf-ot1--base IM_FELL_English_Roman "AutoEnc_cycd4j45pve4iykzomd26xstmg ReEncodeFont" <[imfe_cycd4j.enc <IM_FELL_English_Roman.pfb
IM_FELL_English_Roman-tlf-t1--lcdfj IM_FELL_English_RomanLCDFJ "" <IM_FELL_English_RomanLCDFJ.pfb
IM_FELL_English_Roman-tlf-t1--base IM_FELL_English_Roman "AutoEnc_uut767mq3tfrny2ugmpt7gjpzd ReEncodeFont" <[imfe_uut767.enc <IM_FELL_English_Roman.pfb
IM_FELL_English_Roman-tlf-ly1--lcdfj IM_FELL_English_RomanLCDFJ "" <IM_FELL_English_RomanLCDFJ.pfb
IM_FELL_English_Roman-tlf-ly1--base IM_FELL_English_Roman "AutoEnc_wnjo6utidjvoe2jj2kndcttkcf ReEncodeFont" <[imfe_wnjo6u.enc <IM_FELL_English_Roman.pfb
IM_FELL_English_Roman-tlf-ts1--base IM_FELL_English_Roman "AutoEnc_5cupvvqaglhsy2r7rxial7tlpb ReEncodeFont" <[imfe_5cupvv.enc <IM_FELL_English_Roman.pfb

IM_FELL_English_SC-tlf-ot1--base IM_FELL_English_SC "AutoEnc_zxj6gtx5elbheuh3dzy3f7vqsf ReEncodeFont" <[imfe_zxj6gt.enc <IM_FELL_English_SC.pfb
IM_FELL_English_SC-tlf-t1--base IM_FELL_English_SC "AutoEnc_dc7pevn3b2icfqdxnjx6tjwlkb ReEncodeFont" <[imfe_dc7pev.enc <IM_FELL_English_SC.pfb
IM_FELL_English_SC-tlf-ly1--base IM_FELL_English_SC "AutoEnc_qauovj2357k4xzm7yrkoglhvvc ReEncodeFont" <[imfe_qauovj.enc <IM_FELL_English_SC.pfb
IM_FELL_English_SC-tlf-ts1--base IM_FELL_English_SC "AutoEnc_fhc46fezwkkkfjketv5x4lfbaf ReEncodeFont" <[imfe_fhc46f.enc <IM_FELL_English_SC.pfb
