ec-lmb10 LMRoman10-Demi "enclmecos ReEncodeFont" <lm-ec-os.enc <lmb10.pfb
ec-lmbo10 LMRoman10-DemiOblique "enclmecos ReEncodeFont" <lm-ec-os.enc <lmbo10.pfb
ec-lmbx10 LMRoman10-Bold "enclmecos ReEncodeFont" <lm-ec-os.enc <lmbx10.pfb
ec-lmbx12 LMRoman12-Bold "enclmecos ReEncodeFont" <lm-ec-os.enc <lmbx12.pfb
ec-lmbx5 LMRoman5-Bold "enclmecos ReEncodeFont" <lm-ec-os.enc <lmbx5.pfb
ec-lmbx6 LMRoman6-Bold "enclmecos ReEncodeFont" <lm-ec-os.enc <lmbx6.pfb
ec-lmbx7 LMRoman7-Bold "enclmecos ReEncodeFont" <lm-ec-os.enc <lmbx7.pfb
ec-lmbx8 LMRoman8-Bold "enclmecos ReEncodeFont" <lm-ec-os.enc <lmbx8.pfb
ec-lmbx9 LMRoman9-Bold "enclmecos ReEncodeFont" <lm-ec-os.enc <lmbx9.pfb
ec-lmbxi10 LMRoman10-BoldItalic "enclmecos ReEncodeFont" <lm-ec-os.enc <lmbxi10.pfb
ec-lmbxo10 LMRoman10-BoldOblique "enclmecos ReEncodeFont" <lm-ec-os.enc <lmbxo10.pfb
ec-lmcsc10 LMRoman10-CapsRegular "enclmecos ReEncodeFont" <lm-ec-os.enc <lmcsc10.pfb
ec-lmcsco10 LMRoman10-CapsOblique "enclmecos ReEncodeFont" <lm-ec-os.enc <lmcsco10.pfb
ec-lmr10 LMRoman10-Regular "enclmecos ReEncodeFont" <lm-ec-os.enc <lmr10.pfb
ec-lmr12 LMRoman12-Regular "enclmecos ReEncodeFont" <lm-ec-os.enc <lmr12.pfb
ec-lmr17 LMRoman17-Regular "enclmecos ReEncodeFont" <lm-ec-os.enc <lmr17.pfb
ec-lmr5 LMRoman5-Regular "enclmecos ReEncodeFont" <lm-ec-os.enc <lmr5.pfb
ec-lmr6 LMRoman6-Regular "enclmecos ReEncodeFont" <lm-ec-os.enc <lmr6.pfb
ec-lmr7 LMRoman7-Regular "enclmecos ReEncodeFont" <lm-ec-os.enc <lmr7.pfb
ec-lmr8 LMRoman8-Regular "enclmecos ReEncodeFont" <lm-ec-os.enc <lmr8.pfb
ec-lmr9 LMRoman9-Regular "enclmecos ReEncodeFont" <lm-ec-os.enc <lmr9.pfb
ec-lmri10 LMRoman10-Italic "enclmecos ReEncodeFont" <lm-ec-os.enc <lmri10.pfb
ec-lmri12 LMRoman12-Italic "enclmecos ReEncodeFont" <lm-ec-os.enc <lmri12.pfb
ec-lmri7 LMRoman7-Italic "enclmecos ReEncodeFont" <lm-ec-os.enc <lmri7.pfb
ec-lmri8 LMRoman8-Italic "enclmecos ReEncodeFont" <lm-ec-os.enc <lmri8.pfb
ec-lmri9 LMRoman9-Italic "enclmecos ReEncodeFont" <lm-ec-os.enc <lmri9.pfb
ec-lmro10 LMRoman10-Oblique "enclmecos ReEncodeFont" <lm-ec-os.enc <lmro10.pfb
ec-lmro12 LMRoman12-Oblique "enclmecos ReEncodeFont" <lm-ec-os.enc <lmro12.pfb
ec-lmro17 LMRoman17-Oblique "enclmecos ReEncodeFont" <lm-ec-os.enc <lmro17.pfb
ec-lmro8 LMRoman8-Oblique "enclmecos ReEncodeFont" <lm-ec-os.enc <lmro8.pfb
ec-lmro9 LMRoman9-Oblique "enclmecos ReEncodeFont" <lm-ec-os.enc <lmro9.pfb
ec-lmss10 LMSans10-Regular "enclmecos ReEncodeFont" <lm-ec-os.enc <lmss10.pfb
ec-lmss12 LMSans12-Regular "enclmecos ReEncodeFont" <lm-ec-os.enc <lmss12.pfb
ec-lmss17 LMSans17-Regular "enclmecos ReEncodeFont" <lm-ec-os.enc <lmss17.pfb
ec-lmss8 LMSans8-Regular "enclmecos ReEncodeFont" <lm-ec-os.enc <lmss8.pfb
ec-lmss9 LMSans9-Regular "enclmecos ReEncodeFont" <lm-ec-os.enc <lmss9.pfb
ec-lmssbo10 LMSans10-BoldOblique "enclmecos ReEncodeFont" <lm-ec-os.enc <lmssbo10.pfb
ec-lmssbx10 LMSans10-Bold "enclmecos ReEncodeFont" <lm-ec-os.enc <lmssbx10.pfb
ec-lmssdc10 LMSans10-DemiCondensed "enclmecos ReEncodeFont" <lm-ec-os.enc <lmssdc10.pfb
ec-lmssdo10 LMSans10-DemiCondensedOblique "enclmecos ReEncodeFont" <lm-ec-os.enc <lmssdo10.pfb
ec-lmsso10 LMSans10-Oblique "enclmecos ReEncodeFont" <lm-ec-os.enc <lmsso10.pfb
ec-lmsso12 LMSans12-Oblique "enclmecos ReEncodeFont" <lm-ec-os.enc <lmsso12.pfb
ec-lmsso17 LMSans17-Oblique "enclmecos ReEncodeFont" <lm-ec-os.enc <lmsso17.pfb
ec-lmsso8 LMSans8-Oblique "enclmecos ReEncodeFont" <lm-ec-os.enc <lmsso8.pfb
ec-lmsso9 LMSans9-Oblique "enclmecos ReEncodeFont" <lm-ec-os.enc <lmsso9.pfb
ec-lmssq8 LMSansQuotation8-Regular "enclmecos ReEncodeFont" <lm-ec-os.enc <lmssq8.pfb
ec-lmssqbo8 LMSansQuotation8-BoldOblique "enclmecos ReEncodeFont" <lm-ec-os.enc <lmssqbo8.pfb
ec-lmssqbx8 LMSansQuotation8-Bold "enclmecos ReEncodeFont" <lm-ec-os.enc <lmssqbx8.pfb
ec-lmssqo8 LMSansQuotation8-Oblique "enclmecos ReEncodeFont" <lm-ec-os.enc <lmssqo8.pfb
ec-lmtcsc10 LMTypewriter10-CapsRegular "enclmecos ReEncodeFont" <lm-ec-os.enc <lmtcsc10.pfb
ec-lmtcso10 LMTypewriter10-CapsOblique "enclmecos ReEncodeFont" <lm-ec-os.enc <lmtcso10.pfb
ec-lmtl10 LMTypewriter10-Light "enclmecos ReEncodeFont" <lm-ec-os.enc <lmtl10.pfb
ec-lmtlo10 LMTypewriter10-LightOblique "enclmecos ReEncodeFont" <lm-ec-os.enc <lmtlo10.pfb
ec-lmtlc10 LMTypewriter10-LightCondensed "enclmecos ReEncodeFont" <lm-ec-os.enc <lmtlc10.pfb
ec-lmtlco10 LMTypewriter10-LightCondensedOblique "enclmecos ReEncodeFont" <lm-ec-os.enc <lmtlco10.pfb
ec-lmtk10 LMTypewriter10-Dark "enclmecos ReEncodeFont" <lm-ec-os.enc <lmtk10.pfb
ec-lmtko10 LMTypewriter10-DarkOblique "enclmecos ReEncodeFont" <lm-ec-os.enc <lmtko10.pfb
ec-lmtt10 LMTypewriter10-Regular "enclmecos ReEncodeFont" <lm-ec-os.enc <lmtt10.pfb
ec-lmtt12 LMTypewriter12-Regular "enclmecos ReEncodeFont" <lm-ec-os.enc <lmtt12.pfb
ec-lmtt8 LMTypewriter8-Regular "enclmecos ReEncodeFont" <lm-ec-os.enc <lmtt8.pfb
ec-lmtt9 LMTypewriter9-Regular "enclmecos ReEncodeFont" <lm-ec-os.enc <lmtt9.pfb
ec-lmtti10 LMTypewriter10-Italic "enclmecos ReEncodeFont" <lm-ec-os.enc <lmtti10.pfb
ec-lmtto10 LMTypewriter10-Oblique "enclmecos ReEncodeFont" <lm-ec-os.enc <lmtto10.pfb
ec-lmvtt10 LMTypewriterVarWd10-Regular "enclmecos ReEncodeFont" <lm-ec-os.enc <lmvtt10.pfb
ec-lmvtto10 LMTypewriterVarWd10-Oblique "enclmecos ReEncodeFont" <lm-ec-os.enc <lmvtto10.pfb
ec-lmvtl10 LMTypewriterVarWd10-Light "enclmecos ReEncodeFont" <lm-ec-os.enc <lmvtl10.pfb
ec-lmvtlo10 LMTypewriterVarWd10-LightOblique "enclmecos ReEncodeFont" <lm-ec-os.enc <lmvtlo10.pfb
ec-lmvtk10 LMTypewriterVarWd10-Dark "enclmecos ReEncodeFont" <lm-ec-os.enc <lmvtk10.pfb
ec-lmvtko10 LMTypewriterVarWd10-DarkOblique "enclmecos ReEncodeFont" <lm-ec-os.enc <lmvtko10.pfb
