lasy5      LASY5      <lasy5.pfb
lasy6      LASY6      <lasy6.pfb
lasy7      LASY7      <lasy7.pfb
lasy8      LASY8      <lasy8.pfb
lasy9      LASY9      <lasy9.pfb
lasy10     LASY10     <lasy10.pfb

lasyb10    LASYB10    <lasyb10.pfb
lcircle10  LCIRCLE10  <lcircle1.pfb
lcirclew10 LCIRCLEW10 <lcirclew.pfb
lcmss8     LCMSS8     <lcmss8.pfb
lcmssb8    LCMSSB8    <lcmssb8.pfb
lcmssi8    LCMSSI8    <lcmssi8.pfb
line10     LINE10     <line10.pfb
linew10    LINEW10    <linew10.pfb

logo8      LOGO8      <logo8.pfb
logo9      LOGO9      <logo9.pfb
logo10     LOGO10     <logo10.pfb
logobf10   LOGOBF10   <logobf10.pfb
logosl10   LOGOSL10   <logosl10.pfb

msam5      MSAM5      <msam5.pfb
msam7      MSAM7      <msam7.pfb
msam10     MSAM10     <msam10.pfb
msbm5      MSBM5      <msbm5.pfb
msbm7      MSBM7      <msbm7.pfb
msbm10     MSBM10     <msbm10.pfb

wncyb10    WNCYB10    <wncyb10.pfb
wncyi10    WNCYI10    <wncyi10.pfb
wncyr10    WNCYR10    <wncyr10.pfb
wncysc10   WNCYSC10   <wncysc10.pfb
wncyss10   WNCYSS10   <wncyss10.pfb

manfnt     MANFNT     <manfnt.pfb

% i dunno what this is

icmex10    <icmex10.pfb
icmmi8     <icmmi8.pfb
icmsy8     <icmsy8.pfb
icmtt8     <icmtt8.pfb
ilasy8     <ilasy8.pfb
ilcmss8    <ilcmss8.pfb
ilcmssb8   <ilcmssb8.pfb
ilcmssi8   <ilcmssi8.pfb
