qx-lmb10 LMRoman10-Demi "enclmqxos ReEncodeFont" <lm-qx-os.enc <lmb10.pfb
qx-lmbo10 LMRoman10-DemiOblique "enclmqxos ReEncodeFont" <lm-qx-os.enc <lmbo10.pfb
qx-lmbx10 LMRoman10-Bold "enclmqxos ReEncodeFont" <lm-qx-os.enc <lmbx10.pfb
qx-lmbx12 LMRoman12-Bold "enclmqxos ReEncodeFont" <lm-qx-os.enc <lmbx12.pfb
qx-lmbx5 LMRoman5-Bold "enclmqxos ReEncodeFont" <lm-qx-os.enc <lmbx5.pfb
qx-lmbx6 LMRoman6-Bold "enclmqxos ReEncodeFont" <lm-qx-os.enc <lmbx6.pfb
qx-lmbx7 LMRoman7-Bold "enclmqxos ReEncodeFont" <lm-qx-os.enc <lmbx7.pfb
qx-lmbx8 LMRoman8-Bold "enclmqxos ReEncodeFont" <lm-qx-os.enc <lmbx8.pfb
qx-lmbx9 LMRoman9-Bold "enclmqxos ReEncodeFont" <lm-qx-os.enc <lmbx9.pfb
qx-lmbxi10 LMRoman10-BoldItalic "enclmqxos ReEncodeFont" <lm-qx-os.enc <lmbxi10.pfb
qx-lmbxo10 LMRoman10-BoldOblique "enclmqxos ReEncodeFont" <lm-qx-os.enc <lmbxo10.pfb
qx-lmcsc10 LMRoman10-CapsRegular "enclmqxos ReEncodeFont" <lm-qx-os.enc <lmcsc10.pfb
qx-lmcsco10 LMRoman10-CapsOblique "enclmqxos ReEncodeFont" <lm-qx-os.enc <lmcsco10.pfb
qx-lmr10 LMRoman10-Regular "enclmqxos ReEncodeFont" <lm-qx-os.enc <lmr10.pfb
qx-lmr12 LMRoman12-Regular "enclmqxos ReEncodeFont" <lm-qx-os.enc <lmr12.pfb
qx-lmr17 LMRoman17-Regular "enclmqxos ReEncodeFont" <lm-qx-os.enc <lmr17.pfb
qx-lmr5 LMRoman5-Regular "enclmqxos ReEncodeFont" <lm-qx-os.enc <lmr5.pfb
qx-lmr6 LMRoman6-Regular "enclmqxos ReEncodeFont" <lm-qx-os.enc <lmr6.pfb
qx-lmr7 LMRoman7-Regular "enclmqxos ReEncodeFont" <lm-qx-os.enc <lmr7.pfb
qx-lmr8 LMRoman8-Regular "enclmqxos ReEncodeFont" <lm-qx-os.enc <lmr8.pfb
qx-lmr9 LMRoman9-Regular "enclmqxos ReEncodeFont" <lm-qx-os.enc <lmr9.pfb
qx-lmri10 LMRoman10-Italic "enclmqxos ReEncodeFont" <lm-qx-os.enc <lmri10.pfb
qx-lmri12 LMRoman12-Italic "enclmqxos ReEncodeFont" <lm-qx-os.enc <lmri12.pfb
qx-lmri7 LMRoman7-Italic "enclmqxos ReEncodeFont" <lm-qx-os.enc <lmri7.pfb
qx-lmri8 LMRoman8-Italic "enclmqxos ReEncodeFont" <lm-qx-os.enc <lmri8.pfb
qx-lmri9 LMRoman9-Italic "enclmqxos ReEncodeFont" <lm-qx-os.enc <lmri9.pfb
qx-lmro10 LMRoman10-Oblique "enclmqxos ReEncodeFont" <lm-qx-os.enc <lmro10.pfb
qx-lmro12 LMRoman12-Oblique "enclmqxos ReEncodeFont" <lm-qx-os.enc <lmro12.pfb
qx-lmro17 LMRoman17-Oblique "enclmqxos ReEncodeFont" <lm-qx-os.enc <lmro17.pfb
qx-lmro8 LMRoman8-Oblique "enclmqxos ReEncodeFont" <lm-qx-os.enc <lmro8.pfb
qx-lmro9 LMRoman9-Oblique "enclmqxos ReEncodeFont" <lm-qx-os.enc <lmro9.pfb
qx-lmss10 LMSans10-Regular "enclmqxos ReEncodeFont" <lm-qx-os.enc <lmss10.pfb
qx-lmss12 LMSans12-Regular "enclmqxos ReEncodeFont" <lm-qx-os.enc <lmss12.pfb
qx-lmss17 LMSans17-Regular "enclmqxos ReEncodeFont" <lm-qx-os.enc <lmss17.pfb
qx-lmss8 LMSans8-Regular "enclmqxos ReEncodeFont" <lm-qx-os.enc <lmss8.pfb
qx-lmss9 LMSans9-Regular "enclmqxos ReEncodeFont" <lm-qx-os.enc <lmss9.pfb
qx-lmssbo10 LMSans10-BoldOblique "enclmqxos ReEncodeFont" <lm-qx-os.enc <lmssbo10.pfb
qx-lmssbx10 LMSans10-Bold "enclmqxos ReEncodeFont" <lm-qx-os.enc <lmssbx10.pfb
qx-lmssdc10 LMSans10-DemiCondensed "enclmqxos ReEncodeFont" <lm-qx-os.enc <lmssdc10.pfb
qx-lmssdo10 LMSans10-DemiCondensedOblique "enclmqxos ReEncodeFont" <lm-qx-os.enc <lmssdo10.pfb
qx-lmsso10 LMSans10-Oblique "enclmqxos ReEncodeFont" <lm-qx-os.enc <lmsso10.pfb
qx-lmsso12 LMSans12-Oblique "enclmqxos ReEncodeFont" <lm-qx-os.enc <lmsso12.pfb
qx-lmsso17 LMSans17-Oblique "enclmqxos ReEncodeFont" <lm-qx-os.enc <lmsso17.pfb
qx-lmsso8 LMSans8-Oblique "enclmqxos ReEncodeFont" <lm-qx-os.enc <lmsso8.pfb
qx-lmsso9 LMSans9-Oblique "enclmqxos ReEncodeFont" <lm-qx-os.enc <lmsso9.pfb
qx-lmssq8 LMSansQuotation8-Regular "enclmqxos ReEncodeFont" <lm-qx-os.enc <lmssq8.pfb
qx-lmssqbo8 LMSansQuotation8-BoldOblique "enclmqxos ReEncodeFont" <lm-qx-os.enc <lmssqbo8.pfb
qx-lmssqbx8 LMSansQuotation8-Bold "enclmqxos ReEncodeFont" <lm-qx-os.enc <lmssqbx8.pfb
qx-lmssqo8 LMSansQuotation8-Oblique "enclmqxos ReEncodeFont" <lm-qx-os.enc <lmssqo8.pfb
qx-lmtcsc10 LMTypewriter10-CapsRegular "enclmqxostt ReEncodeFont" <lm-qxtt.enc <lmtcsc10.pfb
qx-lmtcso10 LMTypewriter10-CapsOblique "enclmqxostt ReEncodeFont" <lm-qxtt.enc <lmtcso10.pfb
qx-lmtl10 LMTypewriter10-Light "enclmqxostt ReEncodeFont" <lm-qxtt.enc <lmtl10.pfb
qx-lmtlo10 LMTypewriter10-LightOblique "enclmqxostt ReEncodeFont" <lm-qxtt.enc <lmtlo10.pfb
qx-lmtlc10 LMTypewriter10-LightCondensed "enclmqxostt ReEncodeFont" <lm-qxtt.enc <lmtlc10.pfb
qx-lmtlco10 LMTypewriter10-LightCondensedOblique "enclmqxostt ReEncodeFont" <lm-qxtt.enc <lmtlco10.pfb
qx-lmtk10 LMTypewriter10-Dark "enclmqxostt ReEncodeFont" <lm-qxtt.enc <lmtk10.pfb
qx-lmtko10 LMTypewriter10-DarkOblique "enclmqxostt ReEncodeFont" <lm-qxtt.enc <lmtko10.pfb
qx-lmtt10 LMTypewriter10-Regular "enclmqxostt ReEncodeFont" <lm-qxtt.enc <lmtt10.pfb
qx-lmtt12 LMTypewriter12-Regular "enclmqxostt ReEncodeFont" <lm-qxtt.enc <lmtt12.pfb
qx-lmtt8 LMTypewriter8-Regular "enclmqxostt ReEncodeFont" <lm-qxtt.enc <lmtt8.pfb
qx-lmtt9 LMTypewriter9-Regular "enclmqxostt ReEncodeFont" <lm-qxtt.enc <lmtt9.pfb
qx-lmtti10 LMTypewriter10-Italic "enclmqxostt ReEncodeFont" <lm-qxtt.enc <lmtti10.pfb
qx-lmtto10 LMTypewriter10-Oblique "enclmqxostt ReEncodeFont" <lm-qxtt.enc <lmtto10.pfb
qx-lmvtt10 LMTypewriterVarWd10-Regular "enclmqxos ReEncodeFont" <lm-qx-os.enc <lmvtt10.pfb
qx-lmvtto10 LMTypewriterVarWd10-Oblique "enclmqxos ReEncodeFont" <lm-qx-os.enc <lmvtto10.pfb
qx-lmvtl10 LMTypewriterVarWd10-Light "enclmqxos ReEncodeFont" <lm-qx-os.enc <lmvtl10.pfb
qx-lmvtlo10 LMTypewriterVarWd10-LightOblique "enclmqxos ReEncodeFont" <lm-qx-os.enc <lmvtlo10.pfb
qx-lmvtk10 LMTypewriterVarWd10-Dark "enclmqxos ReEncodeFont" <lm-qx-os.enc <lmvtk10.pfb
qx-lmvtko10 LMTypewriterVarWd10-DarkOblique "enclmqxos ReEncodeFont" <lm-qx-os.enc <lmvtko10.pfb
